Archive member included to satisfy reference by file (symbol)

C:/devkitPro/libogc/lib/wii\libwiiuse.a(wpad.o)
                              main.o (WPAD_Init)
C:/devkitPro/libogc/lib/wii\libwiiuse.a(motion_plus.o)
                              C:/devkitPro/libogc/lib/wii\libwiiuse.a(wpad.o) (wiiuse_set_motion_plus)
C:/devkitPro/libogc/lib/wii\libwiiuse.a(dynamics.o)
                              C:/devkitPro/libogc/lib/wii\libwiiuse.a(wpad.o) (calculate_gforce)
C:/devkitPro/libogc/lib/wii\libwiiuse.a(io.o)
                              C:/devkitPro/libogc/lib/wii\libwiiuse.a(motion_plus.o) (wiiuse_disable_expansion)
C:/devkitPro/libogc/lib/wii\libwiiuse.a(io_wii.o)
                              C:/devkitPro/libogc/lib/wii\libwiiuse.a(wpad.o) (__wiiuse_sensorbar_enable)
C:/devkitPro/libogc/lib/wii\libwiiuse.a(ir.o)
                              C:/devkitPro/libogc/lib/wii\libwiiuse.a(motion_plus.o) (wiiuse_set_ir_mode)
C:/devkitPro/libogc/lib/wii\libwiiuse.a(nunchuk.o)
                              C:/devkitPro/libogc/lib/wii\libwiiuse.a(io.o) (nunchuk_handshake)
C:/devkitPro/libogc/lib/wii\libwiiuse.a(wiiboard.o)
                              C:/devkitPro/libogc/lib/wii\libwiiuse.a(io.o) (wii_board_handshake)
C:/devkitPro/libogc/lib/wii\libwiiuse.a(wiiuse.o)
                              C:/devkitPro/libogc/lib/wii\libwiiuse.a(wpad.o) (wiiuse_init)
C:/devkitPro/libogc/lib/wii\libwiiuse.a(speaker.o)
                              C:/devkitPro/libogc/lib/wii\libwiiuse.a(wpad.o) (wencdata)
C:/devkitPro/libogc/lib/wii\libwiiuse.a(classic.o)
                              C:/devkitPro/libogc/lib/wii\libwiiuse.a(io.o) (classic_ctrl_handshake)
C:/devkitPro/libogc/lib/wii\libwiiuse.a(events.o)
                              C:/devkitPro/libogc/lib/wii\libwiiuse.a(io_wii.o) (parse_event)
C:/devkitPro/libogc/lib/wii\libwiiuse.a(guitar_hero_3.o)
                              C:/devkitPro/libogc/lib/wii\libwiiuse.a(io.o) (guitar_hero_3_handshake)
C:/devkitPro/libogc/lib/wii\libbte.a(bte.o)
                              C:/devkitPro/libogc/lib/wii\libwiiuse.a(wpad.o) (BTE_Init)
C:/devkitPro/libogc/lib/wii\libbte.a(hci.o)
                              C:/devkitPro/libogc/lib/wii\libbte.a(bte.o) (hci_init)
C:/devkitPro/libogc/lib/wii\libbte.a(l2cap.o)
                              C:/devkitPro/libogc/lib/wii\libbte.a(bte.o) (l2cap_init)
C:/devkitPro/libogc/lib/wii\libbte.a(btmemb.o)
                              C:/devkitPro/libogc/lib/wii\libbte.a(bte.o) (btmemb_init)
C:/devkitPro/libogc/lib/wii\libbte.a(btmemr.o)
                              C:/devkitPro/libogc/lib/wii\libbte.a(hci.o) (btmemr_init)
C:/devkitPro/libogc/lib/wii\libbte.a(btpbuf.o)
                              C:/devkitPro/libogc/lib/wii\libbte.a(hci.o) (btpbuf_init)
C:/devkitPro/libogc/lib/wii\libbte.a(physbusif.o)
                              C:/devkitPro/libogc/lib/wii\libbte.a(bte.o) (physbusif_init)
C:/devkitPro/libogc/lib/wii\libogc.a(console.o)
                              main.o (CON_Init)
C:/devkitPro/libogc/lib/wii\libogc.a(lwp_queue.o)
                              C:/devkitPro/libogc/lib/wii\libwiiuse.a(io_wii.o) (__lwp_queue_initialize)
C:/devkitPro/libogc/lib/wii\libogc.a(lwp_threads.o)
                              C:/devkitPro/libogc/lib/wii\libwiiuse.a(wpad.o) (_thread_dispatch_disable_level)
C:/devkitPro/libogc/lib/wii\libogc.a(lwp.o)
                              C:/devkitPro/libogc/lib/wii\libbte.a(bte.o) (LWP_InitQueue)
C:/devkitPro/libogc/lib/wii\libogc.a(lwp_handler.o)
                              C:/devkitPro/libogc/lib/wii\libogc.a(lwp_threads.o) (_cpu_context_save_fp)
C:/devkitPro/libogc/lib/wii\libogc.a(lwp_stack.o)
                              C:/devkitPro/libogc/lib/wii\libogc.a(lwp_threads.o) (__lwp_stack_allocate)
C:/devkitPro/libogc/lib/wii\libogc.a(lwp_watchdog.o)
                              C:/devkitPro/libogc/lib/wii\libogc.a(lwp_threads.o) (_wd_ticks_queue)
C:/devkitPro/libogc/lib/wii\libogc.a(lwp_wkspace.o)
                              C:/devkitPro/libogc/lib/wii\libwiiuse.a(motion_plus.o) (__wkspace_heap)
C:/devkitPro/libogc/lib/wii\libogc.a(lwp_objmgr.o)
                              C:/devkitPro/libogc/lib/wii\libogc.a(lwp.o) (__lwp_objmgr_initinfo)
C:/devkitPro/libogc/lib/wii\libogc.a(lwp_heap.o)
                              C:/devkitPro/libogc/lib/wii\libogc.a(lwp_wkspace.o) (__lwp_heap_init)
C:/devkitPro/libogc/lib/wii\libogc.a(sys_state.o)
                              C:/devkitPro/libogc/lib/wii\libogc.a(lwp_threads.o) (_sys_state_curr)
C:/devkitPro/libogc/lib/wii\libogc.a(irq.o)
                              C:/devkitPro/libogc/lib/wii\libwiiuse.a(io_wii.o) (IRQ_Disable)
C:/devkitPro/libogc/lib/wii\libogc.a(video.o)
                              C:/devkitPro/libogc/lib/wii\libogc.a(console.o) (VIDEO_GetCurrentFramebuffer)
C:/devkitPro/libogc/lib/wii\libogc.a(system.o)
[...]
Memory Configuration

Name             Origin             Length             Attributes
*default*        0x00000000         0xffffffff

Linker script and memory map

                0x00003400                        . = 0x3400

.stub
 *(.stub)
                0x80004000                        . = 0x80004000

.init           0x80004000      0x194
 *crt0.o(*.init)
 .init          0x80004000      0x170 C:/devkitPro/libogc/lib/wii\libogc.a(ogc_crt0.o)
                0x80004000                _start
                0x80004140                _memset
 *(.init)
 .init          0x80004170        0xc C:/devkitPro/devkitPPC/bin/../lib/gcc/powerpc-eabi/13.2.0/ecrti.o
                0x80004170                __init
 .init          0x8000417c        0x4 C:/devkitPro/devkitPPC/bin/../lib/gcc/powerpc-eabi/13.2.0/crtbegin.o
 .init          0x80004180        0x4 C:/devkitPro/devkitPPC/bin/../lib/gcc/powerpc-eabi/13.2.0/crtend.o
 .init          0x80004184       0x10 C:/devkitPro/devkitPPC/bin/../lib/gcc/powerpc-eabi/13.2.0/ecrtn.o

.rela.dyn       0x80004194        0x0
 .rela.iplt     0x80004194        0x0 C:/devkitPro/devkitPPC/bin/../lib/gcc/powerpc-eabi/13.2.0/crtbegin.o

.plt
 *(.plt)

.interp
 *(.interp)

.hash
 *(.hash)

.dynsym
 *(.dynsym)

.dynstr
 *(.dynstr)

.gnu.version
 *(.gnu.version)

.gnu.version_d
 *(.gnu.version_d)

.gnu.version_r
 *(.gnu.version_r)

.rel.init
 *(.rel.init)

.rela.init
 *(.rela.init)

.rel.text
 *(.rel.text .rel.text.* .rel.gnu.linkonce.t.*)

.rela.text      0x80004194        0x0
 *(.rela.text .rela.text.* .rela.gnu.linkonce.t.*)
 .rela.text.__do_global_dtors_aux
                0x80004194        0x0 C:/devkitPro/devkitPPC/bin/../lib/gcc/powerpc-eabi/13.2.0/crtbegin.o
 .rela.text.frame_dummy
                0x80004194        0x0 C:/devkitPro/devkitPPC/bin/../lib/gcc/powerpc-eabi/13.2.0/crtbegin.o

.rel.fini
 *(.rel.fini)

.rela.fini
 *(.rela.fini)

.rel.rodata
 *(.rel.rodata .rel.rodata.* .rel.gnu.linkonce.r.*)

.rela.rodata
 *(.rela.rodata .rela.rodata.* .rela.gnu.linkonce.r.*)

.rel.data
 *(.rel.data .rel.data.* .rel.gnu.linkonce.d.*)

.rela.data
 *(.rela.data .rela.data.* .rela.gnu.linkonce.d.*)

.rel.tdata
 *(.rel.tdata .rel.tdata.* .rel.gnu.linkonce.td.*)

.rela.tdata
 *(.rela.tdata .rela.tdata.* .rela.gnu.linkonce.td.*)

.rel.tbss
 *(.rel.tbss .rel.tbss.* .rel.gnu.linkonce.tb.*)

.rela.tbss
 *(.rela.tbss .rela.tbss.* .rela.gnu.linkonce.tb.*)

.rel.ctors
 *(.rel.ctors)

.rela.ctors
 *(.rela.ctors)

.rel.dtors
 *(.rel.dtors)

.rela.dtors
 *(.rela.dtors)

.rel.got
 *(.rel.got)

.rela.got
 *(.rela.got)

.rela.got1
 *(.rela.got1)

.rela.got2
 *(.rela.got2)

.rel.sdata
 *(.rel.sdata .rel.sdata.* .rel.gnu.linkonce.s.*)

.rela.sdata
 *(.rela.sdata .rela.sdata.* .rela.gnu.linkonce.s.*)

.rel.sbss
 *(.rel.sbss .rel.sbss.* .rel.gnu.linkonce.sb.*)

.rela.sbss
 *(.rela.sbss .rela.sbss.* .rel.gnu.linkonce.sb.*)

.rel.sdata2
 *(.rel.sdata2 .rel.sdata2.* .rel.gnu.linkonce.s2.*)

.rela.sdata2
 *(.rela.sdata2 .rela.sdata2.* .rela.gnu.linkonce.s2.*)

.rel.sbss2
 *(.rel.sbss2 .rel.sbss2.* .rel.gnu.linkonce.sb2.*)

.rela.sbss2
 *(.rela.sbss2 .rela.sbss2.* .rela.gnu.linkonce.sb2.*)

.rel.bss
 *(.rel.bss .rel.bss.* .rel.gnu.linkonce.b.*)

.rela.bss
 *(.rela.bss .rela.bss.* .rela.gnu.linkonce.b.*)

.rel.plt
 *(.rel.plt)

.rela.plt
 *(.rela.plt)

.text           0x800041a0    0x395e0
 *(.text)
 .text          0x800041a0      0x44c C:/devkitPro/libogc/lib/wii\libogc.a(lwp_handler.o)
                0x800041a0                _cpu_context_save_fp
                0x800042e0                _cpu_context_restore_fp
                0x80004420                _cpu_context_switch
                0x80004500                _cpu_context_save
                0x80004580                _cpu_context_restore
 .text          0x800045ec      0x4a0 C:/devkitPro/libogc/lib/wii\libogc.a(system_asm.o)
                0x800045ec                __realmode
                0x80004604                __configBATS
                0x80004734                __InitFPRS
                0x80004860                __InitPS
                0x800048bc                __InitCache
                0x80004914                __InitSystem
                0x8000499c                __flush_cache
                0x800049d0                __reset
                0x80004a40                __InitBATS
                0x80004a5c                SYS_SwitchFiber
 .text          0x80004a8c      0x1ac C:/devkitPro/libogc/lib/wii\libogc.a(irq_handler.o)
                0x80004a8c                irq_exceptionhandler
 .text          0x80004c38      0x4f4 C:/devkitPro/libogc/lib/wii\libogc.a(cache_asm.o)
                0x80004c38                DCFlashInvalidate
                0x80004c4c                DCEnable
                0x80004c60                DCDisable
                0x80004c74                DCFreeze
                0x80004c88                DCUnfreeze
                0x80004c9c                DCTouchLoad
                0x80004ca4                DCBlockZero
                0x80004cac                DCBlockStore
                0x80004cb4                DCBlockFlush
                0x80004cbc                DCBlockInvalidate
                0x80004cc4                DCInvalidateRange
                0x80004cf4                DCFlushRange
                0x80004d28                DCStoreRange
                0x80004d5c                DCFlushRangeNoSync
                0x80004d8c                DCStoreRangeNoSync
                0x80004dbc                DCZeroRange
                0x80004dec                DCTouchRange
                0x80004e1c                ICInvalidateRange
                0x80004e54                ICFlashInvalidate
                0x80004e68                ICEnable
                0x80004e7c                ICDisable
                0x80004e90                ICFreeze
                0x80004ea4                ICUnfreeze
                0x80004eb8                ICBlockInvalidate
                0x80004ec0                ICSync
                0x80004ec8                L2Init
                0x80004f10                L2Enable
                0x80004f2c                L2Disable
                0x80004f44                L2GlobalInvalidate
                0x80004f9c                __LCEnable
                0x80005068                LCDisable
                0x80005090                LCAllocOneTag
                0x800050a4                LCAllocTags
                0x800050e4                LCLoadBlocks
                0x80005108                LCStoreBlocks
 .text          0x8000512c      0x1ac C:/devkitPro/libogc/lib/wii\libogc.a(decrementer_handler.o)
                0x8000512c                dec_exceptionhandler
 .text          0x800052d8      0x35c C:/devkitPro/libogc/lib/wii\libogc.a(exception_handler.o)
                0x800052d8                exceptionhandler_start
                0x80005354                exceptionhandler_patch
                0x80005388                exceptionhandler_end
                0x8000538c                default_exceptionhandler
                0x800054bc                fpu_exceptionhandler
                0x80005604                systemcallhandler_start
                0x80005630                systemcallhandler_end
 .text          0x80005634       0x48 C:/devkitPro/devkitPPC/bin/../lib/gcc/powerpc-eabi/13.2.0\libgcc.a(eabi.o)
                0x80005634                __eabi
 .text          0x8000567c       0x58 C:/devkitPro/devkitPPC/bin/../lib/gcc/powerpc-eabi/13.2.0\libgcc.a(crtresxfpr.o)
                0x8000567c                _restfpr_14_x
                0x80005680                _restfpr_15_x
                0x80005684                _restfpr_16_x
                0x80005688                _restfpr_17_x
                0x8000568c                _restfpr_18_x
                0x80005690                _restfpr_19_x
                0x80005694                _restfpr_20_x
                0x80005698                _restfpr_21_x
                0x8000569c                _restfpr_22_x
                0x800056a0                _restfpr_23_x
                0x800056a4                _restfpr_24_x
                0x800056a8                _restfpr_25_x
                0x800056ac                _restfpr_26_x
                0x800056b0                _restfpr_27_x
                0x800056b4                _restfpr_28_x
                0x800056b8                _restfpr_29_x
                0x800056bc                _restfpr_30_x
                0x800056c0                _restfpr_31_x
 .text          0x800056d4       0x58 C:/devkitPro/devkitPPC/bin/../lib/gcc/powerpc-eabi/13.2.0\libgcc.a(crtresxgpr.o)
                0x800056d4                _restgpr_14_x
                0x800056d8                _restgpr_15_x
                0x800056dc                _restgpr_16_x
                0x800056e0                _restgpr_17_x
                0x800056e4                _restgpr_18_x
                0x800056e8                _restgpr_19_x
                0x800056ec                _restgpr_20_x
                0x800056f0                _restgpr_21_x
                0x800056f4                _restgpr_22_x
                0x800056f8                _restgpr_23_x
                0x800056fc                _restgpr_24_x
                0x80005700                _restgpr_25_x
                0x80005704                _restgpr_26_x
                0x80005708                _restgpr_27_x
                0x8000570c                _restgpr_28_x
                0x80005710                _restgpr_29_x
                0x80005714                _restgpr_30_x
                0x80005718                _restgpr_31_x
 *(.text.*)
 .text.__do_global_dtors_aux
                0x8000572c       0xcc C:/devkitPro/devkitPPC/bin/../lib/gcc/powerpc-eabi/13.2.0/crtbegin.o
 .text.frame_dummy
                0x800057f8       0x24 C:/devkitPro/devkitPPC/bin/../lib/gcc/powerpc-eabi/13.2.0/crtbegin.o
 .text.__crtmain
                0x8000581c       0x44 C:/devkitPro/devkitPPC/bin/../lib/gcc/powerpc-eabi/13.2.0/../../../../powerpc-eabi/lib/crtmain.o
                0x80005820                __crtmain
 .text.Initialise
                0x80005860       0xb8 main.o
                0x80005860                Initialise
 .text.startup.main
                0x80005918      0x100 main.o
                0x80005918                main
 .text.__wpad_assign_slot
                0x80005a18      0x254 C:/devkitPro/libogc/lib/wii\libwiiuse.a(wpad.o)
                0x80005a18                __wpad_assign_slot
 .text.__wpad_def_powcb
                0x80005c6c        0x4 C:/devkitPro/libogc/lib/wii\libwiiuse.a(wpad.o)
 .text.__readlinkkey_finished
                0x80005c70       0x34 C:/devkitPro/libogc/lib/wii\libwiiuse.a(wpad.o)
 .text.__wpad_patch_finished
                0x80005ca4       0x2c C:/devkitPro/libogc/lib/wii\libwiiuse.a(wpad.o)
 .text.__wpad_setfmt
                0x80005cd0      0x14c C:/devkitPro/libogc/lib/wii\libwiiuse.a(wpad.o)
 .text.__wpad_eventCB
                0x80005e1c      0xad4 C:/devkitPro/libogc/lib/wii\libwiiuse.a(wpad.o)
 .text.__wpad_disconnectCB
                0x800068f0       0xd4 C:/devkitPro/libogc/lib/wii\libwiiuse.a(wpad.o)
                0x800068f0                __wpad_disconnectCB
 .text.__wpad_timeouthandler
                0x800069c4       0xa8 C:/devkitPro/libogc/lib/wii\libwiiuse.a(wpad.o)
 .text.__initcore_finished
                0x80006a6c       0x48 C:/devkitPro/libogc/lib/wii\libwiiuse.a(wpad.o)
 .text.__wpad_init_finished
                0x80006ab4      0x194 C:/devkitPro/libogc/lib/wii\libwiiuse.a(wpad.o)
 .text.WPAD_ReadEvent
                0x80006c48      0x68c C:/devkitPro/libogc/lib/wii\libwiiuse.a(wpad.o)
                0x80006c48                WPAD_ReadEvent
 .text.WPAD_ReadPending
                0x800072d4      0x1a0 C:/devkitPro/libogc/lib/wii\libwiiuse.a(wpad.o)
                0x800072d4                WPAD_ReadPending
 .text.WPAD_Shutdown
                0x80007474      0x114 C:/devkitPro/libogc/lib/wii\libwiiuse.a(wpad.o)
                0x80007474                WPAD_Shutdown
 .text.WPAD_Init
                0x80007588      0x2c4 C:/devkitPro/libogc/lib/wii\libwiiuse.a(wpad.o)
                0x80007588                WPAD_Init
 .text.__wpad_onreset
                0x8000784c       0x34 C:/devkitPro/libogc/lib/wii\libwiiuse.a(wpad.o)
 .text.WPAD_ScanPads
                0x80007880       0x90 C:/devkitPro/libogc/lib/wii\libwiiuse.a(wpad.o)
                0x80007880                WPAD_ScanPads
 .text.WPAD_ButtonsUp
                0x80007910       0x28 C:/devkitPro/libogc/lib/wii\libwiiuse.a(wpad.o)
                0x80007910                WPAD_ButtonsUp
 .text.WPAD_ButtonsDown
                0x80007938       0x28 C:/devkitPro/libogc/lib/wii\libwiiuse.a(wpad.o)
                0x80007938                WPAD_ButtonsDown
 .text.WPAD_ButtonsHeld
                0x80007960       0x28 C:/devkitPro/libogc/lib/wii\libwiiuse.a(wpad.o)
                0x80007960                WPAD_ButtonsHeld
 .text.motion_plus_disconnected
                0x80007988       0x10 C:/devkitPro/libogc/lib/wii\libwiiuse.a(motion_plus.o)
                0x80007988                motion_plus_disconnected
 .text.motion_plus_event
                0x80007998       0x64 C:/devkitPro/libogc/lib/wii\libwiiuse.a(motion_plus.o)
                0x80007998                motion_plus_event
 .text.calculate_gforce
                0x800079fc      0x114 C:/devkitPro/libogc/lib/wii\libwiiuse.a(dynamics.o)
                0x800079fc                calculate_gforce
 .text.calc_joystick_state
                0x80007b10      0x210 C:/devkitPro/libogc/lib/wii\libwiiuse.a(dynamics.o)
                0x80007b10                calc_joystick_state
 .text.apply_smoothing
                0x80007d20      0x140 C:/devkitPro/libogc/lib/wii\libwiiuse.a(dynamics.o)
                0x80007d20                apply_smoothing
 .text.calculate_orientation
                0x80007e60      0x340 C:/devkitPro/libogc/lib/wii\libwiiuse.a(dynamics.o)
                0x80007e60                calculate_orientation
 .text.calc_balanceboard_state
                0x800081a0      0x3a4 C:/devkitPro/libogc/lib/wii\libwiiuse.a(dynamics.o)
                0x800081a0                calc_balanceboard_state
 .text.wiiuse_handshake
                0x80008544      0x27c C:/devkitPro/libogc/lib/wii\libwiiuse.a(io.o)
                0x80008544                wiiuse_handshake
 .text.wiiuse_handshake_expansion
                0x800087c0      0x1f0 C:/devkitPro/libogc/lib/wii\libwiiuse.a(io.o)
                0x800087c0                wiiuse_handshake_expansion
 .text.wiiuse_handshake_expansion_start
                0x800089b0       0x5c C:/devkitPro/libogc/lib/wii\libwiiuse.a(io.o)
                0x800089b0                wiiuse_handshake_expansion_start
 .text.wiiuse_disable_expansion
                0x80008a0c      0x1b0 C:/devkitPro/libogc/lib/wii\libwiiuse.a(io.o)
                0x80008a0c                wiiuse_disable_expansion
 .text.__wiiuse_connected
                0x80008bbc       0x9c C:/devkitPro/libogc/lib/wii\libwiiuse.a(io_wii.o)
 .text.__wiiuse_disconnected
                0x80008c58       0xb4 C:/devkitPro/libogc/lib/wii\libwiiuse.a(io_wii.o)
 .text.__wiiuse_receive
                0x80008d0c       0xd0 C:/devkitPro/libogc/lib/wii\libwiiuse.a(io_wii.o)
 .text.__wiiuse_sensorbar_enable
                0x80008ddc       0x54 C:/devkitPro/libogc/lib/wii\libwiiuse.a(io_wii.o)
                0x80008ddc                __wiiuse_sensorbar_enable
 .text.wiiuse_register
                0x80008e30       0xf0 C:/devkitPro/libogc/lib/wii\libwiiuse.a(io_wii.o)
                0x80008e30                wiiuse_register
 .text.wiiuse_disconnect
                0x80008f20       0x24 C:/devkitPro/libogc/lib/wii\libwiiuse.a(io_wii.o)
                0x80008f20                wiiuse_disconnect
 .text.wiiuse_init_cmd_queue
                0x80008f44       0x9c C:/devkitPro/libogc/lib/wii\libwiiuse.a(io_wii.o)
                0x80008f44                wiiuse_init_cmd_queue
 .text.wiiuse_io_write
                0x80008fe0       0x1c C:/devkitPro/libogc/lib/wii\libwiiuse.a(io_wii.o)
                0x80008fe0                wiiuse_io_write
 .text.rotate_dots
                0x80008ffc      0x13c C:/devkitPro/libogc/lib/wii\libwiiuse.a(ir.o)
 .text.get_ir_sens.constprop.0.isra.0
                0x80009138       0xdc C:/devkitPro/libogc/lib/wii\libwiiuse.a(ir.o)
 .text.wiiuse_set_ir_mode
                0x80009214       0x5c C:/devkitPro/libogc/lib/wii\libwiiuse.a(ir.o)
                0x80009214                wiiuse_set_ir_mode
 .text.wiiuse_set_ir
                0x80009270      0x204 C:/devkitPro/libogc/lib/wii\libwiiuse.a(ir.o)
                0x80009270                wiiuse_set_ir
 .text.wiiuse_set_ir_position
                0x80009474       0x80 C:/devkitPro/libogc/lib/wii\libwiiuse.a(ir.o)
                0x80009474                wiiuse_set_ir_position
 .text.wiiuse_set_aspect_ratio
                0x800094f4       0xac C:/devkitPro/libogc/lib/wii\libwiiuse.a(ir.o)
                0x800094f4                wiiuse_set_aspect_ratio
 .text.wiiuse_set_ir_sensitivity
                0x800095a0       0xe4 C:/devkitPro/libogc/lib/wii\libwiiuse.a(ir.o)
                0x800095a0                wiiuse_set_ir_sensitivity
 .text.calculate_basic_ir
                0x80009684       0xe8 C:/devkitPro/libogc/lib/wii\libwiiuse.a(ir.o)
                0x80009684                calculate_basic_ir
 .text.calculate_extended_ir
                0x8000976c       0x64 C:/devkitPro/libogc/lib/wii\libwiiuse.a(ir.o)
                0x8000976c                calculate_extended_ir
 .text.find_sensorbar
                0x800097d0      0xa00 C:/devkitPro/libogc/lib/wii\libwiiuse.a(ir.o)
                0x800097d0                find_sensorbar
 .text.apply_ir_smoothing
                0x8000a1d0      0x124 C:/devkitPro/libogc/lib/wii\libwiiuse.a(ir.o)
                0x8000a1d0                apply_ir_smoothing
 .text.interpret_ir_data
                0x8000a2f4      0x3c8 C:/devkitPro/libogc/lib/wii\libwiiuse.a(ir.o)
                0x8000a2f4                interpret_ir_data
 .text.nunchuk_handshake
                0x8000a6bc      0x31c C:/devkitPro/libogc/lib/wii\libwiiuse.a(nunchuk.o)
                0x8000a6bc                nunchuk_handshake
 .text.nunchuk_disconnected
                0x8000a9d8        0xc C:/devkitPro/libogc/lib/wii\libwiiuse.a(nunchuk.o)
                0x8000a9d8                nunchuk_disconnected
 .text.nunchuk_event
                0x8000a9e4       0xe8 C:/devkitPro/libogc/lib/wii\libwiiuse.a(nunchuk.o)
                0x8000a9e4                nunchuk_event
 .text.wii_board_handshake
                0x8000aacc      0x284 C:/devkitPro/libogc/lib/wii\libwiiuse.a(wiiboard.o)
                0x8000aacc                wii_board_handshake
 .text.wii_board_disconnected
                0x8000ad50        0xc C:/devkitPro/libogc/lib/wii\libwiiuse.a(wiiboard.o)
                0x8000ad50                wii_board_disconnected
 .text.wii_board_event
                0x8000ad5c       0x24 C:/devkitPro/libogc/lib/wii\libwiiuse.a(wiiboard.o)
                0x8000ad5c                wii_board_event
 .text.wiiuse_send_next_command
                0x8000ad80       0x58 C:/devkitPro/libogc/lib/wii\libwiiuse.a(wiiuse.o)
                0x8000ad80                wiiuse_send_next_command
 .text.wiiuse_init
                0x8000add8      0x208 C:/devkitPro/libogc/lib/wii\libwiiuse.a(wiiuse.o)
                0x8000add8                wiiuse_init
 .text.wiiuse_set_flags
                0x8000afe0       0x28 C:/devkitPro/libogc/lib/wii\libwiiuse.a(wiiuse.o)
                0x8000afe0                wiiuse_set_flags
 .text.wiiuse_read_data
                0x8000b008      0x154 C:/devkitPro/libogc/lib/wii\libwiiuse.a(wiiuse.o)
                0x8000b008                wiiuse_read_data
 .text.wiiuse_write_data
                0x8000b15c      0x18c C:/devkitPro/libogc/lib/wii\libwiiuse.a(wiiuse.o)
                0x8000b15c                wiiuse_write_data
 .text.wiiuse_sendcmd
                0x8000b2e8      0x144 C:/devkitPro/libogc/lib/wii\libwiiuse.a(wiiuse.o)
                0x8000b2e8                wiiuse_sendcmd
 .text.wiiuse_set_leds
                0x8000b42c       0x50 C:/devkitPro/libogc/lib/wii\libwiiuse.a(wiiuse.o)
                0x8000b42c                wiiuse_set_leds
 .text.wiiuse_set_report_type
                0x8000b47c       0xb0 C:/devkitPro/libogc/lib/wii\libwiiuse.a(wiiuse.o)
                0x8000b47c                wiiuse_set_report_type
 .text.wiiuse_status
                0x8000b52c       0x4c C:/devkitPro/libogc/lib/wii\libwiiuse.a(wiiuse.o)
                0x8000b52c                wiiuse_status
 .text.wiiuse_motion_sensing
                0x8000b578       0x84 C:/devkitPro/libogc/lib/wii\libwiiuse.a(wiiuse.o)
                0x8000b578                wiiuse_motion_sensing
 .text.wiiuse_set_speaker
                0x8000b5fc      0x24c C:/devkitPro/libogc/lib/wii\libwiiuse.a(speaker.o)
                0x8000b5fc                wiiuse_set_speaker
 .text.classic_ctrl_handshake
                0x8000b848      0x410 C:/devkitPro/libogc/lib/wii\libwiiuse.a(classic.o)
                0x8000b848                classic_ctrl_handshake
 .text.classic_ctrl_disconnected
                0x8000bc58        0xc C:/devkitPro/libogc/lib/wii\libwiiuse.a(classic.o)
                0x8000bc58                classic_ctrl_disconnected
 .text.classic_ctrl_event
                0x8000bc64      0x15c C:/devkitPro/libogc/lib/wii\libwiiuse.a(classic.o)
                0x8000bc64                classic_ctrl_event
 .text.handle_expansion
                0x8000bdc0       0x54 C:/devkitPro/libogc/lib/wii\libwiiuse.a(events.o)
 .text.parse_event
                0x8000be14      0x730 C:/devkitPro/libogc/lib/wii\libwiiuse.a(events.o)
                0x8000be14                parse_event
 .text.guitar_hero_3_handshake
                0x8000c544       0x5c C:/devkitPro/libogc/lib/wii\libwiiuse.a(guitar_hero_3.o)
                0x8000c544                guitar_hero_3_handshake
 .text.guitar_hero_3_disconnected
                0x8000c5a0        0xc C:/devkitPro/libogc/lib/wii\libwiiuse.a(guitar_hero_3.o)
                0x8000c5a0                guitar_hero_3_disconnected
 .text.guitar_hero_3_event
                0x8000c5ac       0x60 C:/devkitPro/libogc/lib/wii\libwiiuse.a(guitar_hero_3.o)
                0x8000c5ac                guitar_hero_3_event
 .text.acl_wlp_completed
                0x8000c60c        0x8 C:/devkitPro/libogc/lib/wii\libbte.a(bte.o)
                0x8000c60c                acl_wlp_completed
 .text.bt_alarmhandler
                0x8000c614       0x58 C:/devkitPro/libogc/lib/wii\libbte.a(bte.o)
 .text.__bte_send_pending_request
                0x8000c66c      0x108 C:/devkitPro/libogc/lib/wii\libbte.a(bte.o)
 .text.acl_conn_complete
                0x8000c774       0x2c C:/devkitPro/libogc/lib/wii\libbte.a(bte.o)
                0x8000c774                acl_conn_complete
 .text.l2cap_accepted
                0x8000c7a0      0x134 C:/devkitPro/libogc/lib/wii\libbte.a(bte.o)
                0x8000c7a0                l2cap_accepted
 .text.l2cap_disconnect_cfm
                0x8000c8d4      0x19c C:/devkitPro/libogc/lib/wii\libbte.a(bte.o)
                0x8000c8d4                l2cap_disconnect_cfm
 .text.bte_process_input
                0x8000ca70      0x128 C:/devkitPro/libogc/lib/wii\libbte.a(bte.o)
 .text.l2cap_disconnected_ind
                0x8000cb98      0x1a4 C:/devkitPro/libogc/lib/wii\libbte.a(bte.o)
                0x8000cb98                l2cap_disconnected_ind
 .text.__bte_shutdown_finished
                0x8000cd3c       0xe0 C:/devkitPro/libogc/lib/wii\libbte.a(bte.o)
 .text.bte_hci_apply_patch_complete
                0x8000ce1c      0x164 C:/devkitPro/libogc/lib/wii\libbte.a(bte.o)
                0x8000ce1c                bte_hci_apply_patch_complete
 .text.bte_hci_patch_complete
                0x8000cf80      0x380 C:/devkitPro/libogc/lib/wii\libbte.a(bte.o)
                0x8000cf80                bte_hci_patch_complete
 .text.bte_hci_initcore_complete
                0x8000d300      0x280 C:/devkitPro/libogc/lib/wii\libbte.a(bte.o)
                0x8000d300                bte_hci_initcore_complete
 .text.bte_read_stored_link_key_complete
                0x8000d580      0x27c C:/devkitPro/libogc/lib/wii\libbte.a(bte.o)
                0x8000d580                bte_read_stored_link_key_complete
 .text.bte_hci_initcore_complete2
                0x8000d7fc      0x22c C:/devkitPro/libogc/lib/wii\libbte.a(bte.o)
 .text.bte_hci_initsub_complete
                0x8000da28      0x280 C:/devkitPro/libogc/lib/wii\libbte.a(bte.o)
                0x8000da28                bte_hci_initsub_complete
 .text.BTE_Init
                0x8000dca8      0x138 C:/devkitPro/libogc/lib/wii\libbte.a(bte.o)
                0x8000dca8                BTE_Init
 .text.BTE_Shutdown
                0x8000dde0      0x100 C:/devkitPro/libogc/lib/wii\libbte.a(bte.o)
                0x8000dde0                BTE_Shutdown
 .text.BTE_InitCore
                0x8000dee0       0x8c C:/devkitPro/libogc/lib/wii\libbte.a(bte.o)
                0x8000dee0                BTE_InitCore
 .text.BTE_ApplyPatch
                0x8000df6c       0xa4 C:/devkitPro/libogc/lib/wii\libbte.a(bte.o)
                0x8000df6c                BTE_ApplyPatch
 .text.BTE_InitSub
                0x8000e010       0x90 C:/devkitPro/libogc/lib/wii\libbte.a(bte.o)
                0x8000e010                BTE_InitSub
 .text.BTE_ReadStoredLinkKey
                0x8000e0a0       0x90 C:/devkitPro/libogc/lib/wii\libbte.a(bte.o)
                0x8000e0a0                BTE_ReadStoredLinkKey
 .text.BTE_SetDisconnectCallback
                0x8000e130        0x4 C:/devkitPro/libogc/lib/wii\libbte.a(bte.o)
                0x8000e130                BTE_SetDisconnectCallback
 .text.bte_new  0x8000e134       0x54 C:/devkitPro/libogc/lib/wii\libbte.a(bte.o)
                0x8000e134                bte_new
 .text.bte_registerdeviceasync
                0x8000e188      0x158 C:/devkitPro/libogc/lib/wii\libbte.a(bte.o)
                0x8000e188                bte_registerdeviceasync
 .text.bte_disconnect
                0x8000e2e0       0xd8 C:/devkitPro/libogc/lib/wii\libbte.a(bte.o)
                0x8000e2e0                bte_disconnect
 .text.bte_senddata
                0x8000e3b8      0x104 C:/devkitPro/libogc/lib/wii\libbte.a(bte.o)
                0x8000e3b8                bte_senddata
 .text.bte_arg  0x8000e4bc       0x38 C:/devkitPro/libogc/lib/wii\libbte.a(bte.o)
                0x8000e4bc                bte_arg
 .text.bte_received
                0x8000e4f4       0x38 C:/devkitPro/libogc/lib/wii\libbte.a(bte.o)
                0x8000e4f4                bte_received
 .text.bte_disconnected
                0x8000e52c       0x38 C:/devkitPro/libogc/lib/wii\libbte.a(bte.o)
                0x8000e52c                bte_disconnected
 .text.hci_get_link
                0x8000e564       0x84 C:/devkitPro/libogc/lib/wii\libbte.a(hci.o)
 .text.hci_init
                0x8000e5e8       0x80 C:/devkitPro/libogc/lib/wii\libbte.a(hci.o)
                0x8000e5e8                hci_init
 .text.hci_close
                0x8000e668       0xd0 C:/devkitPro/libogc/lib/wii\libbte.a(hci.o)
                0x8000e668                hci_close
 .text.hci_reset_all
                0x8000e738       0xb8 C:/devkitPro/libogc/lib/wii\libbte.a(hci.o)
                0x8000e738                hci_reset_all
 .text.hci_arg  0x8000e7f0        0xc C:/devkitPro/libogc/lib/wii\libbte.a(hci.o)
                0x8000e7f0                hci_arg
 .text.hci_cmd_complete
                0x8000e7fc        0xc C:/devkitPro/libogc/lib/wii\libbte.a(hci.o)
                0x8000e7fc                hci_cmd_complete
 .text.hci_connection_complete
                0x8000e808        0xc C:/devkitPro/libogc/lib/wii\libbte.a(hci.o)
                0x8000e808                hci_connection_complete
 .text.hci_wlp_complete
                0x8000e814        0xc C:/devkitPro/libogc/lib/wii\libbte.a(hci.o)
                0x8000e814                hci_wlp_complete
 .text.hci_reset
                0x8000e820       0xac C:/devkitPro/libogc/lib/wii\libbte.a(hci.o)
                0x8000e820                hci_reset
 .text.hci_read_buffer_size
                0x8000e8cc       0xac C:/devkitPro/libogc/lib/wii\libbte.a(hci.o)
                0x8000e8cc                hci_read_buffer_size
 .text.hci_read_bd_addr
                0x8000e978       0xac C:/devkitPro/libogc/lib/wii\libbte.a(hci.o)
                0x8000e978                hci_read_bd_addr
 .text.hci_read_local_version
                0x8000ea24       0xa8 C:/devkitPro/libogc/lib/wii\libbte.a(hci.o)
                0x8000ea24                hci_read_local_version
 .text.hci_read_local_features
                0x8000eacc       0xac C:/devkitPro/libogc/lib/wii\libbte.a(hci.o)
                0x8000eacc                hci_read_local_features
 .text.hci_read_stored_link_key
                0x8000eb78      0x100 C:/devkitPro/libogc/lib/wii\libbte.a(hci.o)
                0x8000eb78                hci_read_stored_link_key
 .text.hci_write_page_timeout
                0x8000ec78       0xd0 C:/devkitPro/libogc/lib/wii\libbte.a(hci.o)
                0x8000ec78                hci_write_page_timeout
 .text.hci_write_scan_enable
                0x8000ed48       0xbc C:/devkitPro/libogc/lib/wii\libbte.a(hci.o)
                0x8000ed48                hci_write_scan_enable
 .text.hci_accecpt_conn_request
                0x8000ee04       0xe0 C:/devkitPro/libogc/lib/wii\libbte.a(hci.o)
                0x8000ee04                hci_accecpt_conn_request
 .text.hci_write_local_name
                0x8000eee4       0xd8 C:/devkitPro/libogc/lib/wii\libbte.a(hci.o)
                0x8000eee4                hci_write_local_name
 .text.hci_write_pin_type
                0x8000efbc       0xbc C:/devkitPro/libogc/lib/wii\libbte.a(hci.o)
                0x8000efbc                hci_write_pin_type
 .text.hci_write_inquiry_mode
                0x8000f078       0xbc C:/devkitPro/libogc/lib/wii\libbte.a(hci.o)
                0x8000f078                hci_write_inquiry_mode
 .text.hci_write_page_scan_type
                0x8000f134       0xbc C:/devkitPro/libogc/lib/wii\libbte.a(hci.o)
                0x8000f134                hci_write_page_scan_type
 .text.hci_write_inquiry_scan_type
                0x8000f1f0       0xbc C:/devkitPro/libogc/lib/wii\libbte.a(hci.o)
                0x8000f1f0                hci_write_inquiry_scan_type
 .text.hci_vendor_specific_command
                0x8000f2ac       0xe8 C:/devkitPro/libogc/lib/wii\libbte.a(hci.o)
                0x8000f2ac                hci_vendor_specific_command
 .text.hci_write_link_policy_settings
                0x8000f394      0x104 C:/devkitPro/libogc/lib/wii\libbte.a(hci.o)
                0x8000f394                hci_write_link_policy_settings
 .text.hci_pin_code_request_neg_reply
                0x8000f498       0xcc C:/devkitPro/libogc/lib/wii\libbte.a(hci.o)
                0x8000f498                hci_pin_code_request_neg_reply
 .text.hci_link_key_req_neg_reply
                0x8000f564       0xcc C:/devkitPro/libogc/lib/wii\libbte.a(hci.o)
                0x8000f564                hci_link_key_req_neg_reply
 .text.hci_disconnect
                0x8000f630       0xfc C:/devkitPro/libogc/lib/wii\libbte.a(hci.o)
                0x8000f630                hci_disconnect
 .text.hci_write_cod
                0x8000f72c       0xcc C:/devkitPro/libogc/lib/wii\libbte.a(hci.o)
                0x8000f72c                hci_write_cod
 .text.hci_host_buffer_size
                0x8000f7f8      0x10c C:/devkitPro/libogc/lib/wii\libbte.a(hci.o)
                0x8000f7f8                hci_host_buffer_size
 .text.hci_host_num_comp_packets
                0x8000f904      0x108 C:/devkitPro/libogc/lib/wii\libbte.a(hci.o)
                0x8000f904                hci_host_num_comp_packets
 .text.lp_pdu_maxsize
                0x8000fa0c        0xc C:/devkitPro/libogc/lib/wii\libbte.a(hci.o)
                0x8000fa0c                lp_pdu_maxsize
 .text.lp_acl_write
                0x8000fa18      0x158 C:/devkitPro/libogc/lib/wii\libbte.a(hci.o)
                0x8000fa18                lp_acl_write
 .text.lp_write_flush_timeout
                0x8000fb70      0x104 C:/devkitPro/libogc/lib/wii\libbte.a(hci.o)
                0x8000fb70                lp_write_flush_timeout
 .text.hci_event_handler
                0x8000fc74      0xc7c C:/devkitPro/libogc/lib/wii\libbte.a(hci.o)
                0x8000fc74                hci_event_handler
 .text.hci_acldata_handler
                0x800108f0      0x11c C:/devkitPro/libogc/lib/wii\libbte.a(hci.o)
                0x800108f0                hci_acldata_handler
 .text.l2cap_init
                0x80010a0c       0x60 C:/devkitPro/libogc/lib/wii\libbte.a(l2cap.o)
                0x80010a0c                l2cap_init
 .text.l2cap_write
                0x80010a6c      0x1a0 C:/devkitPro/libogc/lib/wii\libbte.a(l2cap.o)
                0x80010a6c                l2cap_write
 .text.l2cap_new
                0x80010c0c       0x60 C:/devkitPro/libogc/lib/wii\libbte.a(l2cap.o)
                0x80010c0c                l2cap_new
 .text.l2cap_close
                0x80010c6c      0x1d4 C:/devkitPro/libogc/lib/wii\libbte.a(l2cap.o)
                0x80010c6c                l2cap_close
 .text.l2cap_reset_all
                0x80010e40      0x154 C:/devkitPro/libogc/lib/wii\libbte.a(l2cap.o)
                0x80010e40                l2cap_reset_all
 .text.l2cap_signal
                0x80010f94      0x204 C:/devkitPro/libogc/lib/wii\libbte.a(l2cap.o)
                0x80010f94                l2cap_signal
 .text.l2ca_config_req
                0x80011198      0x158 C:/devkitPro/libogc/lib/wii\libbte.a(l2cap.o)
                0x80011198                l2ca_config_req
 .text.l2ca_disconnect_req
                0x800112f0       0xcc C:/devkitPro/libogc/lib/wii\libbte.a(l2cap.o)
                0x800112f0                l2ca_disconnect_req
 .text.l2cap_tmr
                0x800113bc      0x260 C:/devkitPro/libogc/lib/wii\libbte.a(l2cap.o)
                0x800113bc                l2cap_tmr
 .text.l2cap_process_sig
                0x8001161c     0x1334 C:/devkitPro/libogc/lib/wii\libbte.a(l2cap.o)
                0x8001161c                l2cap_process_sig
 .text.l2cap_input
                0x80012950      0x578 C:/devkitPro/libogc/lib/wii\libbte.a(l2cap.o)
                0x80012950                l2cap_input
 .text.l2ca_datawrite
                0x80012ec8      0x128 C:/devkitPro/libogc/lib/wii\libbte.a(l2cap.o)
                0x80012ec8                l2ca_datawrite
 .text.lp_connect_cfm
                0x80012ff0      0x184 C:/devkitPro/libogc/lib/wii\libbte.a(l2cap.o)
                0x80012ff0                lp_connect_cfm
 .text.lp_connect_ind
                0x80013174        0x4 C:/devkitPro/libogc/lib/wii\libbte.a(l2cap.o)
                0x80013174                lp_connect_ind
 .text.lp_disconnect_ind
                0x80013178      0x124 C:/devkitPro/libogc/lib/wii\libbte.a(l2cap.o)
                0x80013178                lp_disconnect_ind
 .text.l2cap_disconnect_bb
                0x8001329c       0x10 C:/devkitPro/libogc/lib/wii\libbte.a(l2cap.o)
                0x8001329c                l2cap_disconnect_bb
 .text.l2cap_arg
                0x800132ac        0x8 C:/devkitPro/libogc/lib/wii\libbte.a(l2cap.o)
                0x800132ac                l2cap_arg
 .text.l2cap_connect_ind
                0x800132b4      0x104 C:/devkitPro/libogc/lib/wii\libbte.a(l2cap.o)
                0x800132b4                l2cap_connect_ind
 .text.l2cap_disconnect_ind
                0x800133b8        0x8 C:/devkitPro/libogc/lib/wii\libbte.a(l2cap.o)
                0x800133b8                l2cap_disconnect_ind
 .text.l2cap_recv
                0x800133c0        0x8 C:/devkitPro/libogc/lib/wii\libbte.a(l2cap.o)
                0x800133c0                l2cap_recv
 .text.btmemb_init
                0x800133c8       0x24 C:/devkitPro/libogc/lib/wii\libbte.a(btmemb.o)
                0x800133c8                btmemb_init
 .text.btmemb_alloc
                0x800133ec       0x98 C:/devkitPro/libogc/lib/wii\libbte.a(btmemb.o)
                0x800133ec                btmemb_alloc
 .text.btmemb_free
                0x80013484      0x114 C:/devkitPro/libogc/lib/wii\libbte.a(btmemb.o)
                0x80013484                btmemb_free
 .text.plug_holes
                0x80013598       0xac C:/devkitPro/libogc/lib/wii\libbte.a(btmemr.o)
 .text.btmemr_init
                0x80013644       0xa4 C:/devkitPro/libogc/lib/wii\libbte.a(btmemr.o)
                0x80013644                btmemr_init
 .text.btmemr_malloc
                0x800136e8      0x17c C:/devkitPro/libogc/lib/wii\libbte.a(btmemr.o)
                0x800136e8                btmemr_malloc
 .text.btmemr_free
                0x80013864       0x98 C:/devkitPro/libogc/lib/wii\libbte.a(btmemr.o)
                0x80013864                btmemr_free
 .text.btmemr_realloc
                0x800138fc      0x108 C:/devkitPro/libogc/lib/wii\libbte.a(btmemr.o)
                0x800138fc                btmemr_realloc
 .text.btpbuf_init
                0x80013a04       0x28 C:/devkitPro/libogc/lib/wii\libbte.a(btpbuf.o)
                0x80013a04                btpbuf_init
 .text.btpbuf_free
                0x80013a2c      0x11c C:/devkitPro/libogc/lib/wii\libbte.a(btpbuf.o)
                0x80013a2c                btpbuf_free
 .text.btpbuf_alloc
                0x80013b48      0x250 C:/devkitPro/libogc/lib/wii\libbte.a(btpbuf.o)
                0x80013b48                btpbuf_alloc
 .text.btpbuf_realloc
                0x80013d98      0x110 C:/devkitPro/libogc/lib/wii\libbte.a(btpbuf.o)
                0x80013d98                btpbuf_realloc
 .text.btpbuf_header
                0x80013ea8       0x84 C:/devkitPro/libogc/lib/wii\libbte.a(btpbuf.o)
                0x80013ea8                btpbuf_header
 .text.btpbuf_ref
                0x80013f2c       0x48 C:/devkitPro/libogc/lib/wii\libbte.a(btpbuf.o)
                0x80013f2c                btpbuf_ref
 .text.btpbuf_chain
                0x80013f74       0x9c C:/devkitPro/libogc/lib/wii\libbte.a(btpbuf.o)
                0x80013f74                btpbuf_chain
 .text.btpbuf_dechain
                0x80014010       0x7c C:/devkitPro/libogc/lib/wii\libbte.a(btpbuf.o)
                0x80014010                btpbuf_dechain
 .text.btpbuf_take
                0x8001408c      0x13c C:/devkitPro/libogc/lib/wii\libbte.a(btpbuf.o)
                0x8001408c                btpbuf_take
 .text.__usb_closeCB
                0x800141c8       0x10 C:/devkitPro/libogc/lib/wii\libbte.a(physbusif.o)
 .text.__writebulkmsgCB
                0x800141d8       0x3c C:/devkitPro/libogc/lib/wii\libbte.a(physbusif.o)
 .text.__writectrlmsgCB
                0x80014214       0x3c C:/devkitPro/libogc/lib/wii\libbte.a(physbusif.o)
 .text.__issue_intrread.part.0
                0x80014250       0x80 C:/devkitPro/libogc/lib/wii\libbte.a(physbusif.o)
 .text.__readintrdataCB
                0x800142d0      0x148 C:/devkitPro/libogc/lib/wii\libbte.a(physbusif.o)
 .text.__issue_bulkread.part.0
                0x80014418       0x80 C:/devkitPro/libogc/lib/wii\libbte.a(physbusif.o)
 .text.__readbulkdataCB
                0x80014498      0x148 C:/devkitPro/libogc/lib/wii\libbte.a(physbusif.o)
 .text.physbusif_init
                0x800145e0      0x1ec C:/devkitPro/libogc/lib/wii\libbte.a(physbusif.o)
                0x800145e0                physbusif_init
 .text.physbusif_close
                0x800147cc       0x20 C:/devkitPro/libogc/lib/wii\libbte.a(physbusif.o)
                0x800147cc                physbusif_close
 .text.physbusif_shutdown
                0x800147ec       0x24 C:/devkitPro/libogc/lib/wii\libbte.a(physbusif.o)
                0x800147ec                physbusif_shutdown
 .text.physbusif_reset_all
                0x80014810        0x4 C:/devkitPro/libogc/lib/wii\libbte.a(physbusif.o)
                0x80014810                physbusif_reset_all
 .text.physbusif_output
                0x80014814      0x1c4 C:/devkitPro/libogc/lib/wii\libbte.a(physbusif.o)
                0x80014814                physbusif_output
 .text.__console_clear_line
                0x800149d8       0xb4 C:/devkitPro/libogc/lib/wii\libogc.a(console.o)
 .text.__console_clear
                0x80014a8c       0xbc C:/devkitPro/libogc/lib/wii\libogc.a(console.o)
 .text.__console_write
                0x80014b48      0x82c C:/devkitPro/libogc/lib/wii\libogc.a(console.o)
                0x80014b48                __console_write
 .text.__console_init
                0x80015374      0x120 C:/devkitPro/libogc/lib/wii\libogc.a(console.o)
                0x80015374                __console_init
 .text.CON_Init
                0x80015494        0x4 C:/devkitPro/libogc/lib/wii\libogc.a(console.o)
                0x80015494                CON_Init
 .text.CON_EnableGecko
                0x80015498      0x100 C:/devkitPro/libogc/lib/wii\libogc.a(console.o)
                0x80015498                CON_EnableGecko
 .text.__lwp_queue_initialize
                0x80015598       0x98 C:/devkitPro/libogc/lib/wii\libogc.a(lwp_queue.o)
                0x80015598                __lwp_queue_initialize
 .text.__lwp_queue_get
                0x80015630       0x74 C:/devkitPro/libogc/lib/wii\libogc.a(lwp_queue.o)
                0x80015630                __lwp_queue_get
 .text.__lwp_queue_append
                0x800156a4       0x4c C:/devkitPro/libogc/lib/wii\libogc.a(lwp_queue.o)
                0x800156a4                __lwp_queue_append
 .text.__syscall_getreent
                0x800156f0       0x24 C:/devkitPro/libogc/lib/wii\libogc.a(lwp_threads.o)
                0x800156f0                __syscall_getreent
 .text.__lwp_isr_in_progress
                0x80015714        0x8 C:/devkitPro/libogc/lib/wii\libogc.a(lwp_threads.o)
                0x80015714                __lwp_isr_in_progress
 .text.__thread_dispatch_fp
                0x8001571c       0x88 C:/devkitPro/libogc/lib/wii\libogc.a(lwp_threads.o)
                0x8001571c                __thread_dispatch_fp
 .text.__thread_dispatch
                0x800157a4       0xf4 C:/devkitPro/libogc/lib/wii\libogc.a(lwp_threads.o)
                0x800157a4                __thread_dispatch
 .text.__lwp_thread_resettimeslice
                0x80015898       0xb4 C:/devkitPro/libogc/lib/wii\libogc.a(lwp_threads.o)
                0x80015898                __lwp_thread_resettimeslice
 .text.__lwp_thread_tickle_timeslice
                0x8001594c       0xc8 C:/devkitPro/libogc/lib/wii\libogc.a(lwp_threads.o)
                0x8001594c                __lwp_thread_tickle_timeslice
 .text.__lwp_thread_setstate
                0x80015a14      0x16c C:/devkitPro/libogc/lib/wii\libogc.a(lwp_threads.o)
                0x80015a14                __lwp_thread_setstate
 .text.__lwp_thread_clearstate
                0x80015b80       0xe4 C:/devkitPro/libogc/lib/wii\libogc.a(lwp_threads.o)
                0x80015b80                __lwp_thread_clearstate
 .text.__lwp_thread_delayended
                0x80015c64       0x48 C:/devkitPro/libogc/lib/wii\libogc.a(lwp_threads.o)
                0x80015c64                __lwp_thread_delayended
 .text.__lwp_thread_settransient
                0x80015cac       0xb4 C:/devkitPro/libogc/lib/wii\libogc.a(lwp_threads.o)
                0x80015cac                __lwp_thread_settransient
 .text.__lwp_thread_changepriority
                0x80015d60      0x1f8 C:/devkitPro/libogc/lib/wii\libogc.a(lwp_threads.o)
                0x80015d60                __lwp_thread_changepriority
 .text.__lwp_thread_ready
                0x80015f58       0xf0 C:/devkitPro/libogc/lib/wii\libogc.a(lwp_threads.o)
                0x80015f58                __lwp_thread_ready
 .text.__lwp_thread_init
                0x80016048      0x160 C:/devkitPro/libogc/lib/wii\libogc.a(lwp_threads.o)
                0x80016048                __lwp_thread_init
 .text.__lwp_thread_close
                0x800161a8      0x144 C:/devkitPro/libogc/lib/wii\libogc.a(lwp_threads.o)
                0x800161a8                __lwp_thread_close
 .text.__lwp_thread_handler
                0x800162ec       0xc0 C:/devkitPro/libogc/lib/wii\libogc.a(lwp_threads.o)
 .text.__lwp_thread_closeall
                0x800163ac       0xb0 C:/devkitPro/libogc/lib/wii\libogc.a(lwp_threads.o)
                0x800163ac                __lwp_thread_closeall
 .text.__lwp_thread_start
                0x8001645c      0x150 C:/devkitPro/libogc/lib/wii\libogc.a(lwp_threads.o)
                0x8001645c                __lwp_thread_start
 .text.__lwp_thread_startmultitasking
                0x800165ac       0xac C:/devkitPro/libogc/lib/wii\libogc.a(lwp_threads.o)
                0x800165ac                __lwp_thread_startmultitasking
 .text.__lwp_thread_stopmultitasking
                0x80016658       0x58 C:/devkitPro/libogc/lib/wii\libogc.a(lwp_threads.o)
                0x80016658                __lwp_thread_stopmultitasking
 .text.__lwp_thread_coreinit
                0x800166b0       0xc4 C:/devkitPro/libogc/lib/wii\libogc.a(lwp_threads.o)
                0x800166b0                __lwp_thread_coreinit
 .text.idle_func
                0x80016774        0x4 C:/devkitPro/libogc/lib/wii\libogc.a(lwp.o)
 .text.__lwp_sysinit
                0x80016778      0x114 C:/devkitPro/libogc/lib/wii\libogc.a(lwp.o)
                0x80016778                __lwp_sysinit
 .text.LWP_InitQueue
                0x8001688c      0x140 C:/devkitPro/libogc/lib/wii\libogc.a(lwp.o)
                0x8001688c                LWP_InitQueue
 .text.LWP_CloseQueue
                0x800169cc       0xd4 C:/devkitPro/libogc/lib/wii\libogc.a(lwp.o)
                0x800169cc                LWP_CloseQueue
 .text.LWP_ThreadSleep
                0x80016aa0       0xf8 C:/devkitPro/libogc/lib/wii\libogc.a(lwp.o)
                0x80016aa0                LWP_ThreadSleep
 .text.LWP_ThreadBroadcast
                0x80016b98       0x88 C:/devkitPro/libogc/lib/wii\libogc.a(lwp.o)
                0x80016b98                LWP_ThreadBroadcast
 .text.LWP_ThreadSignal
                0x80016c20       0x74 C:/devkitPro/libogc/lib/wii\libogc.a(lwp.o)
                0x80016c20                LWP_ThreadSignal
 .text.__lwp_stack_allocate
                0x80016c94       0x60 C:/devkitPro/libogc/lib/wii\libogc.a(lwp_stack.o)
                0x80016c94                __lwp_stack_allocate
 .text.__lwp_stack_free
                0x80016cf4       0x1c C:/devkitPro/libogc/lib/wii\libogc.a(lwp_stack.o)
                0x80016cf4                __lwp_stack_free
 .text.__lwp_wd_settimer
                0x80016d10       0xe0 C:/devkitPro/libogc/lib/wii\libogc.a(lwp_watchdog.o)
 .text.__lwp_watchdog_init
                0x80016df0       0x2c C:/devkitPro/libogc/lib/wii\libogc.a(lwp_watchdog.o)
                0x80016df0                __lwp_watchdog_init
 .text.__lwp_wd_insert
                0x80016e1c      0x194 C:/devkitPro/libogc/lib/wii\libogc.a(lwp_watchdog.o)
                0x80016e1c                __lwp_wd_insert
 .text.__lwp_wd_remove
                0x80016fb0      0x138 C:/devkitPro/libogc/lib/wii\libogc.a(lwp_watchdog.o)
                0x80016fb0                __lwp_wd_remove
 .text.__lwp_wd_tickle
                0x800170e8      0x120 C:/devkitPro/libogc/lib/wii\libogc.a(lwp_watchdog.o)
                0x800170e8                __lwp_wd_tickle
 .text.__lwp_wkspace_init
                0x80017208       0xc0 C:/devkitPro/libogc/lib/wii\libogc.a(lwp_wkspace.o)
                0x80017208                __lwp_wkspace_init
 .text.__lwp_objmgr_initinfo
                0x800172c8      0x1a0 C:/devkitPro/libogc/lib/wii\libogc.a(lwp_objmgr.o)
                0x800172c8                __lwp_objmgr_initinfo
 .text.__lwp_objmgr_getisrdisable
                0x80017468       0x60 C:/devkitPro/libogc/lib/wii\libogc.a(lwp_objmgr.o)
                0x80017468                __lwp_objmgr_getisrdisable
 .text.__lwp_objmgr_getnoprotection
                0x800174c8       0x24 C:/devkitPro/libogc/lib/wii\libogc.a(lwp_objmgr.o)
                0x800174c8                __lwp_objmgr_getnoprotection
 .text.__lwp_objmgr_get
                0x800174ec       0x6c C:/devkitPro/libogc/lib/wii\libogc.a(lwp_objmgr.o)
                0x800174ec                __lwp_objmgr_get
 .text.__lwp_objmgr_allocate
                0x80017558       0x88 C:/devkitPro/libogc/lib/wii\libogc.a(lwp_objmgr.o)
                0x80017558                __lwp_objmgr_allocate
 .text.__lwp_objmgr_free
                0x800175e0       0x60 C:/devkitPro/libogc/lib/wii\libogc.a(lwp_objmgr.o)
                0x800175e0                __lwp_objmgr_free
 .text.__lwp_heap_init
                0x80017640       0xa4 C:/devkitPro/libogc/lib/wii\libogc.a(lwp_heap.o)
                0x80017640                __lwp_heap_init
 .text.__lwp_heap_allocate
                0x800176e4      0x160 C:/devkitPro/libogc/lib/wii\libogc.a(lwp_heap.o)
                0x800176e4                __lwp_heap_allocate
 .text.__lwp_heap_free
                0x80017844      0x188 C:/devkitPro/libogc/lib/wii\libogc.a(lwp_heap.o)
                0x80017844                __lwp_heap_free
 .text.__SetInterrupts
                0x800179cc      0x268 C:/devkitPro/libogc/lib/wii\libogc.a(irq.o)
 .text.c_irqdispatcher
                0x80017c34      0x278 C:/devkitPro/libogc/lib/wii\libogc.a(irq.o)
                0x80017c34                c_irqdispatcher
 .text.__UnmaskIrq
                0x80017eac       0x84 C:/devkitPro/libogc/lib/wii\libogc.a(irq.o)
                0x80017eac                __UnmaskIrq
 .text.__MaskIrq
                0x80017f30       0x84 C:/devkitPro/libogc/lib/wii\libogc.a(irq.o)
                0x80017f30                __MaskIrq
 .text.__irq_init
                0x80017fb4       0x84 C:/devkitPro/libogc/lib/wii\libogc.a(irq.o)
                0x80017fb4                __irq_init
 .text.IRQ_Request
                0x80018038       0x50 C:/devkitPro/libogc/lib/wii\libogc.a(irq.o)
                0x80018038                IRQ_Request
 .text.IRQ_GetHandler
                0x80018088       0x44 C:/devkitPro/libogc/lib/wii\libogc.a(irq.o)
                0x80018088                IRQ_GetHandler
 .text.IRQ_Disable
                0x800180cc       0x1c C:/devkitPro/libogc/lib/wii\libogc.a(irq.o)
                0x800180cc                IRQ_Disable
 .text.IRQ_Restore
                0x800180e8       0x1c C:/devkitPro/libogc/lib/wii\libogc.a(irq.o)
                0x800180e8                IRQ_Restore
 .text.__VISendI2CData.constprop.0.isra.0
                0x80018104      0x450 C:/devkitPro/libogc/lib/wii\libogc.a(video.o)
 .text.__setFbbRegs.constprop.0
                0x80018554      0x190 C:/devkitPro/libogc/lib/wii\libogc.a(video.o)
 .text.__VISetYUVSEL
                0x800186e4       0xb8 C:/devkitPro/libogc/lib/wii\libogc.a(video.o)
 .text.VIDEO_Configure
                0x8001879c      0x5ec C:/devkitPro/libogc/lib/wii\libogc.a(video.o)
                0x8001879c                VIDEO_Configure
 .text.VIDEO_WaitVSync
                0x80018d88       0x74 C:/devkitPro/libogc/lib/wii\libogc.a(video.o)
                0x80018d88                VIDEO_WaitVSync
 .text.VIDEO_SetFramebuffer
                0x80018dfc      0x108 C:/devkitPro/libogc/lib/wii\libogc.a(video.o)
                0x80018dfc                VIDEO_SetFramebuffer
 .text.VIDEO_SetNextFramebuffer
                0x80018f04       0x70 C:/devkitPro/libogc/lib/wii\libogc.a(video.o)
                0x80018f04                VIDEO_SetNextFramebuffer
 .text.VIDEO_Flush
                0x80018f74       0xf4 C:/devkitPro/libogc/lib/wii\libogc.a(video.o)
                0x80018f74                VIDEO_Flush
 .text.VIDEO_SetBlack
                0x80019068      0x15c C:/devkitPro/libogc/lib/wii\libogc.a(video.o)
                0x80019068                VIDEO_SetBlack
 .text.VIDEO_GetCurrentTvMode
                0x800191c4       0x78 C:/devkitPro/libogc/lib/wii\libogc.a(video.o)
                0x800191c4                VIDEO_GetCurrentTvMode
 .text.__VIRetraceHandler
                0x8001923c      0x298 C:/devkitPro/libogc/lib/wii\libogc.a(video.o)
 .text.__VISetupEncoder
                0x800194d4      0x2cc C:/devkitPro/libogc/lib/wii\libogc.a(video.o)
 .text.VIDEO_Init
                0x800197a0      0x4e4 C:/devkitPro/libogc/lib/wii\libogc.a(video.o)
                0x800197a0                VIDEO_Init
 .text.VIDEO_GetPreferredMode
                0x80019c84      0x108 C:/devkitPro/libogc/lib/wii\libogc.a(video.o)
                0x80019c84                VIDEO_GetPreferredMode
 .text.VIDEO_GetCurrentLine
                0x80019d8c       0x9c C:/devkitPro/libogc/lib/wii\libogc.a(video.o)
                0x80019d8c                VIDEO_GetCurrentLine
 .text.VIDEO_GetFrameBufferSize
                0x80019e28       0x34 C:/devkitPro/libogc/lib/wii\libogc.a(video.o)
                0x80019e28                VIDEO_GetFrameBufferSize
 .text.__call_resetfuncs
                0x80019e5c       0xbc C:/devkitPro/libogc/lib/wii\libogc.a(system.o)
 .text.__MEMInterruptHandler
                0x80019f18       0x14 C:/devkitPro/libogc/lib/wii\libogc.a(system.o)
 .text.__RSWDefaultHandler
                0x80019f2c        0x4 C:/devkitPro/libogc/lib/wii\libogc.a(system.o)
 .text.__POWDefaultHandler
                0x80019f30        0x4 C:/devkitPro/libogc/lib/wii\libogc.a(system.o)
 .text.__STMEventHandler
                0x80019f34      0x104 C:/devkitPro/libogc/lib/wii\libogc.a(system.o)
 .text.__getrtc
                0x8001a038      0x13c C:/devkitPro/libogc/lib/wii\libogc.a(system.o)
 .text.__sram_write
                0x8001a174      0x130 C:/devkitPro/libogc/lib/wii\libogc.a(system.o)
 .text.__sram_writecallback
                0x8001a2a4       0x54 C:/devkitPro/libogc/lib/wii\libogc.a(system.o)
 .text.__mem_onreset
                0x8001a2f8       0x48 C:/devkitPro/libogc/lib/wii\libogc.a(system.o)
 .text.__unlocksram
                0x8001a340      0x174 C:/devkitPro/libogc/lib/wii\libogc.a(system.o)
 .text.__sys_alarmhandler
                0x8001a4b4      0x154 C:/devkitPro/libogc/lib/wii\libogc.a(system.o)
 .text.__syscall_malloc_lock
                0x8001a608        0x4 C:/devkitPro/libogc/lib/wii\libogc.a(system.o)
                0x8001a608                __syscall_malloc_lock
 .text.__syscall_malloc_unlock
                0x8001a60c        0x4 C:/devkitPro/libogc/lib/wii\libogc.a(system.o)
                0x8001a60c                __syscall_malloc_unlock
 .text.__syscall_nanosleep
                0x8001a610        0x4 C:/devkitPro/libogc/lib/wii\libogc.a(system.o)
                0x8001a610                __syscall_nanosleep
 .text.__SYS_GetRTC
                0x8001a614       0xa0 C:/devkitPro/libogc/lib/wii\libogc.a(system.o)
                0x8001a614                __SYS_GetRTC
 .text.__SYS_SetBootTime
                0x8001a6b4      0x108 C:/devkitPro/libogc/lib/wii\libogc.a(system.o)
                0x8001a6b4                __SYS_SetBootTime
 .text.__SYS_GetIPCBufferLo
                0x8001a7bc        0x8 C:/devkitPro/libogc/lib/wii\libogc.a(system.o)
                0x8001a7bc                __SYS_GetIPCBufferLo
 .text.__SYS_GetIPCBufferHi
                0x8001a7c4        0x8 C:/devkitPro/libogc/lib/wii\libogc.a(system.o)
                0x8001a7c4                __SYS_GetIPCBufferHi
 .text.__SYS_DoPowerCB
                0x8001a7cc       0x74 C:/devkitPro/libogc/lib/wii\libogc.a(system.o)
                0x8001a7cc                __SYS_DoPowerCB
 .text.__SYS_PreInit
                0x8001a840        0x4 C:/devkitPro/libogc/lib/wii\libogc.a(system.o)
                0x8001a840                __SYS_PreInit
 .text.SYS_PreMain
                0x8001a844       0x7c C:/devkitPro/libogc/lib/wii\libogc.a(system.o)
                0x8001a844                SYS_PreMain
 .text.SYS_ResetButtonDown
                0x8001a8c0       0x18 C:/devkitPro/libogc/lib/wii\libogc.a(system.o)
                0x8001a8c0                SYS_ResetButtonDown
 .text.SYS_ResetSystem
                0x8001a8d8      0x210 C:/devkitPro/libogc/lib/wii\libogc.a(system.o)
                0x8001a8d8                SYS_ResetSystem
 .text.__reload
                0x8001aae8       0x80 C:/devkitPro/libogc/lib/wii\libogc.a(system.o)
                0x8001aae8                __reload
 .text.__syscall_exit
                0x8001ab68       0x88 C:/devkitPro/libogc/lib/wii\libogc.a(system.o)
                0x8001ab68                __syscall_exit
 .text.SYS_RegisterResetFunc
                0x8001abf0       0x78 C:/devkitPro/libogc/lib/wii\libogc.a(system.o)
                0x8001abf0                SYS_RegisterResetFunc
 .text.SYS_SetArena1Lo
                0x8001ac68       0x38 C:/devkitPro/libogc/lib/wii\libogc.a(system.o)
                0x8001ac68                SYS_SetArena1Lo
 .text.SYS_GetArena1Lo
                0x8001aca0       0x38 C:/devkitPro/libogc/lib/wii\libogc.a(system.o)
                0x8001aca0                SYS_GetArena1Lo
 .text.SYS_GetArena1Hi
                0x8001acd8       0x38 C:/devkitPro/libogc/lib/wii\libogc.a(system.o)
                0x8001acd8                SYS_GetArena1Hi
 .text.SYS_SetArena2Lo
                0x8001ad10       0x38 C:/devkitPro/libogc/lib/wii\libogc.a(system.o)
                0x8001ad10                SYS_SetArena2Lo
 .text.SYS_GetArena2Lo
                0x8001ad48       0x38 C:/devkitPro/libogc/lib/wii\libogc.a(system.o)
                0x8001ad48                SYS_GetArena2Lo
 .text.SYS_SetArena2Hi
                0x8001ad80       0x38 C:/devkitPro/libogc/lib/wii\libogc.a(system.o)
                0x8001ad80                SYS_SetArena2Hi
 .text.SYS_GetArena2Hi
                0x8001adb8       0x38 C:/devkitPro/libogc/lib/wii\libogc.a(system.o)
                0x8001adb8                SYS_GetArena2Hi
 .text.SYS_AllocateFramebuffer
                0x8001adf0       0x28 C:/devkitPro/libogc/lib/wii\libogc.a(system.o)
                0x8001adf0                SYS_AllocateFramebuffer
 .text.SYS_CreateAlarm
                0x8001ae18       0xf0 C:/devkitPro/libogc/lib/wii\libogc.a(system.o)
                0x8001ae18                SYS_CreateAlarm
 .text.SYS_SetAlarm
                0x8001af08      0x1e0 C:/devkitPro/libogc/lib/wii\libogc.a(system.o)
                0x8001af08                SYS_SetAlarm
 .text.SYS_SetPeriodicAlarm
                0x8001b0e8      0x270 C:/devkitPro/libogc/lib/wii\libogc.a(system.o)
                0x8001b0e8                SYS_SetPeriodicAlarm
 .text.SYS_RemoveAlarm
                0x8001b358      0x10c C:/devkitPro/libogc/lib/wii\libogc.a(system.o)
                0x8001b358                SYS_RemoveAlarm
 .text.SYS_CancelAlarm
                0x8001b464       0xbc C:/devkitPro/libogc/lib/wii\libogc.a(system.o)
                0x8001b464                SYS_CancelAlarm
 .text.SYS_GetWirelessID
                0x8001b520       0x94 C:/devkitPro/libogc/lib/wii\libogc.a(system.o)
                0x8001b520                SYS_GetWirelessID
 .text.SYS_SetWirelessID
                0x8001b5b4       0x90 C:/devkitPro/libogc/lib/wii\libogc.a(system.o)
                0x8001b5b4                SYS_SetWirelessID
 .text.SYS_SetGBSMode
                0x8001b644       0xa8 C:/devkitPro/libogc/lib/wii\libogc.a(system.o)
                0x8001b644                SYS_SetGBSMode
 .text.__sram_init
                0x8001b6ec      0x1b8 C:/devkitPro/libogc/lib/wii\libogc.a(system.o)
                0x8001b6ec                __sram_init
 .text.SYS_Init
                0x8001b8a4      0x5e8 C:/devkitPro/libogc/lib/wii\libogc.a(system.o)
                0x8001b8a4                SYS_Init
 .text.SYS_GetHollywoodRevision
                0x8001be8c       0x3c C:/devkitPro/libogc/lib/wii\libogc.a(system.o)
                0x8001be8c                SYS_GetHollywoodRevision
 .text.SYS_Time
                0x8001bec8       0x78 C:/devkitPro/libogc/lib/wii\libogc.a(system.o)
                0x8001bec8                SYS_Time
 .text.__lwp_cond_init
                0x8001bf40       0x14 C:/devkitPro/libogc/lib/wii\libogc.a(cond.o)
                0x8001bf40                __lwp_cond_init
 .text.__decrementer_init
                0x8001bf54        0x4 C:/devkitPro/libogc/lib/wii\libogc.a(decrementer.o)
                0x8001bf54                __decrementer_init
 .text.c_decrementer_handler
                0x8001bf58        0xc C:/devkitPro/libogc/lib/wii\libogc.a(decrementer.o)
                0x8001bf58                c_decrementer_handler
 .text.__lwp_mqbox_init
                0x8001bf64       0x14 C:/devkitPro/libogc/lib/wii\libogc.a(message.o)
                0x8001bf64                __lwp_mqbox_init
 .text.__si_transfer
                0x8001bf78      0x1a4 C:/devkitPro/libogc/lib/wii\libogc.a(si.o)
 .text.__si_alarmhandler
                0x8001c11c       0xdc C:/devkitPro/libogc/lib/wii\libogc.a(si.o)
 .text.__si_completetransfer
                0x8001c1f8      0x1fc C:/devkitPro/libogc/lib/wii\libogc.a(si.o)
 .text.__si_transfernext
                0x8001c3f4       0xe0 C:/devkitPro/libogc/lib/wii\libogc.a(si.o)
 .text.SI_Busy  0x8001c4d4       0x18 C:/devkitPro/libogc/lib/wii\libogc.a(si.o)
                0x8001c4d4                SI_Busy
 .text.SI_IsChanBusy
                0x8001c4ec       0x38 C:/devkitPro/libogc/lib/wii\libogc.a(si.o)
                0x8001c4ec                SI_IsChanBusy
 .text.SI_SetXY
                0x8001c524       0x64 C:/devkitPro/libogc/lib/wii\libogc.a(si.o)
                0x8001c524                SI_SetXY
 .text.SI_EnablePolling
                0x8001c588       0x80 C:/devkitPro/libogc/lib/wii\libogc.a(si.o)
                0x8001c588                SI_EnablePolling
 .text.SI_DisablePolling
                0x8001c608       0x58 C:/devkitPro/libogc/lib/wii\libogc.a(si.o)
                0x8001c608                SI_DisablePolling
 .text.SI_SetSamplingRate
                0x8001c660       0xd8 C:/devkitPro/libogc/lib/wii\libogc.a(si.o)
                0x8001c660                SI_SetSamplingRate
 .text.SI_RefreshSamplingRate
                0x8001c738        0x8 C:/devkitPro/libogc/lib/wii\libogc.a(si.o)
                0x8001c738                SI_RefreshSamplingRate
 .text.SI_GetStatus
                0x8001c740       0x78 C:/devkitPro/libogc/lib/wii\libogc.a(si.o)
                0x8001c740                SI_GetStatus
 .text.SI_GetResponseRaw
                0x8001c7b8       0xe8 C:/devkitPro/libogc/lib/wii\libogc.a(si.o)
                0x8001c7b8                SI_GetResponseRaw
 .text.SI_GetResponse
                0x8001c8a0       0xb8 C:/devkitPro/libogc/lib/wii\libogc.a(si.o)
                0x8001c8a0                SI_GetResponse
 .text.SI_SetCommand
                0x8001c958       0x10 C:/devkitPro/libogc/lib/wii\libogc.a(si.o)
                0x8001c958                SI_SetCommand
 .text.SI_Transfer
                0x8001c968      0x26c C:/devkitPro/libogc/lib/wii\libogc.a(si.o)
                0x8001c968                SI_Transfer
 .text.__si_gettypecallback
                0x8001cbd4      0x2c0 C:/devkitPro/libogc/lib/wii\libogc.a(si.o)
 .text.__si_interrupthandler
                0x8001ce94      0x268 C:/devkitPro/libogc/lib/wii\libogc.a(si.o)
 .text.SI_GetType
                0x8001d0fc      0x1f4 C:/devkitPro/libogc/lib/wii\libogc.a(si.o)
                0x8001d0fc                SI_GetType
 .text.SI_GetTypeAsync
                0x8001d2f0      0x138 C:/devkitPro/libogc/lib/wii\libogc.a(si.o)
                0x8001d2f0                SI_GetTypeAsync
 .text.SI_EnablePollingInterrupt
                0x8001d428       0x8c C:/devkitPro/libogc/lib/wii\libogc.a(si.o)
                0x8001d428                SI_EnablePollingInterrupt
 .text.SI_UnregisterPollingHandler
                0x8001d4b4       0xe0 C:/devkitPro/libogc/lib/wii\libogc.a(si.o)
                0x8001d4b4                SI_UnregisterPollingHandler
 .text.__si_init
                0x8001d594       0xe8 C:/devkitPro/libogc/lib/wii\libogc.a(si.o)
                0x8001d594                __si_init
 .text.__ipc_sendrequest
                0x8001d67c      0x104 C:/devkitPro/libogc/lib/wii\libogc.a(ipc.o)
 .text.__ipc_syncrequest
                0x8001d780       0xe4 C:/devkitPro/libogc/lib/wii\libogc.a(ipc.o)
 .text.__ioctlvfmtCB
                0x8001d864      0x158 C:/devkitPro/libogc/lib/wii\libogc.a(ipc.o)
 .text.__ios_ioctlvformat_parse
                0x8001d9bc      0x820 C:/devkitPro/libogc/lib/wii\libogc.a(ipc.o)
 .text.__ipc_asyncrequest
                0x8001e1dc      0x13c C:/devkitPro/libogc/lib/wii\libogc.a(ipc.o)
 .text.__ipc_interrupthandler
                0x8001e318      0x34c C:/devkitPro/libogc/lib/wii\libogc.a(ipc.o)
 .text.iosCreateHeap
                0x8001e664      0x130 C:/devkitPro/libogc/lib/wii\libogc.a(ipc.o)
                0x8001e664                iosCreateHeap
 .text.iosAlloc
                0x8001e794       0x30 C:/devkitPro/libogc/lib/wii\libogc.a(ipc.o)
                0x8001e794                iosAlloc
 .text.iosFree  0x8001e7c4       0x28 C:/devkitPro/libogc/lib/wii\libogc.a(ipc.o)
                0x8001e7c4                iosFree
 .text.__IPC_ClntInit
                0x8001e7ec       0xc8 C:/devkitPro/libogc/lib/wii\libogc.a(ipc.o)
                0x8001e7ec                __IPC_ClntInit
 .text.IOS_Open
                0x8001e8b4      0x110 C:/devkitPro/libogc/lib/wii\libogc.a(ipc.o)
                0x8001e8b4                IOS_Open
 .text.IOS_Close
                0x8001e9c4       0xf0 C:/devkitPro/libogc/lib/wii\libogc.a(ipc.o)
                0x8001e9c4                IOS_Close
 .text.IOS_CloseAsync
                0x8001eab4       0xb4 C:/devkitPro/libogc/lib/wii\libogc.a(ipc.o)
                0x8001eab4                IOS_CloseAsync
 .text.IOS_Read
                0x8001eb68      0x10c C:/devkitPro/libogc/lib/wii\libogc.a(ipc.o)
                0x8001eb68                IOS_Read
 .text.IOS_Write
                0x8001ec74      0x10c C:/devkitPro/libogc/lib/wii\libogc.a(ipc.o)
                0x8001ec74                IOS_Write
 .text.IOS_Ioctl
                0x8001ed80      0x158 C:/devkitPro/libogc/lib/wii\libogc.a(ipc.o)
                0x8001ed80                IOS_Ioctl
 .text.IOS_IoctlAsync
                0x8001eed8      0x148 C:/devkitPro/libogc/lib/wii\libogc.a(ipc.o)
                0x8001eed8                IOS_IoctlAsync
 .text.IOS_Ioctlv
                0x8001f020      0x1f0 C:/devkitPro/libogc/lib/wii\libogc.a(ipc.o)
                0x8001f020                IOS_Ioctlv
 .text.IOS_IoctlvAsync
                0x8001f210      0x1d4 C:/devkitPro/libogc/lib/wii\libogc.a(ipc.o)
                0x8001f210                IOS_IoctlvAsync
 .text.IOS_IoctlvFormat
                0x8001f3e4      0x16c C:/devkitPro/libogc/lib/wii\libogc.a(ipc.o)
                0x8001f3e4                IOS_IoctlvFormat
 .text.IOS_IoctlvReboot
                0x8001f550      0x1f4 C:/devkitPro/libogc/lib/wii\libogc.a(ipc.o)
                0x8001f550                IOS_IoctlvReboot
 .text.gettick  0x8001f744        0x8 C:/devkitPro/libogc/lib/wii\libogc.a(timesupp.o)
                0x8001f744                gettick
 .text.gettime  0x8001f74c       0x18 C:/devkitPro/libogc/lib/wii\libogc.a(timesupp.o)
                0x8001f74c                gettime
 .text.settime  0x8001f764       0x14 C:/devkitPro/libogc/lib/wii\libogc.a(timesupp.o)
                0x8001f764                settime
 .text.diff_usec
                0x8001f778       0x88 C:/devkitPro/libogc/lib/wii\libogc.a(timesupp.o)
                0x8001f778                diff_usec
 .text.__timesystem_init
                0x8001f800       0x1c C:/devkitPro/libogc/lib/wii\libogc.a(timesupp.o)
                0x8001f800                __timesystem_init
 .text.udelay   0x8001f81c       0xac C:/devkitPro/libogc/lib/wii\libogc.a(timesupp.o)
                0x8001f81c                udelay
 .text.__libogc_nanosleep
                0x8001f8c8      0x144 C:/devkitPro/libogc/lib/wii\libogc.a(timesupp.o)
                0x8001f8c8                __libogc_nanosleep
 .text.__syscall_lock_init
                0x8001fa0c       0x6c C:/devkitPro/libogc/lib/wii\libogc.a(lock_supp.o)
                0x8001fa0c                __syscall_lock_init
 .text.__syscall_lock_init_recursive
                0x8001fa78       0x6c C:/devkitPro/libogc/lib/wii\libogc.a(lock_supp.o)
                0x8001fa78                __syscall_lock_init_recursive
 .text.__syscall_lock_close
                0x8001fae4       0x68 C:/devkitPro/libogc/lib/wii\libogc.a(lock_supp.o)
                0x8001fae4                __syscall_lock_close
 .text.__syscall_lock_acquire
                0x8001fb4c       0x18 C:/devkitPro/libogc/lib/wii\libogc.a(lock_supp.o)
                0x8001fb4c                __syscall_lock_acquire
 .text.__syscall_lock_release
                0x8001fb64       0x18 C:/devkitPro/libogc/lib/wii\libogc.a(lock_supp.o)
                0x8001fb64                __syscall_lock_release
 .text.__usbgecko_exi_unlock
                0x8001fb7c       0x34 C:/devkitPro/libogc/lib/wii\libogc.a(usbgecko.o)
 .text.usb_isgeckoalive
                0x8001fbb0      0x1bc C:/devkitPro/libogc/lib/wii\libogc.a(usbgecko.o)
                0x8001fbb0                usb_isgeckoalive
 .text.usb_sendbuffer_ex
                0x8001fd6c      0x214 C:/devkitPro/libogc/lib/wii\libogc.a(usbgecko.o)
                0x8001fd6c                usb_sendbuffer_ex
 .text.usb_sendbuffer
                0x8001ff80        0x8 C:/devkitPro/libogc/lib/wii\libogc.a(usbgecko.o)
                0x8001ff80                usb_sendbuffer
 .text.usb_sendbuffer_safe_ex
                0x8001ff88      0x2a8 C:/devkitPro/libogc/lib/wii\libogc.a(usbgecko.o)
                0x8001ff88                usb_sendbuffer_safe_ex
 .text.usb_sendbuffer_safe
                0x80020230        0x8 C:/devkitPro/libogc/lib/wii\libogc.a(usbgecko.o)
                0x80020230                usb_sendbuffer_safe
 .text._sbrk_r  0x80020238      0x28c C:/devkitPro/libogc/lib/wii\libogc.a(sbrk.o)
                0x80020238                _sbrk_r
 .text.__memlock_init
                0x800204c4       0x7c C:/devkitPro/libogc/lib/wii\libogc.a(malloc_lock.o)
                0x800204c4                __memlock_init
 .text.__libogc_malloc_lock
                0x80020540      0x1fc C:/devkitPro/libogc/lib/wii\libogc.a(malloc_lock.o)
                0x80020540                __libogc_malloc_lock
 .text.__libogc_malloc_unlock
                0x8002073c       0x64 C:/devkitPro/libogc/lib/wii\libogc.a(malloc_lock.o)
                0x8002073c                __libogc_malloc_unlock
 .text.__STM_SetEventHook
                0x800207a0       0xb0 C:/devkitPro/libogc/lib/wii\libogc.a(stm.o)
                0x800207a0                __STM_SetEventHook
 .text.__STM_Init
                0x80020850       0x8c C:/devkitPro/libogc/lib/wii\libogc.a(stm.o)
                0x80020850                __STM_Init
 .text.__STMEventHandler
                0x800208dc       0x64 C:/devkitPro/libogc/lib/wii\libogc.a(stm.o)
 .text.__STM_ReleaseEventHook
                0x80020940       0x80 C:/devkitPro/libogc/lib/wii\libogc.a(stm.o)
                0x80020940                __STM_ReleaseEventHook
 .text.__STM_Close
                0x800209c0       0xac C:/devkitPro/libogc/lib/wii\libogc.a(stm.o)
                0x800209c0                __STM_Close
 .text.STM_RegisterEventHandler
                0x80020a6c       0x10 C:/devkitPro/libogc/lib/wii\libogc.a(stm.o)
                0x80020a6c                STM_RegisterEventHandler
 .text.STM_ShutdownToStandby
                0x80020a7c       0x50 C:/devkitPro/libogc/lib/wii\libogc.a(stm.o)
                0x80020a7c                STM_ShutdownToStandby
 .text.STM_ShutdownToIdle
                0x80020acc       0x70 C:/devkitPro/libogc/lib/wii\libogc.a(stm.o)
                0x80020acc                STM_ShutdownToIdle
 .text.STM_SetLedMode
                0x80020b3c       0x40 C:/devkitPro/libogc/lib/wii\libogc.a(stm.o)
                0x80020b3c                STM_SetLedMode
 .text.STM_RebootSystem
                0x80020b7c       0x50 C:/devkitPro/libogc/lib/wii\libogc.a(stm.o)
                0x80020b7c                STM_RebootSystem
 .text.__IOS_InitializeSubsystems
                0x80020bcc       0x44 C:/devkitPro/libogc/lib/wii\libogc.a(ios.o)
                0x80020bcc                __IOS_InitializeSubsystems
 .text.__IOS_ShutdownSubsystems
                0x80020c10       0x44 C:/devkitPro/libogc/lib/wii\libogc.a(ios.o)
                0x80020c10                __IOS_ShutdownSubsystems
 .text.__IOS_LoadStartupIOS
                0x80020c54        0x8 C:/devkitPro/libogc/lib/wii\libogc.a(ios.o)
                0x80020c54                __IOS_LoadStartupIOS
 .text._ES_fstat_r
                0x80020c5c      0x120 C:/devkitPro/libogc/lib/wii\libogc.a(es.o)
 .text._ES_seek_r
                0x80020d7c       0xdc C:/devkitPro/libogc/lib/wii\libogc.a(es.o)
 .text._ES_close_r
                0x80020e58       0xac C:/devkitPro/libogc/lib/wii\libogc.a(es.o)
 .text.__ES_Init
                0x80020f04       0x78 C:/devkitPro/libogc/lib/wii\libogc.a(es.o)
                0x80020f04                __ES_Init
 .text.__ES_Close
                0x80020f7c       0x54 C:/devkitPro/libogc/lib/wii\libogc.a(es.o)
                0x80020f7c                __ES_Close
 .text.ES_GetTitleID
                0x80020fd0       0x94 C:/devkitPro/libogc/lib/wii\libogc.a(es.o)
                0x80020fd0                ES_GetTitleID
 .text.ES_LaunchTitle
                0x80021064       0xa4 C:/devkitPro/libogc/lib/wii\libogc.a(es.o)
                0x80021064                ES_LaunchTitle
 .text.ES_GetNumTicketViews
                0x80021108       0x98 C:/devkitPro/libogc/lib/wii\libogc.a(es.o)
                0x80021108                ES_GetNumTicketViews
 .text.ES_GetTicketViews
                0x800211a0       0x8c C:/devkitPro/libogc/lib/wii\libogc.a(es.o)
                0x800211a0                ES_GetTicketViews
 .text.ES_GetStoredTMD
                0x8002122c       0x90 C:/devkitPro/libogc/lib/wii\libogc.a(es.o)
                0x8002122c                ES_GetStoredTMD
 .text._ES_decodepath
                0x800212bc      0x440 C:/devkitPro/libogc/lib/wii\libogc.a(es.o)
 .text._ES_stat_r
                0x800216fc       0xf4 C:/devkitPro/libogc/lib/wii\libogc.a(es.o)
 .text._ES_open_r
                0x800217f0      0x1d0 C:/devkitPro/libogc/lib/wii\libogc.a(es.o)
 .text.ES_ReadContent
                0x800219c0       0x6c C:/devkitPro/libogc/lib/wii\libogc.a(es.o)
                0x800219c0                ES_ReadContent
 .text._ES_read_r
                0x80021a2c      0x17c C:/devkitPro/libogc/lib/wii\libogc.a(es.o)
 .text.__usbv5_devicechangeCB
                0x80021ba8      0x180 C:/devkitPro/libogc/lib/wii\libogc.a(usb.o)
 .text.__usbv5_attachfinishCB
                0x80021d28       0xcc C:/devkitPro/libogc/lib/wii\libogc.a(usb.o)
 .text.__usbv5_messageCB
                0x80021df4       0x5c C:/devkitPro/libogc/lib/wii\libogc.a(usb.o)
 .text.__usbv0_messageCB
                0x80021e50       0xa8 C:/devkitPro/libogc/lib/wii\libogc.a(usb.o)
 .text.__usb_control_message
                0x80021ef8      0x428 C:/devkitPro/libogc/lib/wii\libogc.a(usb.o)
 .text.__usb_interrupt_bulk_message
                0x80022320      0x2c0 C:/devkitPro/libogc/lib/wii\libogc.a(usb.o)
 .text.USB_FreeDescriptors.part.0
                0x800225e0       0xfc C:/devkitPro/libogc/lib/wii\libogc.a(usb.o)
 .text.USB_GetDescriptors.part.0
                0x800226dc      0x674 C:/devkitPro/libogc/lib/wii\libogc.a(usb.o)
 .text.USBV5_SuspendResume
                0x80022d50      0x138 C:/devkitPro/libogc/lib/wii\libogc.a(usb.o)
 .text.USBV5_GetDescriptors
                0x80022e88      0x518 C:/devkitPro/libogc/lib/wii\libogc.a(usb.o)
 .text.USB_Deinitialize
                0x800233a0       0xc8 C:/devkitPro/libogc/lib/wii\libogc.a(usb.o)
                0x800233a0                USB_Deinitialize
 .text.USB_Initialize
                0x80023468      0x2f8 C:/devkitPro/libogc/lib/wii\libogc.a(usb.o)
                0x80023468                USB_Initialize
 .text.USB_OpenDevice
                0x80023760      0x2b8 C:/devkitPro/libogc/lib/wii\libogc.a(usb.o)
                0x80023760                USB_OpenDevice
 .text.USBV5_CloseDevice
                0x80023a18      0x128 C:/devkitPro/libogc/lib/wii\libogc.a(usb.o)
                0x80023a18                USBV5_CloseDevice
 .text.USB_CloseDeviceAsync
                0x80023b40       0xd0 C:/devkitPro/libogc/lib/wii\libogc.a(usb.o)
                0x80023b40                USB_CloseDeviceAsync
 .text.USB_ReadIntrMsgAsync
                0x80023c10       0x28 C:/devkitPro/libogc/lib/wii\libogc.a(usb.o)
                0x80023c10                USB_ReadIntrMsgAsync
 .text.USB_ReadBlkMsgAsync
                0x80023c38       0x28 C:/devkitPro/libogc/lib/wii\libogc.a(usb.o)
                0x80023c38                USB_ReadBlkMsgAsync
 .text.USB_WriteBlkMsgAsync
                0x80023c60       0x28 C:/devkitPro/libogc/lib/wii\libogc.a(usb.o)
                0x80023c60                USB_WriteBlkMsgAsync
 .text.USB_WriteCtrlMsgAsync
                0x80023c88        0x4 C:/devkitPro/libogc/lib/wii\libogc.a(usb.o)
                0x80023c88                USB_WriteCtrlMsgAsync
 .text.__CheckARGV
                0x80023c8c       0x80 C:/devkitPro/libogc/lib/wii\libogc.a(argv.o)
                0x80023c8c                __CheckARGV
 .text.CONF_Init
                0x80023d0c      0x184 C:/devkitPro/libogc/lib/wii\libogc.a(conf.o)
                0x80023d0c                CONF_Init
 .text.__CONF_GetTxt
                0x80023e90      0x208 C:/devkitPro/libogc/lib/wii\libogc.a(conf.o)
                0x80023e90                __CONF_GetTxt
 .text.__CONF_Find
                0x80024098       0xfc C:/devkitPro/libogc/lib/wii\libogc.a(conf.o)
                0x80024098                __CONF_Find
 .text.CONF_GetLength
                0x80024194      0x12c C:/devkitPro/libogc/lib/wii\libogc.a(conf.o)
                0x80024194                CONF_GetLength
 .text.CONF_Get
                0x800242c0      0x140 C:/devkitPro/libogc/lib/wii\libogc.a(conf.o)
                0x800242c0                CONF_Get
 .text.CONF_GetShutdownMode
                0x80024400       0x54 C:/devkitPro/libogc/lib/wii\libogc.a(conf.o)
                0x80024400                CONF_GetShutdownMode
 .text.CONF_GetIdleLedMode
                0x80024454       0x54 C:/devkitPro/libogc/lib/wii\libogc.a(conf.o)
                0x80024454                CONF_GetIdleLedMode
 .text.CONF_GetProgressiveScan
                0x800244a8       0x54 C:/devkitPro/libogc/lib/wii\libogc.a(conf.o)
                0x800244a8                CONF_GetProgressiveScan
 .text.CONF_GetEuRGB60
                0x800244fc       0x54 C:/devkitPro/libogc/lib/wii\libogc.a(conf.o)
                0x800244fc                CONF_GetEuRGB60
 .text.CONF_GetIRSensitivity
                0x80024550       0x54 C:/devkitPro/libogc/lib/wii\libogc.a(conf.o)
                0x80024550                CONF_GetIRSensitivity
 .text.CONF_GetSensorBarPosition
                0x800245a4       0x54 C:/devkitPro/libogc/lib/wii\libogc.a(conf.o)
                0x800245a4                CONF_GetSensorBarPosition
 .text.CONF_GetCounterBias
                0x800245f8       0x4c C:/devkitPro/libogc/lib/wii\libogc.a(conf.o)
                0x800245f8                CONF_GetCounterBias
 .text.CONF_GetDisplayOffsetH
                0x80024644       0x4c C:/devkitPro/libogc/lib/wii\libogc.a(conf.o)
                0x80024644                CONF_GetDisplayOffsetH
 .text.CONF_GetPadDevices
                0x80024690       0x4c C:/devkitPro/libogc/lib/wii\libogc.a(conf.o)
                0x80024690                CONF_GetPadDevices
 .text.CONF_GetVideo
                0x800246dc       0x88 C:/devkitPro/libogc/lib/wii\libogc.a(conf.o)
                0x800246dc                CONF_GetVideo
 .text.__WII_WriteNANDBootInfo.isra.0
                0x80024764       0xbc C:/devkitPro/libogc/lib/wii\libogc.a(wiilaunch.o)
 .text.__WII_WriteStateFlags.isra.0
                0x80024820       0x94 C:/devkitPro/libogc/lib/wii\libogc.a(wiilaunch.o)
 .text.WII_Initialize
                0x800248b4      0x188 C:/devkitPro/libogc/lib/wii\libogc.a(wiilaunch.o)
                0x800248b4                WII_Initialize
 .text.WII_LaunchTitle
                0x80024a3c      0x1ac C:/devkitPro/libogc/lib/wii\libogc.a(wiilaunch.o)
                0x80024a3c                WII_LaunchTitle
 .text.WII_ReturnToMenu
                0x80024be8       0x58 C:/devkitPro/libogc/lib/wii\libogc.a(wiilaunch.o)
                0x80024be8                WII_ReturnToMenu
 .text.__lwp_priority_init
                0x80024c40       0x1c C:/devkitPro/libogc/lib/wii\libogc.a(lwp_priority.o)
                0x80024c40                __lwp_priority_init
 .text.__lwp_threadqueue_enqueuefifo
                0x80024c5c      0x12c C:/devkitPro/libogc/lib/wii\libogc.a(lwp_threadq.o)
                0x80024c5c                __lwp_threadqueue_enqueuefifo
 .text.__lwp_threadqueue_dequeuefifo
                0x80024d88      0x134 C:/devkitPro/libogc/lib/wii\libogc.a(lwp_threadq.o)
                0x80024d88                __lwp_threadqueue_dequeuefifo
 .text.__lwp_threadqueue_enqueuepriority
                0x80024ebc      0x334 C:/devkitPro/libogc/lib/wii\libogc.a(lwp_threadq.o)
                0x80024ebc                __lwp_threadqueue_enqueuepriority
 .text.__lwp_threadqueue_dequeuepriority
                0x800251f0      0x1d8 C:/devkitPro/libogc/lib/wii\libogc.a(lwp_threadq.o)
                0x800251f0                __lwp_threadqueue_dequeuepriority
 .text.__lwp_threadqueue_init
                0x800253c8       0x64 C:/devkitPro/libogc/lib/wii\libogc.a(lwp_threadq.o)
                0x800253c8                __lwp_threadqueue_init
 .text.__lwp_threadqueue_enqueue
                0x8002542c      0x138 C:/devkitPro/libogc/lib/wii\libogc.a(lwp_threadq.o)
                0x8002542c                __lwp_threadqueue_enqueue
 .text.__lwp_threadqueue_dequeue
                0x80025564       0x24 C:/devkitPro/libogc/lib/wii\libogc.a(lwp_threadq.o)
                0x80025564                __lwp_threadqueue_dequeue
 .text.__lwp_threadqueue_flush
                0x80025588       0x68 C:/devkitPro/libogc/lib/wii\libogc.a(lwp_threadq.o)
                0x80025588                __lwp_threadqueue_flush
 .text.__lwp_threadqueue_extractfifo
                0x800255f0       0xe8 C:/devkitPro/libogc/lib/wii\libogc.a(lwp_threadq.o)
                0x800255f0                __lwp_threadqueue_extractfifo
 .text.__lwp_threadqueue_extractpriority
                0x800256d8      0x148 C:/devkitPro/libogc/lib/wii\libogc.a(lwp_threadq.o)
                0x800256d8                __lwp_threadqueue_extractpriority
 .text.__lwp_threadqueue_timeout
                0x80025820       0xd0 C:/devkitPro/libogc/lib/wii\libogc.a(lwp_threadq.o)
 .text.__lwp_threadqueue_extractproxy
                0x800258f0       0x64 C:/devkitPro/libogc/lib/wii\libogc.a(lwp_threadq.o)
                0x800258f0                __lwp_threadqueue_extractproxy
 .text.__lwp_mutex_initialize
                0x80025954       0xa4 C:/devkitPro/libogc/lib/wii\libogc.a(lwp_mutex.o)
                0x80025954                __lwp_mutex_initialize
 .text.__lwp_mutex_surrender
                0x800259f8      0x14c C:/devkitPro/libogc/lib/wii\libogc.a(lwp_mutex.o)
                0x800259f8                __lwp_mutex_surrender
 .text.__lwp_mutex_seize_irq_blocking
                0x80025b44       0xf8 C:/devkitPro/libogc/lib/wii\libogc.a(lwp_mutex.o)
                0x80025b44                __lwp_mutex_seize_irq_blocking
 .text.__lwp_mutex_flush
                0x80025c3c        0x4 C:/devkitPro/libogc/lib/wii\libogc.a(lwp_mutex.o)
                0x80025c3c                __lwp_mutex_flush
 .text.__systemcall_init
                0x80025c40       0x70 C:/devkitPro/libogc/lib/wii\libogc.a(exception.o)
                0x80025c40                __systemcall_init
 .text.__exception_init
                0x80025cb0      0x120 C:/devkitPro/libogc/lib/wii\libogc.a(exception.o)
                0x80025cb0                __exception_init
 .text.__exception_close
                0x80025dd0       0xac C:/devkitPro/libogc/lib/wii\libogc.a(exception.o)
                0x80025dd0                __exception_close
 .text.__exception_closeall
                0x80025e7c       0x80 C:/devkitPro/libogc/lib/wii\libogc.a(exception.o)
                0x80025e7c                __exception_closeall
 .text.c_default_exceptionhandler
                0x80025efc      0x458 C:/devkitPro/libogc/lib/wii\libogc.a(exception.o)
                0x80025efc                c_default_exceptionhandler
 .text.__lwp_sema_init
                0x80026354       0x14 C:/devkitPro/libogc/lib/wii\libogc.a(semaphore.o)
                0x80026354                __lwp_sema_init
 .text.SPEC1_MakeStatus
                0x80026368      0x104 C:/devkitPro/libogc/lib/wii\libogc.a(pad.o)
 .text.__pad_samplinghandler
                0x8002646c        0x4 C:/devkitPro/libogc/lib/wii\libogc.a(pad.o)
 .text.__pad_doreset
                0x80026470       0x50 C:/devkitPro/libogc/lib/wii\libogc.a(pad.o)
 .text.__pad_updateorigin
                0x800264c0       0xa4 C:/devkitPro/libogc/lib/wii\libogc.a(pad.o)
 .text.__pad_disable
                0x80026564       0xbc C:/devkitPro/libogc/lib/wii\libogc.a(pad.o)
 .text.__pad_receivecheckcallback
                0x80026620       0x84 C:/devkitPro/libogc/lib/wii\libogc.a(pad.o)
 .text.__pad_typeandstatuscallback
                0x800266a4      0x1ac C:/devkitPro/libogc/lib/wii\libogc.a(pad.o)
 .text.__pad_originupdatecallback
                0x80026850       0x2c C:/devkitPro/libogc/lib/wii\libogc.a(pad.o)
 .text.__pad_onreset
                0x8002687c      0x108 C:/devkitPro/libogc/lib/wii\libogc.a(pad.o)
 .text.SPEC2_MakeStatus
                0x80026984      0x214 C:/devkitPro/libogc/lib/wii\libogc.a(pad.o)
 .text.__pad_origincallback
                0x80026b98       0x74 C:/devkitPro/libogc/lib/wii\libogc.a(pad.o)
 .text.__pad_probecallback
                0x80026c0c       0x88 C:/devkitPro/libogc/lib/wii\libogc.a(pad.o)
 .text.__PADDisableRecalibration
                0x80026c94       0x64 C:/devkitPro/libogc/lib/wii\libogc.a(pad.o)
                0x80026c94                __PADDisableRecalibration
 .text.PAD_Reset
                0x80026cf8       0xf0 C:/devkitPro/libogc/lib/wii\libogc.a(pad.o)
                0x80026cf8                PAD_Reset
 .text.PAD_Read
                0x80026de8      0x2d4 C:/devkitPro/libogc/lib/wii\libogc.a(pad.o)
                0x80026de8                PAD_Read
 .text.PAD_Init
                0x800270bc       0xf8 C:/devkitPro/libogc/lib/wii\libogc.a(pad.o)
                0x800270bc                PAD_Init
 .text.PAD_ScanPads
                0x800271b4      0x15c C:/devkitPro/libogc/lib/wii\libogc.a(pad.o)
                0x800271b4                PAD_ScanPads
 .text.PAD_ButtonsDown
                0x80027310       0x40 C:/devkitPro/libogc/lib/wii\libogc.a(pad.o)
                0x80027310                PAD_ButtonsDown
 .text.__exi_irq_handler
                0x80027350       0x58 C:/devkitPro/libogc/lib/wii\libogc.a(exi.o)
 .text.__ext_irq_handler
                0x800273a8       0xc8 C:/devkitPro/libogc/lib/wii\libogc.a(exi.o)
 .text.__tc_irq_handler
                0x80027470      0x178 C:/devkitPro/libogc/lib/wii\libogc.a(exi.o)
 .text.__exi_probe
                0x800275e8      0x214 C:/devkitPro/libogc/lib/wii\libogc.a(exi.o)
 .text.__exi_attach
                0x800277fc      0x104 C:/devkitPro/libogc/lib/wii\libogc.a(exi.o)
 .text.EXI_Lock
                0x80027900      0x218 C:/devkitPro/libogc/lib/wii\libogc.a(exi.o)
                0x80027900                EXI_Lock
 .text.EXI_Unlock
                0x80027b18      0x224 C:/devkitPro/libogc/lib/wii\libogc.a(exi.o)
                0x80027b18                EXI_Unlock
 .text.EXI_Select
                0x80027d3c      0x208 C:/devkitPro/libogc/lib/wii\libogc.a(exi.o)
                0x80027d3c                EXI_Select
 .text.EXI_Deselect
                0x80027f44      0x16c C:/devkitPro/libogc/lib/wii\libogc.a(exi.o)
                0x80027f44                EXI_Deselect
 .text.EXI_Sync
                0x800280b0      0x108 C:/devkitPro/libogc/lib/wii\libogc.a(exi.o)
                0x800280b0                EXI_Sync
 .text.EXI_Imm  0x800281b8      0x1f8 C:/devkitPro/libogc/lib/wii\libogc.a(exi.o)
                0x800281b8                EXI_Imm
 .text.EXI_ImmEx
                0x800283b0       0xd8 C:/devkitPro/libogc/lib/wii\libogc.a(exi.o)
                0x800283b0                EXI_ImmEx
 .text.EXI_Dma  0x80028488      0x16c C:/devkitPro/libogc/lib/wii\libogc.a(exi.o)
                0x80028488                EXI_Dma
 .text.EXI_Detach
                0x800285f4       0xb0 C:/devkitPro/libogc/lib/wii\libogc.a(exi.o)
                0x800285f4                EXI_Detach
 .text.EXI_GetID
                0x800286a4      0x338 C:/devkitPro/libogc/lib/wii\libogc.a(exi.o)
                0x800286a4                EXI_GetID
 .text.__unlocked_handler
                0x800289dc       0x28 C:/devkitPro/libogc/lib/wii\libogc.a(exi.o)
 .text.EXI_ProbeReset
                0x80028a04       0x70 C:/devkitPro/libogc/lib/wii\libogc.a(exi.o)
                0x80028a04                EXI_ProbeReset
 .text.__exi_init
                0x80028a74      0x188 C:/devkitPro/libogc/lib/wii\libogc.a(exi.o)
                0x80028a74                __exi_init
 .text.__lwp_mutex_locksupp.constprop.0
                0x80028bfc      0x2a8 C:/devkitPro/libogc/lib/wii\libogc.a(mutex.o)
 .text.__lwp_mutex_init
                0x80028ea4       0x14 C:/devkitPro/libogc/lib/wii\libogc.a(mutex.o)
                0x80028ea4                __lwp_mutex_init
 .text.LWP_MutexInit
                0x80028eb8      0x100 C:/devkitPro/libogc/lib/wii\libogc.a(mutex.o)
                0x80028eb8                LWP_MutexInit
 .text.LWP_MutexDestroy
                0x80028fb8       0xf0 C:/devkitPro/libogc/lib/wii\libogc.a(mutex.o)
                0x80028fb8                LWP_MutexDestroy
 .text.LWP_MutexLock
                0x800290a8        0x8 C:/devkitPro/libogc/lib/wii\libogc.a(mutex.o)
                0x800290a8                LWP_MutexLock
 .text.LWP_MutexUnlock
                0x800290b0       0x9c C:/devkitPro/libogc/lib/wii\libogc.a(mutex.o)
                0x800290b0                LWP_MutexUnlock
 .text.__GX_InitRevBits
                0x8002914c       0x98 C:/devkitPro/libogc/lib/wii\libogc.a(gx.o)
 .text.GX_AbortFrame
                0x800291e4      0x3d8 C:/devkitPro/libogc/lib/wii\libogc.a(gx.o)
                0x800291e4                GX_AbortFrame
 .text.number   0x800295bc      0x318 C:/devkitPro/libogc/lib/wii\libogc.a(kprintf.o)
 .text.kvsprintf
                0x800298d4      0x888 C:/devkitPro/libogc/lib/wii\libogc.a(kprintf.o)
                0x800298d4                kvsprintf
 .text.kprintf  0x8002a15c       0xac C:/devkitPro/libogc/lib/wii\libogc.a(kprintf.o)
                0x8002a15c                kprintf
 .text.net_wc24cleanup
                0x8002a208       0x64 C:/devkitPro/libogc/lib/wii\libogc.a(network_wii.o)
                0x8002a208                net_wc24cleanup
 .text.atanf    0x8002a26c      0x290 C:/devkitPro/devkitPPC/bin/../lib/gcc/powerpc-eabi/13.2.0/../../../../powerpc-eabi/lib\libm.a(libm_a-sf_atan.o)
                0x8002a26c                atanf
 .text.atan2    0x8002a4fc        0x4 C:/devkitPro/devkitPPC/bin/../lib/gcc/powerpc-eabi/13.2.0/../../../../powerpc-eabi/lib\libm.a(libm_a-w_atan2.o)
                0x8002a4fc                atan2
 .text.fabsf    0x8002a500       0x20 C:/devkitPro/devkitPPC/bin/../lib/gcc/powerpc-eabi/13.2.0/../../../../powerpc-eabi/lib\libm.a(libm_a-sf_fabs.o)
                0x8002a500                fabsf
 .text.cosf     0x8002a520       0xe0 C:/devkitPro/devkitPPC/bin/../lib/gcc/powerpc-eabi/13.2.0/../../../../powerpc-eabi/lib\libm.a(libm_a-sf_cos.o)
                0x8002a520                cosf
 .text.sqrtf    0x8002a600       0x74 C:/devkitPro/devkitPPC/bin/../lib/gcc/powerpc-eabi/13.2.0/../../../../powerpc-eabi/lib\libm.a(libm_a-wf_sqrt.o)
                0x8002a600                sqrtf
 .text.hypotf   0x8002a674       0x8c C:/devkitPro/devkitPPC/bin/../lib/gcc/powerpc-eabi/13.2.0/../../../../powerpc-eabi/lib\libm.a(libm_a-wf_hypot.o)