Archive member included to satisfy reference by file (symbol)

C:/devkitPro/libogc/lib/wii\libwiiuse.a(wpad.o)
                              main.o (WPAD_Init)
C:/devkitPro/libogc/lib/wii\libwiiuse.a(motion_plus.o)
                              C:/devkitPro/libogc/lib/wii\libwiiuse.a(wpad.o) (wiiuse_set_motion_plus)
C:/devkitPro/libogc/lib/wii\libwiiuse.a(dynamics.o)
                              C:/devkitPro/libogc/lib/wii\libwiiuse.a(wpad.o) (calculate_gforce)
C:/devkitPro/libogc/lib/wii\libwiiuse.a(io.o)
                              C:/devkitPro/libogc/lib/wii\libwiiuse.a(motion_plus.o) (wiiuse_disable_expansion)
C:/devkitPro/libogc/lib/wii\libwiiuse.a(io_wii.o)
                              C:/devkitPro/libogc/lib/wii\libwiiuse.a(wpad.o) (__wiiuse_sensorbar_enable)
C:/devkitPro/libogc/lib/wii\libwiiuse.a(ir.o)
                              C:/devkitPro/libogc/lib/wii\libwiiuse.a(motion_plus.o) (wiiuse_set_ir_mode)
C:/devkitPro/libogc/lib/wii\libwiiuse.a(nunchuk.o)
                              C:/devkitPro/libogc/lib/wii\libwiiuse.a(io.o) (nunchuk_handshake)
C:/devkitPro/libogc/lib/wii\libwiiuse.a(wiiboard.o)
                              C:/devkitPro/libogc/lib/wii\libwiiuse.a(io.o) (wii_board_handshake)
C:/devkitPro/libogc/lib/wii\libwiiuse.a(wiiuse.o)
                              C:/devkitPro/libogc/lib/wii\libwiiuse.a(wpad.o) (wiiuse_init)
C:/devkitPro/libogc/lib/wii\libwiiuse.a(speaker.o)
                              C:/devkitPro/libogc/lib/wii\libwiiuse.a(wpad.o) (wencdata)
C:/devkitPro/libogc/lib/wii\libwiiuse.a(classic.o)
                              C:/devkitPro/libogc/lib/wii\libwiiuse.a(io.o) (classic_ctrl_handshake)
C:/devkitPro/libogc/lib/wii\libwiiuse.a(events.o)
                              C:/devkitPro/libogc/lib/wii\libwiiuse.a(io_wii.o) (parse_event)
C:/devkitPro/libogc/lib/wii\libwiiuse.a(guitar_hero_3.o)
                              C:/devkitPro/libogc/lib/wii\libwiiuse.a(io.o) (guitar_hero_3_handshake)
C:/devkitPro/libogc/lib/wii\libbte.a(bte.o)
                              C:/devkitPro/libogc/lib/wii\libwiiuse.a(wpad.o) (BTE_Init)
C:/devkitPro/libogc/lib/wii\libbte.a(hci.o)
                              C:/devkitPro/libogc/lib/wii\libbte.a(bte.o) (hci_init)
C:/devkitPro/libogc/lib/wii\libbte.a(l2cap.o)
                              C:/devkitPro/libogc/lib/wii\libbte.a(bte.o) (l2cap_init)
C:/devkitPro/libogc/lib/wii\libbte.a(btmemb.o)
                              C:/devkitPro/libogc/lib/wii\libbte.a(bte.o) (btmemb_init)
C:/devkitPro/libogc/lib/wii\libbte.a(btmemr.o)
                              C:/devkitPro/libogc/lib/wii\libbte.a(hci.o) (btmemr_init)
C:/devkitPro/libogc/lib/wii\libbte.a(btpbuf.o)
                              C:/devkitPro/libogc/lib/wii\libbte.a(hci.o) (btpbuf_init)
C:/devkitPro/libogc/lib/wii\libbte.a(physbusif.o)
                              C:/devkitPro/libogc/lib/wii\libbte.a(bte.o) (physbusif_init)
C:/devkitPro/libogc/lib/wii\libogc.a(console.o)
                              main.o (CON_Init)
C:/devkitPro/libogc/lib/wii\libogc.a(lwp_queue.o)
                              C:/devkitPro/libogc/lib/wii\libwiiuse.a(io_wii.o) (__lwp_queue_initialize)
C:/devkitPro/libogc/lib/wii\libogc.a(lwp_threads.o)
                              C:/devkitPro/libogc/lib/wii\libwiiuse.a(wpad.o) (_thread_dispatch_disable_level)
C:/devkitPro/libogc/lib/wii\libogc.a(lwp.o)
                              C:/devkitPro/libogc/lib/wii\libbte.a(bte.o) (LWP_InitQueue)
C:/devkitPro/libogc/lib/wii\libogc.a(lwp_handler.o)
                              C:/devkitPro/libogc/lib/wii\libogc.a(lwp_threads.o) (_cpu_context_save_fp)
C:/devkitPro/libogc/lib/wii\libogc.a(lwp_stack.o)
                              C:/devkitPro/libogc/lib/wii\libogc.a(lwp_threads.o) (__lwp_stack_allocate)
C:/devkitPro/libogc/lib/wii\libogc.a(lwp_watchdog.o)
                              C:/devkitPro/libogc/lib/wii\libogc.a(lwp_threads.o) (_wd_ticks_queue)
C:/devkitPro/libogc/lib/wii\libogc.a(lwp_wkspace.o)
                              C:/devkitPro/libogc/lib/wii\libwiiuse.a(motion_plus.o) (__wkspace_heap)
C:/devkitPro/libogc/lib/wii\libogc.a(lwp_objmgr.o)
                              C:/devkitPro/libogc/lib/wii\libogc.a(lwp.o) (__lwp_objmgr_initinfo)
C:/devkitPro/libogc/lib/wii\libogc.a(lwp_heap.o)
                              C:/devkitPro/libogc/lib/wii\libogc.a(lwp_wkspace.o) (__lwp_heap_init)
C:/devkitPro/libogc/lib/wii\libogc.a(sys_state.o)
                              C:/devkitPro/libogc/lib/wii\libogc.a(lwp_threads.o) (_sys_state_curr)
C:/devkitPro/libogc/lib/wii\libogc.a(irq.o)
                              C:/devkitPro/libogc/lib/wii\libwiiuse.a(io_wii.o) (IRQ_Disable)
C:/devkitPro/libogc/lib/wii\libogc.a(video.o)
                              C:/devkitPro/libogc/lib/wii\libogc.a(console.o) (VIDEO_GetCurrentFramebuffer)
C:/devkitPro/libogc/lib/wii\libogc.a(system.o)
[...]
Memory Configuration

Name             Origin             Length             Attributes
*default*        0x00000000         0xffffffff

Linker script and memory map

                0x00003400                        . = 0x3400

.stub
 *(.stub)
                0x80004000                        . = 0x80004000

.init           0x80004000      0x194
 *crt0.o(*.init)
 .init          0x80004000      0x170 C:/devkitPro/libogc/lib/wii\libogc.a(ogc_crt0.o)
                0x80004000                _start
                0x80004140                _memset
 *(.init)
 .init          0x80004170        0xc C:/devkitPro/devkitPPC/bin/../lib/gcc/powerpc-eabi/13.2.0/ecrti.o
                0x80004170                __init
 .init          0x8000417c        0x4 C:/devkitPro/devkitPPC/bin/../lib/gcc/powerpc-eabi/13.2.0/crtbegin.o
 .init          0x80004180        0x4 C:/devkitPro/devkitPPC/bin/../lib/gcc/powerpc-eabi/13.2.0/crtend.o
 .init          0x80004184       0x10 C:/devkitPro/devkitPPC/bin/../lib/gcc/powerpc-eabi/13.2.0/ecrtn.o

.rela.dyn       0x80004194        0x0
 .rela.iplt     0x80004194        0x0 C:/devkitPro/devkitPPC/bin/../lib/gcc/powerpc-eabi/13.2.0/crtbegin.o

.plt
 *(.plt)

.interp
 *(.interp)

.hash
 *(.hash)

.dynsym
 *(.dynsym)

.dynstr
 *(.dynstr)

.gnu.version
 *(.gnu.version)

.gnu.version_d
 *(.gnu.version_d)

.gnu.version_r
 *(.gnu.version_r)

.rel.init
 *(.rel.init)

.rela.init
 *(.rela.init)

.rel.text
 *(.rel.text .rel.text.* .rel.gnu.linkonce.t.*)

.rela.text      0x80004194        0x0
 *(.rela.text .rela.text.* .rela.gnu.linkonce.t.*)
 .rela.text.__do_global_dtors_aux
                0x80004194        0x0 C:/devkitPro/devkitPPC/bin/../lib/gcc/powerpc-eabi/13.2.0/crtbegin.o
 .rela.text.frame_dummy
                0x80004194        0x0 C:/devkitPro/devkitPPC/bin/../lib/gcc/powerpc-eabi/13.2.0/crtbegin.o

.rel.fini
 *(.rel.fini)

.rela.fini
 *(.rela.fini)

.rel.rodata
 *(.rel.rodata .rel.rodata.* .rel.gnu.linkonce.r.*)

.rela.rodata
 *(.rela.rodata .rela.rodata.* .rela.gnu.linkonce.r.*)

.rel.data
 *(.rel.data .rel.data.* .rel.gnu.linkonce.d.*)

.rela.data
 *(.rela.data .rela.data.* .rela.gnu.linkonce.d.*)

.rel.tdata
 *(.rel.tdata .rel.tdata.* .rel.gnu.linkonce.td.*)

.rela.tdata
 *(.rela.tdata .rela.tdata.* .rela.gnu.linkonce.td.*)

.rel.tbss
 *(.rel.tbss .rel.tbss.* .rel.gnu.linkonce.tb.*)

.rela.tbss
 *(.rela.tbss .rela.tbss.* .rela.gnu.linkonce.tb.*)

.rel.ctors
 *(.rel.ctors)

.rela.ctors
 *(.rela.ctors)

.rel.dtors
 *(.rel.dtors)

.rela.dtors
 *(.rela.dtors)

.rel.got
 *(.rel.got)

.rela.got
 *(.rela.got)

.rela.got1
 *(.rela.got1)

.rela.got2
 *(.rela.got2)

.rel.sdata
 *(.rel.sdata .rel.sdata.* .rel.gnu.linkonce.s.*)

.rela.sdata
 *(.rela.sdata .rela.sdata.* .rela.gnu.linkonce.s.*)

.rel.sbss
 *(.rel.sbss .rel.sbss.* .rel.gnu.linkonce.sb.*)

.rela.sbss
 *(.rela.sbss .rela.sbss.* .rel.gnu.linkonce.sb.*)

.rel.sdata2
 *(.rel.sdata2 .rel.sdata2.* .rel.gnu.linkonce.s2.*)

.rela.sdata2
 *(.rela.sdata2 .rela.sdata2.* .rela.gnu.linkonce.s2.*)

.rel.sbss2
 *(.rel.sbss2 .rel.sbss2.* .rel.gnu.linkonce.sb2.*)

.rela.sbss2
 *(.rela.sbss2 .rela.sbss2.* .rela.gnu.linkonce.sb2.*)

.rel.bss
 *(.rel.bss .rel.bss.* .rel.gnu.linkonce.b.*)

.rela.bss
 *(.rela.bss .rela.bss.* .rela.gnu.linkonce.b.*)

.rel.plt
 *(.rel.plt)

.rela.plt
 *(.rela.plt)

.text           0x800041a0    0x3d9e0
 *(.text)
 .text          0x800041a0      0x44c C:/devkitPro/libogc/lib/wii\libogc.a(lwp_handler.o)
                0x800041a0                _cpu_context_save_fp
                0x800042e0                _cpu_context_restore_fp
                0x80004420                _cpu_context_switch
                0x80004500                _cpu_context_save
                0x80004580                _cpu_context_restore
 .text          0x800045ec      0x4a0 C:/devkitPro/libogc/lib/wii\libogc.a(system_asm.o)
                0x800045ec                __realmode
                0x80004604                __configBATS
                0x80004734                __InitFPRS
                0x80004860                __InitPS
                0x800048bc                __InitCache
                0x80004914                __InitSystem
                0x8000499c                __flush_cache
                0x800049d0                __reset
                0x80004a40                __InitBATS
                0x80004a5c                SYS_SwitchFiber
 .text          0x80004a8c      0x1ac C:/devkitPro/libogc/lib/wii\libogc.a(irq_handler.o)
                0x80004a8c                irq_exceptionhandler
 .text          0x80004c38      0x4f4 C:/devkitPro/libogc/lib/wii\libogc.a(cache_asm.o)
                0x80004c38                DCFlashInvalidate
                0x80004c4c                DCEnable
                0x80004c60                DCDisable
                0x80004c74                DCFreeze
                0x80004c88                DCUnfreeze
                0x80004c9c                DCTouchLoad
                0x80004ca4                DCBlockZero
                0x80004cac                DCBlockStore
                0x80004cb4                DCBlockFlush
                0x80004cbc                DCBlockInvalidate
                0x80004cc4                DCInvalidateRange
                0x80004cf4                DCFlushRange
                0x80004d28                DCStoreRange
                0x80004d5c                DCFlushRangeNoSync
                0x80004d8c                DCStoreRangeNoSync
                0x80004dbc                DCZeroRange
                0x80004dec                DCTouchRange
                0x80004e1c                ICInvalidateRange
                0x80004e54                ICFlashInvalidate
                0x80004e68                ICEnable
                0x80004e7c                ICDisable
                0x80004e90                ICFreeze
                0x80004ea4                ICUnfreeze
                0x80004eb8                ICBlockInvalidate
                0x80004ec0                ICSync
                0x80004ec8                L2Init
                0x80004f10                L2Enable
                0x80004f2c                L2Disable
                0x80004f44                L2GlobalInvalidate
                0x80004f9c                __LCEnable
                0x80005068                LCDisable
                0x80005090                LCAllocOneTag
                0x800050a4                LCAllocTags
                0x800050e4                LCLoadBlocks
                0x80005108                LCStoreBlocks
 .text          0x8000512c      0x1ac C:/devkitPro/libogc/lib/wii\libogc.a(decrementer_handler.o)
                0x8000512c                dec_exceptionhandler
 .text          0x800052d8      0x35c C:/devkitPro/libogc/lib/wii\libogc.a(exception_handler.o)
                0x800052d8                exceptionhandler_start
                0x80005354                exceptionhandler_patch
                0x80005388                exceptionhandler_end
                0x8000538c                default_exceptionhandler
                0x800054bc                fpu_exceptionhandler
                0x80005604                systemcallhandler_start
                0x80005630                systemcallhandler_end
 .text          0x80005634       0x48 C:/devkitPro/devkitPPC/bin/../lib/gcc/powerpc-eabi/13.2.0\libgcc.a(eabi.o)
                0x80005634                __eabi
 .text          0x8000567c       0x58 C:/devkitPro/devkitPPC/bin/../lib/gcc/powerpc-eabi/13.2.0\libgcc.a(crtresxfpr.o)
                0x8000567c                _restfpr_14_x
                0x80005680                _restfpr_15_x
                0x80005684                _restfpr_16_x
                0x80005688                _restfpr_17_x
                0x8000568c                _restfpr_18_x
                0x80005690                _restfpr_19_x
                0x80005694                _restfpr_20_x
                0x80005698                _restfpr_21_x
                0x8000569c                _restfpr_22_x
                0x800056a0                _restfpr_23_x
                0x800056a4                _restfpr_24_x
                0x800056a8                _restfpr_25_x
                0x800056ac                _restfpr_26_x
                0x800056b0                _restfpr_27_x
                0x800056b4                _restfpr_28_x
                0x800056b8                _restfpr_29_x
                0x800056bc                _restfpr_30_x
                0x800056c0                _restfpr_31_x
 .text          0x800056d4       0x58 C:/devkitPro/devkitPPC/bin/../lib/gcc/powerpc-eabi/13.2.0\libgcc.a(crtresxgpr.o)
                0x800056d4                _restgpr_14_x
                0x800056d8                _restgpr_15_x
                0x800056dc                _restgpr_16_x
                0x800056e0                _restgpr_17_x
                0x800056e4                _restgpr_18_x
                0x800056e8                _restgpr_19_x
                0x800056ec                _restgpr_20_x
                0x800056f0                _restgpr_21_x
                0x800056f4                _restgpr_22_x
                0x800056f8                _restgpr_23_x
                0x800056fc                _restgpr_24_x
                0x80005700                _restgpr_25_x
                0x80005704                _restgpr_26_x
                0x80005708                _restgpr_27_x
                0x8000570c                _restgpr_28_x
                0x80005710                _restgpr_29_x
                0x80005714                _restgpr_30_x
                0x80005718                _restgpr_31_x
 *(.text.*)
 .text.__do_global_dtors_aux
                0x8000572c       0xcc C:/devkitPro/devkitPPC/bin/../lib/gcc/powerpc-eabi/13.2.0/crtbegin.o
 .text.frame_dummy
                0x800057f8       0x24 C:/devkitPro/devkitPPC/bin/../lib/gcc/powerpc-eabi/13.2.0/crtbegin.o
 .text.__crtmain
                0x8000581c       0x44 C:/devkitPro/devkitPPC/bin/../lib/gcc/powerpc-eabi/13.2.0/../../../../powerpc-eabi/lib/crtmain.o
                0x80005820                __crtmain
 .text.initializeGraphics
                0x80005860       0xb8 main.o
                0x80005860                initializeGraphics
 .text.initializeWalls
                0x80005918      0x494 main.o
                0x80005918                initializeWalls
 .text.drawTetrimino
                0x80005dac      0x1d0 main.o
                0x80005dac                drawTetrimino
 .text.eraseTetrimino
                0x80005f7c      0x1d4 main.o
                0x80005f7c                eraseTetrimino
 .text.countTilesInRow
                0x80006150       0x8c main.o
                0x80006150                countTilesInRow
 .text.shiftLine
                0x800061dc      0x158 main.o
                0x800061dc                shiftLine
 .text.clearLines
                0x80006334       0xd8 main.o
                0x80006334                clearLines
 .text.rotateTetrimino
                0x8000640c      0x408 main.o
                0x8000640c                rotateTetrimino
 .text.initializeTetriminoSetPosition
                0x80006814     0x2050 main.o
                0x80006814                initializeTetriminoSetPosition
 .text.initializeTetrimino
                0x80008864        0xc main.o
                0x80008864                initializeTetrimino
 .text.initializeTetriminoQueue
                0x80008870       0x24 main.o
                0x80008870                initializeTetriminoQueue
 .text.movementBlocked
                0x80008894       0xc8 main.o
                0x80008894                movementBlocked
 .text.movePieceGravity
                0x8000895c      0x27c main.o
                0x8000895c                movePieceGravity
 .text.moveTetriminoButtonPress
                0x80008bd8      0x384 main.o
                0x80008bd8                moveTetriminoButtonPress
 .text.current_timestamp
                0x80008f5c       0x6c main.o
                0x80008f5c                current_timestamp
 .text.select_and_remove
                0x80008fc8       0xb8 main.o
                0x80008fc8                select_and_remove
 .text.shiftQueue
                0x80009080      0x11c main.o
                0x80009080                shiftQueue
 .text.tetriminoMovesLeftOnUpPressTest
                0x8000919c       0x90 main.o
                0x8000919c                tetriminoMovesLeftOnUpPressTest
 .text.tetriminoMovesRightOnDownPressTest
                0x8000922c       0x90 main.o
                0x8000922c                tetriminoMovesRightOnDownPressTest
 .text.tetriminoMovesDownOnLeftPressTest
                0x800092bc       0xc8 main.o
                0x800092bc                tetriminoMovesDownOnLeftPressTest
 .text.gravityTest
                0x80009384       0x90 main.o
                0x80009384                gravityTest
 .text.floorTest
                0x80009414       0xa4 main.o
                0x80009414                floorTest
 .text.pieceFloorTest
                0x800094b8      0x11c main.o
                0x800094b8                pieceFloorTest
 .text.bagOf7RandomizerTest
                0x800095d4      0x18c main.o
                0x800095d4                bagOf7RandomizerTest
 .text.run_tests
                0x80009760       0x5c main.o
                0x80009760                run_tests
 .text.startup.main
                0x800097bc      0x370 main.o
                0x800097bc                main
 .text.__wpad_assign_slot
                0x80009b2c      0x254 C:/devkitPro/libogc/lib/wii\libwiiuse.a(wpad.o)
                0x80009b2c                __wpad_assign_slot
 .text.__wpad_def_powcb
                0x80009d80        0x4 C:/devkitPro/libogc/lib/wii\libwiiuse.a(wpad.o)
 .text.__readlinkkey_finished
                0x80009d84       0x34 C:/devkitPro/libogc/lib/wii\libwiiuse.a(wpad.o)
 .text.__wpad_patch_finished
                0x80009db8       0x2c C:/devkitPro/libogc/lib/wii\libwiiuse.a(wpad.o)
 .text.__wpad_setfmt
                0x80009de4      0x14c C:/devkitPro/libogc/lib/wii\libwiiuse.a(wpad.o)
 .text.__wpad_eventCB
                0x80009f30      0xad4 C:/devkitPro/libogc/lib/wii\libwiiuse.a(wpad.o)
 .text.__wpad_disconnectCB
                0x8000aa04       0xd4 C:/devkitPro/libogc/lib/wii\libwiiuse.a(wpad.o)
                0x8000aa04                __wpad_disconnectCB
 .text.__wpad_timeouthandler
                0x8000aad8       0xa8 C:/devkitPro/libogc/lib/wii\libwiiuse.a(wpad.o)
 .text.__initcore_finished
                0x8000ab80       0x48 C:/devkitPro/libogc/lib/wii\libwiiuse.a(wpad.o)
 .text.__wpad_init_finished
                0x8000abc8      0x194 C:/devkitPro/libogc/lib/wii\libwiiuse.a(wpad.o)
 .text.WPAD_ReadEvent
                0x8000ad5c      0x68c C:/devkitPro/libogc/lib/wii\libwiiuse.a(wpad.o)
                0x8000ad5c                WPAD_ReadEvent
 .text.WPAD_ReadPending
                0x8000b3e8      0x1a0 C:/devkitPro/libogc/lib/wii\libwiiuse.a(wpad.o)
                0x8000b3e8                WPAD_ReadPending
 .text.WPAD_Shutdown
                0x8000b588      0x114 C:/devkitPro/libogc/lib/wii\libwiiuse.a(wpad.o)
                0x8000b588                WPAD_Shutdown
 .text.WPAD_Init
                0x8000b69c      0x2c4 C:/devkitPro/libogc/lib/wii\libwiiuse.a(wpad.o)
                0x8000b69c                WPAD_Init
 .text.__wpad_onreset
                0x8000b960       0x34 C:/devkitPro/libogc/lib/wii\libwiiuse.a(wpad.o)
 .text.WPAD_ScanPads
                0x8000b994       0x90 C:/devkitPro/libogc/lib/wii\libwiiuse.a(wpad.o)
                0x8000b994                WPAD_ScanPads
 .text.WPAD_ButtonsDown
                0x8000ba24       0x28 C:/devkitPro/libogc/lib/wii\libwiiuse.a(wpad.o)
                0x8000ba24                WPAD_ButtonsDown
 .text.WPAD_ButtonsHeld
                0x8000ba4c       0x28 C:/devkitPro/libogc/lib/wii\libwiiuse.a(wpad.o)
                0x8000ba4c                WPAD_ButtonsHeld
 .text.motion_plus_disconnected
                0x8000ba74       0x10 C:/devkitPro/libogc/lib/wii\libwiiuse.a(motion_plus.o)
                0x8000ba74                motion_plus_disconnected
 .text.motion_plus_event
                0x8000ba84       0x64 C:/devkitPro/libogc/lib/wii\libwiiuse.a(motion_plus.o)
                0x8000ba84                motion_plus_event
 .text.calculate_gforce
                0x8000bae8      0x114 C:/devkitPro/libogc/lib/wii\libwiiuse.a(dynamics.o)
                0x8000bae8                calculate_gforce
 .text.calc_joystick_state
                0x8000bbfc      0x210 C:/devkitPro/libogc/lib/wii\libwiiuse.a(dynamics.o)
                0x8000bbfc                calc_joystick_state
 .text.apply_smoothing
                0x8000be0c      0x140 C:/devkitPro/libogc/lib/wii\libwiiuse.a(dynamics.o)
                0x8000be0c                apply_smoothing
 .text.calculate_orientation
                0x8000bf4c      0x340 C:/devkitPro/libogc/lib/wii\libwiiuse.a(dynamics.o)
                0x8000bf4c                calculate_orientation
 .text.calc_balanceboard_state
                0x8000c28c      0x3a4 C:/devkitPro/libogc/lib/wii\libwiiuse.a(dynamics.o)
                0x8000c28c                calc_balanceboard_state
 .text.wiiuse_handshake
                0x8000c630      0x27c C:/devkitPro/libogc/lib/wii\libwiiuse.a(io.o)
                0x8000c630                wiiuse_handshake
 .text.wiiuse_handshake_expansion
                0x8000c8ac      0x1f0 C:/devkitPro/libogc/lib/wii\libwiiuse.a(io.o)
                0x8000c8ac                wiiuse_handshake_expansion
 .text.wiiuse_handshake_expansion_start
                0x8000ca9c       0x5c C:/devkitPro/libogc/lib/wii\libwiiuse.a(io.o)
                0x8000ca9c                wiiuse_handshake_expansion_start
 .text.wiiuse_disable_expansion
                0x8000caf8      0x1b0 C:/devkitPro/libogc/lib/wii\libwiiuse.a(io.o)
                0x8000caf8                wiiuse_disable_expansion
 .text.__wiiuse_connected
                0x8000cca8       0x9c C:/devkitPro/libogc/lib/wii\libwiiuse.a(io_wii.o)
 .text.__wiiuse_disconnected
                0x8000cd44       0xb4 C:/devkitPro/libogc/lib/wii\libwiiuse.a(io_wii.o)
 .text.__wiiuse_receive
                0x8000cdf8       0xd0 C:/devkitPro/libogc/lib/wii\libwiiuse.a(io_wii.o)
 .text.__wiiuse_sensorbar_enable
                0x8000cec8       0x54 C:/devkitPro/libogc/lib/wii\libwiiuse.a(io_wii.o)
                0x8000cec8                __wiiuse_sensorbar_enable
 .text.wiiuse_register
                0x8000cf1c       0xf0 C:/devkitPro/libogc/lib/wii\libwiiuse.a(io_wii.o)
                0x8000cf1c                wiiuse_register
 .text.wiiuse_disconnect
                0x8000d00c       0x24 C:/devkitPro/libogc/lib/wii\libwiiuse.a(io_wii.o)
                0x8000d00c                wiiuse_disconnect
 .text.wiiuse_init_cmd_queue
                0x8000d030       0x9c C:/devkitPro/libogc/lib/wii\libwiiuse.a(io_wii.o)
                0x8000d030                wiiuse_init_cmd_queue
 .text.wiiuse_io_write
                0x8000d0cc       0x1c C:/devkitPro/libogc/lib/wii\libwiiuse.a(io_wii.o)
                0x8000d0cc                wiiuse_io_write
 .text.rotate_dots
                0x8000d0e8      0x13c C:/devkitPro/libogc/lib/wii\libwiiuse.a(ir.o)
 .text.get_ir_sens.constprop.0.isra.0
                0x8000d224       0xdc C:/devkitPro/libogc/lib/wii\libwiiuse.a(ir.o)
 .text.wiiuse_set_ir_mode
                0x8000d300       0x5c C:/devkitPro/libogc/lib/wii\libwiiuse.a(ir.o)
                0x8000d300                wiiuse_set_ir_mode
 .text.wiiuse_set_ir
                0x8000d35c      0x204 C:/devkitPro/libogc/lib/wii\libwiiuse.a(ir.o)
                0x8000d35c                wiiuse_set_ir
 .text.wiiuse_set_ir_position
                0x8000d560       0x80 C:/devkitPro/libogc/lib/wii\libwiiuse.a(ir.o)
                0x8000d560                wiiuse_set_ir_position
 .text.wiiuse_set_aspect_ratio
                0x8000d5e0       0xac C:/devkitPro/libogc/lib/wii\libwiiuse.a(ir.o)
                0x8000d5e0                wiiuse_set_aspect_ratio
 .text.wiiuse_set_ir_sensitivity
                0x8000d68c       0xe4 C:/devkitPro/libogc/lib/wii\libwiiuse.a(ir.o)
                0x8000d68c                wiiuse_set_ir_sensitivity
 .text.calculate_basic_ir
                0x8000d770       0xe8 C:/devkitPro/libogc/lib/wii\libwiiuse.a(ir.o)
                0x8000d770                calculate_basic_ir
 .text.calculate_extended_ir
                0x8000d858       0x64 C:/devkitPro/libogc/lib/wii\libwiiuse.a(ir.o)
                0x8000d858                calculate_extended_ir
 .text.find_sensorbar
                0x8000d8bc      0xa00 C:/devkitPro/libogc/lib/wii\libwiiuse.a(ir.o)
                0x8000d8bc                find_sensorbar
 .text.apply_ir_smoothing
                0x8000e2bc      0x124 C:/devkitPro/libogc/lib/wii\libwiiuse.a(ir.o)
                0x8000e2bc                apply_ir_smoothing
 .text.interpret_ir_data
                0x8000e3e0      0x3c8 C:/devkitPro/libogc/lib/wii\libwiiuse.a(ir.o)
                0x8000e3e0                interpret_ir_data
 .text.nunchuk_handshake
                0x8000e7a8      0x31c C:/devkitPro/libogc/lib/wii\libwiiuse.a(nunchuk.o)
                0x8000e7a8                nunchuk_handshake
 .text.nunchuk_disconnected
                0x8000eac4        0xc C:/devkitPro/libogc/lib/wii\libwiiuse.a(nunchuk.o)
                0x8000eac4                nunchuk_disconnected
 .text.nunchuk_event
                0x8000ead0       0xe8 C:/devkitPro/libogc/lib/wii\libwiiuse.a(nunchuk.o)
                0x8000ead0                nunchuk_event
 .text.wii_board_handshake
                0x8000ebb8      0x284 C:/devkitPro/libogc/lib/wii\libwiiuse.a(wiiboard.o)
                0x8000ebb8                wii_board_handshake
 .text.wii_board_disconnected
                0x8000ee3c        0xc C:/devkitPro/libogc/lib/wii\libwiiuse.a(wiiboard.o)
                0x8000ee3c                wii_board_disconnected
 .text.wii_board_event
                0x8000ee48       0x24 C:/devkitPro/libogc/lib/wii\libwiiuse.a(wiiboard.o)
                0x8000ee48                wii_board_event
 .text.wiiuse_send_next_command
                0x8000ee6c       0x58 C:/devkitPro/libogc/lib/wii\libwiiuse.a(wiiuse.o)
                0x8000ee6c                wiiuse_send_next_command
 .text.wiiuse_init
                0x8000eec4      0x208 C:/devkitPro/libogc/lib/wii\libwiiuse.a(wiiuse.o)
                0x8000eec4                wiiuse_init
 .text.wiiuse_set_flags
                0x8000f0cc       0x28 C:/devkitPro/libogc/lib/wii\libwiiuse.a(wiiuse.o)
                0x8000f0cc                wiiuse_set_flags
 .text.wiiuse_read_data
                0x8000f0f4      0x154 C:/devkitPro/libogc/lib/wii\libwiiuse.a(wiiuse.o)
                0x8000f0f4                wiiuse_read_data
 .text.wiiuse_write_data
                0x8000f248      0x18c C:/devkitPro/libogc/lib/wii\libwiiuse.a(wiiuse.o)
                0x8000f248                wiiuse_write_data
 .text.wiiuse_sendcmd
                0x8000f3d4      0x144 C:/devkitPro/libogc/lib/wii\libwiiuse.a(wiiuse.o)
                0x8000f3d4                wiiuse_sendcmd
 .text.wiiuse_set_leds
                0x8000f518       0x50 C:/devkitPro/libogc/lib/wii\libwiiuse.a(wiiuse.o)
                0x8000f518                wiiuse_set_leds
 .text.wiiuse_set_report_type
                0x8000f568       0xb0 C:/devkitPro/libogc/lib/wii\libwiiuse.a(wiiuse.o)
                0x8000f568                wiiuse_set_report_type
 .text.wiiuse_status
                0x8000f618       0x4c C:/devkitPro/libogc/lib/wii\libwiiuse.a(wiiuse.o)
                0x8000f618                wiiuse_status
 .text.wiiuse_motion_sensing
                0x8000f664       0x84 C:/devkitPro/libogc/lib/wii\libwiiuse.a(wiiuse.o)
                0x8000f664                wiiuse_motion_sensing
 .text.wiiuse_set_speaker
                0x8000f6e8      0x24c C:/devkitPro/libogc/lib/wii\libwiiuse.a(speaker.o)
                0x8000f6e8                wiiuse_set_speaker
 .text.classic_ctrl_handshake
                0x8000f934      0x410 C:/devkitPro/libogc/lib/wii\libwiiuse.a(classic.o)
                0x8000f934                classic_ctrl_handshake
 .text.classic_ctrl_disconnected
                0x8000fd44        0xc C:/devkitPro/libogc/lib/wii\libwiiuse.a(classic.o)
                0x8000fd44                classic_ctrl_disconnected
 .text.classic_ctrl_event
                0x8000fd50      0x15c C:/devkitPro/libogc/lib/wii\libwiiuse.a(classic.o)
                0x8000fd50                classic_ctrl_event
 .text.handle_expansion
                0x8000feac       0x54 C:/devkitPro/libogc/lib/wii\libwiiuse.a(events.o)
 .text.parse_event
                0x8000ff00      0x730 C:/devkitPro/libogc/lib/wii\libwiiuse.a(events.o)
                0x8000ff00                parse_event
 .text.guitar_hero_3_handshake
                0x80010630       0x5c C:/devkitPro/libogc/lib/wii\libwiiuse.a(guitar_hero_3.o)
                0x80010630                guitar_hero_3_handshake
 .text.guitar_hero_3_disconnected
                0x8001068c        0xc C:/devkitPro/libogc/lib/wii\libwiiuse.a(guitar_hero_3.o)
                0x8001068c                guitar_hero_3_disconnected
 .text.guitar_hero_3_event
                0x80010698       0x60 C:/devkitPro/libogc/lib/wii\libwiiuse.a(guitar_hero_3.o)
                0x80010698                guitar_hero_3_event
 .text.acl_wlp_completed
                0x800106f8        0x8 C:/devkitPro/libogc/lib/wii\libbte.a(bte.o)
                0x800106f8                acl_wlp_completed
 .text.bt_alarmhandler
                0x80010700       0x58 C:/devkitPro/libogc/lib/wii\libbte.a(bte.o)
 .text.__bte_send_pending_request
                0x80010758      0x108 C:/devkitPro/libogc/lib/wii\libbte.a(bte.o)
 .text.acl_conn_complete
                0x80010860       0x2c C:/devkitPro/libogc/lib/wii\libbte.a(bte.o)
                0x80010860                acl_conn_complete
 .text.l2cap_accepted
                0x8001088c      0x134 C:/devkitPro/libogc/lib/wii\libbte.a(bte.o)
                0x8001088c                l2cap_accepted
 .text.l2cap_disconnect_cfm
                0x800109c0      0x19c C:/devkitPro/libogc/lib/wii\libbte.a(bte.o)
                0x800109c0                l2cap_disconnect_cfm
 .text.bte_process_input
                0x80010b5c      0x128 C:/devkitPro/libogc/lib/wii\libbte.a(bte.o)
 .text.l2cap_disconnected_ind
                0x80010c84      0x1a4 C:/devkitPro/libogc/lib/wii\libbte.a(bte.o)
                0x80010c84                l2cap_disconnected_ind
 .text.__bte_shutdown_finished
                0x80010e28       0xe0 C:/devkitPro/libogc/lib/wii\libbte.a(bte.o)
 .text.bte_hci_apply_patch_complete
                0x80010f08      0x164 C:/devkitPro/libogc/lib/wii\libbte.a(bte.o)
                0x80010f08                bte_hci_apply_patch_complete
 .text.bte_hci_patch_complete
                0x8001106c      0x380 C:/devkitPro/libogc/lib/wii\libbte.a(bte.o)
                0x8001106c                bte_hci_patch_complete
 .text.bte_hci_initcore_complete
                0x800113ec      0x280 C:/devkitPro/libogc/lib/wii\libbte.a(bte.o)
                0x800113ec                bte_hci_initcore_complete
 .text.bte_read_stored_link_key_complete
                0x8001166c      0x27c C:/devkitPro/libogc/lib/wii\libbte.a(bte.o)
                0x8001166c                bte_read_stored_link_key_complete
 .text.bte_hci_initcore_complete2
                0x800118e8      0x22c C:/devkitPro/libogc/lib/wii\libbte.a(bte.o)
 .text.bte_hci_initsub_complete
                0x80011b14      0x280 C:/devkitPro/libogc/lib/wii\libbte.a(bte.o)
                0x80011b14                bte_hci_initsub_complete
 .text.BTE_Init
                0x80011d94      0x138 C:/devkitPro/libogc/lib/wii\libbte.a(bte.o)
                0x80011d94                BTE_Init
 .text.BTE_Shutdown
                0x80011ecc      0x100 C:/devkitPro/libogc/lib/wii\libbte.a(bte.o)
                0x80011ecc                BTE_Shutdown
 .text.BTE_InitCore
                0x80011fcc       0x8c C:/devkitPro/libogc/lib/wii\libbte.a(bte.o)
                0x80011fcc                BTE_InitCore
 .text.BTE_ApplyPatch
                0x80012058       0xa4 C:/devkitPro/libogc/lib/wii\libbte.a(bte.o)
                0x80012058                BTE_ApplyPatch
 .text.BTE_InitSub
                0x800120fc       0x90 C:/devkitPro/libogc/lib/wii\libbte.a(bte.o)
                0x800120fc                BTE_InitSub
 .text.BTE_ReadStoredLinkKey
                0x8001218c       0x90 C:/devkitPro/libogc/lib/wii\libbte.a(bte.o)
                0x8001218c                BTE_ReadStoredLinkKey
 .text.BTE_SetDisconnectCallback
                0x8001221c        0x4 C:/devkitPro/libogc/lib/wii\libbte.a(bte.o)
                0x8001221c                BTE_SetDisconnectCallback
 .text.bte_new  0x80012220       0x54 C:/devkitPro/libogc/lib/wii\libbte.a(bte.o)
                0x80012220                bte_new
 .text.bte_registerdeviceasync
                0x80012274      0x158 C:/devkitPro/libogc/lib/wii\libbte.a(bte.o)
                0x80012274                bte_registerdeviceasync
 .text.bte_disconnect
                0x800123cc       0xd8 C:/devkitPro/libogc/lib/wii\libbte.a(bte.o)
                0x800123cc                bte_disconnect
 .text.bte_senddata
                0x800124a4      0x104 C:/devkitPro/libogc/lib/wii\libbte.a(bte.o)
                0x800124a4                bte_senddata
 .text.bte_arg  0x800125a8       0x38 C:/devkitPro/libogc/lib/wii\libbte.a(bte.o)
                0x800125a8                bte_arg
 .text.bte_received
                0x800125e0       0x38 C:/devkitPro/libogc/lib/wii\libbte.a(bte.o)
                0x800125e0                bte_received
 .text.bte_disconnected
                0x80012618       0x38 C:/devkitPro/libogc/lib/wii\libbte.a(bte.o)
                0x80012618                bte_disconnected
 .text.hci_get_link
                0x80012650       0x84 C:/devkitPro/libogc/lib/wii\libbte.a(hci.o)
 .text.hci_init
                0x800126d4       0x80 C:/devkitPro/libogc/lib/wii\libbte.a(hci.o)
                0x800126d4                hci_init
 .text.hci_close
                0x80012754       0xd0 C:/devkitPro/libogc/lib/wii\libbte.a(hci.o)
                0x80012754                hci_close
 .text.hci_reset_all
                0x80012824       0xb8 C:/devkitPro/libogc/lib/wii\libbte.a(hci.o)
                0x80012824                hci_reset_all
 .text.hci_arg  0x800128dc        0xc C:/devkitPro/libogc/lib/wii\libbte.a(hci.o)
                0x800128dc                hci_arg
 .text.hci_cmd_complete
                0x800128e8        0xc C:/devkitPro/libogc/lib/wii\libbte.a(hci.o)
                0x800128e8                hci_cmd_complete
 .text.hci_connection_complete
                0x800128f4        0xc C:/devkitPro/libogc/lib/wii\libbte.a(hci.o)
                0x800128f4                hci_connection_complete
 .text.hci_wlp_complete
                0x80012900        0xc C:/devkitPro/libogc/lib/wii\libbte.a(hci.o)
                0x80012900                hci_wlp_complete
 .text.hci_reset
                0x8001290c       0xac C:/devkitPro/libogc/lib/wii\libbte.a(hci.o)
                0x8001290c                hci_reset
 .text.hci_read_buffer_size
                0x800129b8       0xac C:/devkitPro/libogc/lib/wii\libbte.a(hci.o)
                0x800129b8                hci_read_buffer_size
 .text.hci_read_bd_addr
                0x80012a64       0xac C:/devkitPro/libogc/lib/wii\libbte.a(hci.o)
                0x80012a64                hci_read_bd_addr
 .text.hci_read_local_version
                0x80012b10       0xa8 C:/devkitPro/libogc/lib/wii\libbte.a(hci.o)
                0x80012b10                hci_read_local_version
 .text.hci_read_local_features
                0x80012bb8       0xac C:/devkitPro/libogc/lib/wii\libbte.a(hci.o)
                0x80012bb8                hci_read_local_features
 .text.hci_read_stored_link_key
                0x80012c64      0x100 C:/devkitPro/libogc/lib/wii\libbte.a(hci.o)
                0x80012c64                hci_read_stored_link_key
 .text.hci_write_page_timeout
                0x80012d64       0xd0 C:/devkitPro/libogc/lib/wii\libbte.a(hci.o)
                0x80012d64                hci_write_page_timeout
 .text.hci_write_scan_enable
                0x80012e34       0xbc C:/devkitPro/libogc/lib/wii\libbte.a(hci.o)
                0x80012e34                hci_write_scan_enable
 .text.hci_accecpt_conn_request
                0x80012ef0       0xe0 C:/devkitPro/libogc/lib/wii\libbte.a(hci.o)
                0x80012ef0                hci_accecpt_conn_request
 .text.hci_write_local_name
                0x80012fd0       0xd8 C:/devkitPro/libogc/lib/wii\libbte.a(hci.o)
                0x80012fd0                hci_write_local_name
 .text.hci_write_pin_type
                0x800130a8       0xbc C:/devkitPro/libogc/lib/wii\libbte.a(hci.o)
                0x800130a8                hci_write_pin_type
 .text.hci_write_inquiry_mode
                0x80013164       0xbc C:/devkitPro/libogc/lib/wii\libbte.a(hci.o)
                0x80013164                hci_write_inquiry_mode
 .text.hci_write_page_scan_type
                0x80013220       0xbc C:/devkitPro/libogc/lib/wii\libbte.a(hci.o)
                0x80013220                hci_write_page_scan_type
 .text.hci_write_inquiry_scan_type
                0x800132dc       0xbc C:/devkitPro/libogc/lib/wii\libbte.a(hci.o)
                0x800132dc                hci_write_inquiry_scan_type
 .text.hci_vendor_specific_command
                0x80013398       0xe8 C:/devkitPro/libogc/lib/wii\libbte.a(hci.o)
                0x80013398                hci_vendor_specific_command
 .text.hci_write_link_policy_settings
                0x80013480      0x104 C:/devkitPro/libogc/lib/wii\libbte.a(hci.o)
                0x80013480                hci_write_link_policy_settings
 .text.hci_pin_code_request_neg_reply
                0x80013584       0xcc C:/devkitPro/libogc/lib/wii\libbte.a(hci.o)
                0x80013584                hci_pin_code_request_neg_reply
 .text.hci_link_key_req_neg_reply
                0x80013650       0xcc C:/devkitPro/libogc/lib/wii\libbte.a(hci.o)
                0x80013650                hci_link_key_req_neg_reply
 .text.hci_disconnect
                0x8001371c       0xfc C:/devkitPro/libogc/lib/wii\libbte.a(hci.o)
                0x8001371c                hci_disconnect
 .text.hci_write_cod
                0x80013818       0xcc C:/devkitPro/libogc/lib/wii\libbte.a(hci.o)
                0x80013818                hci_write_cod
 .text.hci_host_buffer_size
                0x800138e4      0x10c C:/devkitPro/libogc/lib/wii\libbte.a(hci.o)
                0x800138e4                hci_host_buffer_size
 .text.hci_host_num_comp_packets
                0x800139f0      0x108 C:/devkitPro/libogc/lib/wii\libbte.a(hci.o)
                0x800139f0                hci_host_num_comp_packets
 .text.lp_pdu_maxsize
                0x80013af8        0xc C:/devkitPro/libogc/lib/wii\libbte.a(hci.o)
                0x80013af8                lp_pdu_maxsize
 .text.lp_acl_write
                0x80013b04      0x158 C:/devkitPro/libogc/lib/wii\libbte.a(hci.o)
                0x80013b04                lp_acl_write
 .text.lp_write_flush_timeout
                0x80013c5c      0x104 C:/devkitPro/libogc/lib/wii\libbte.a(hci.o)
                0x80013c5c                lp_write_flush_timeout
 .text.hci_event_handler
                0x80013d60      0xc7c C:/devkitPro/libogc/lib/wii\libbte.a(hci.o)
                0x80013d60                hci_event_handler
 .text.hci_acldata_handler
                0x800149dc      0x11c C:/devkitPro/libogc/lib/wii\libbte.a(hci.o)
                0x800149dc                hci_acldata_handler
 .text.l2cap_init
                0x80014af8       0x60 C:/devkitPro/libogc/lib/wii\libbte.a(l2cap.o)
                0x80014af8                l2cap_init
 .text.l2cap_write
                0x80014b58      0x1a0 C:/devkitPro/libogc/lib/wii\libbte.a(l2cap.o)
                0x80014b58                l2cap_write
 .text.l2cap_new
                0x80014cf8       0x60 C:/devkitPro/libogc/lib/wii\libbte.a(l2cap.o)
                0x80014cf8                l2cap_new
 .text.l2cap_close
                0x80014d58      0x1d4 C:/devkitPro/libogc/lib/wii\libbte.a(l2cap.o)
                0x80014d58                l2cap_close
 .text.l2cap_reset_all
                0x80014f2c      0x154 C:/devkitPro/libogc/lib/wii\libbte.a(l2cap.o)
                0x80014f2c                l2cap_reset_all
 .text.l2cap_signal
                0x80015080      0x204 C:/devkitPro/libogc/lib/wii\libbte.a(l2cap.o)
                0x80015080                l2cap_signal
 .text.l2ca_config_req
                0x80015284      0x158 C:/devkitPro/libogc/lib/wii\libbte.a(l2cap.o)
                0x80015284                l2ca_config_req
 .text.l2ca_disconnect_req
                0x800153dc       0xcc C:/devkitPro/libogc/lib/wii\libbte.a(l2cap.o)
                0x800153dc                l2ca_disconnect_req
 .text.l2cap_tmr
                0x800154a8      0x260 C:/devkitPro/libogc/lib/wii\libbte.a(l2cap.o)
                0x800154a8                l2cap_tmr
 .text.l2cap_process_sig
                0x80015708     0x1334 C:/devkitPro/libogc/lib/wii\libbte.a(l2cap.o)
                0x80015708                l2cap_process_sig
 .text.l2cap_input
                0x80016a3c      0x578 C:/devkitPro/libogc/lib/wii\libbte.a(l2cap.o)
                0x80016a3c                l2cap_input
 .text.l2ca_datawrite
                0x80016fb4      0x128 C:/devkitPro/libogc/lib/wii\libbte.a(l2cap.o)
                0x80016fb4                l2ca_datawrite
 .text.lp_connect_cfm
                0x800170dc      0x184 C:/devkitPro/libogc/lib/wii\libbte.a(l2cap.o)
                0x800170dc                lp_connect_cfm
 .text.lp_connect_ind
                0x80017260        0x4 C:/devkitPro/libogc/lib/wii\libbte.a(l2cap.o)
                0x80017260                lp_connect_ind
 .text.lp_disconnect_ind
                0x80017264      0x124 C:/devkitPro/libogc/lib/wii\libbte.a(l2cap.o)
                0x80017264                lp_disconnect_ind
 .text.l2cap_disconnect_bb
                0x80017388       0x10 C:/devkitPro/libogc/lib/wii\libbte.a(l2cap.o)
                0x80017388                l2cap_disconnect_bb
 .text.l2cap_arg
                0x80017398        0x8 C:/devkitPro/libogc/lib/wii\libbte.a(l2cap.o)
                0x80017398                l2cap_arg
 .text.l2cap_connect_ind
                0x800173a0      0x104 C:/devkitPro/libogc/lib/wii\libbte.a(l2cap.o)
                0x800173a0                l2cap_connect_ind
 .text.l2cap_disconnect_ind
                0x800174a4        0x8 C:/devkitPro/libogc/lib/wii\libbte.a(l2cap.o)
                0x800174a4                l2cap_disconnect_ind
 .text.l2cap_recv
                0x800174ac        0x8 C:/devkitPro/libogc/lib/wii\libbte.a(l2cap.o)
                0x800174ac                l2cap_recv
 .text.btmemb_init
                0x800174b4       0x24 C:/devkitPro/libogc/lib/wii\libbte.a(btmemb.o)
                0x800174b4                btmemb_init
 .text.btmemb_alloc
                0x800174d8       0x98 C:/devkitPro/libogc/lib/wii\libbte.a(btmemb.o)
                0x800174d8                btmemb_alloc
 .text.btmemb_free
                0x80017570      0x114 C:/devkitPro/libogc/lib/wii\libbte.a(btmemb.o)
                0x80017570                btmemb_free
 .text.plug_holes
                0x80017684       0xac C:/devkitPro/libogc/lib/wii\libbte.a(btmemr.o)
 .text.btmemr_init
                0x80017730       0xa4 C:/devkitPro/libogc/lib/wii\libbte.a(btmemr.o)
                0x80017730                btmemr_init
 .text.btmemr_malloc
                0x800177d4      0x17c C:/devkitPro/libogc/lib/wii\libbte.a(btmemr.o)
                0x800177d4                btmemr_malloc
 .text.btmemr_free
                0x80017950       0x98 C:/devkitPro/libogc/lib/wii\libbte.a(btmemr.o)
                0x80017950                btmemr_free
 .text.btmemr_realloc
                0x800179e8      0x108 C:/devkitPro/libogc/lib/wii\libbte.a(btmemr.o)
                0x800179e8                btmemr_realloc
 .text.btpbuf_init
                0x80017af0       0x28 C:/devkitPro/libogc/lib/wii\libbte.a(btpbuf.o)
                0x80017af0                btpbuf_init
 .text.btpbuf_free
                0x80017b18      0x11c C:/devkitPro/libogc/lib/wii\libbte.a(btpbuf.o)
                0x80017b18                btpbuf_free
 .text.btpbuf_alloc
                0x80017c34      0x250 C:/devkitPro/libogc/lib/wii\libbte.a(btpbuf.o)
                0x80017c34                btpbuf_alloc
 .text.btpbuf_realloc
                0x80017e84      0x110 C:/devkitPro/libogc/lib/wii\libbte.a(btpbuf.o)
                0x80017e84                btpbuf_realloc
 .text.btpbuf_header
                0x80017f94       0x84 C:/devkitPro/libogc/lib/wii\libbte.a(btpbuf.o)
                0x80017f94                btpbuf_header
 .text.btpbuf_ref
                0x80018018       0x48 C:/devkitPro/libogc/lib/wii\libbte.a(btpbuf.o)
                0x80018018                btpbuf_ref
 .text.btpbuf_chain
                0x80018060       0x9c C:/devkitPro/libogc/lib/wii\libbte.a(btpbuf.o)
                0x80018060                btpbuf_chain
 .text.btpbuf_dechain
                0x800180fc       0x7c C:/devkitPro/libogc/lib/wii\libbte.a(btpbuf.o)
                0x800180fc                btpbuf_dechain
 .text.btpbuf_take
                0x80018178      0x13c C:/devkitPro/libogc/lib/wii\libbte.a(btpbuf.o)
                0x80018178                btpbuf_take
 .text.__usb_closeCB
                0x800182b4       0x10 C:/devkitPro/libogc/lib/wii\libbte.a(physbusif.o)
 .text.__writebulkmsgCB
                0x800182c4       0x3c C:/devkitPro/libogc/lib/wii\libbte.a(physbusif.o)
 .text.__writectrlmsgCB
                0x80018300       0x3c C:/devkitPro/libogc/lib/wii\libbte.a(physbusif.o)
 .text.__issue_intrread.part.0
                0x8001833c       0x80 C:/devkitPro/libogc/lib/wii\libbte.a(physbusif.o)
 .text.__readintrdataCB
                0x800183bc      0x148 C:/devkitPro/libogc/lib/wii\libbte.a(physbusif.o)
 .text.__issue_bulkread.part.0
                0x80018504       0x80 C:/devkitPro/libogc/lib/wii\libbte.a(physbusif.o)
 .text.__readbulkdataCB
                0x80018584      0x148 C:/devkitPro/libogc/lib/wii\libbte.a(physbusif.o)
 .text.physbusif_init
                0x800186cc      0x1ec C:/devkitPro/libogc/lib/wii\libbte.a(physbusif.o)
                0x800186cc                physbusif_init
 .text.physbusif_close
                0x800188b8       0x20 C:/devkitPro/libogc/lib/wii\libbte.a(physbusif.o)
                0x800188b8                physbusif_close
 .text.physbusif_shutdown
                0x800188d8       0x24 C:/devkitPro/libogc/lib/wii\libbte.a(physbusif.o)
                0x800188d8                physbusif_shutdown
 .text.physbusif_reset_all
                0x800188fc        0x4 C:/devkitPro/libogc/lib/wii\libbte.a(physbusif.o)
                0x800188fc                physbusif_reset_all
 .text.physbusif_output
                0x80018900      0x1c4 C:/devkitPro/libogc/lib/wii\libbte.a(physbusif.o)
                0x80018900                physbusif_output
 .text.__console_clear_line
                0x80018ac4       0xb4 C:/devkitPro/libogc/lib/wii\libogc.a(console.o)
 .text.__console_clear
                0x80018b78       0xbc C:/devkitPro/libogc/lib/wii\libogc.a(console.o)
 .text.__console_write
                0x80018c34      0x82c C:/devkitPro/libogc/lib/wii\libogc.a(console.o)
                0x80018c34                __console_write
 .text.__console_init
                0x80019460      0x120 C:/devkitPro/libogc/lib/wii\libogc.a(console.o)
                0x80019460                __console_init
 .text.CON_Init
                0x80019580        0x4 C:/devkitPro/libogc/lib/wii\libogc.a(console.o)
                0x80019580                CON_Init
 .text.CON_EnableGecko
                0x80019584      0x100 C:/devkitPro/libogc/lib/wii\libogc.a(console.o)
                0x80019584                CON_EnableGecko
 .text.__lwp_queue_initialize
                0x80019684       0x98 C:/devkitPro/libogc/lib/wii\libogc.a(lwp_queue.o)
                0x80019684                __lwp_queue_initialize
 .text.__lwp_queue_get
                0x8001971c       0x74 C:/devkitPro/libogc/lib/wii\libogc.a(lwp_queue.o)
                0x8001971c                __lwp_queue_get
 .text.__lwp_queue_append
                0x80019790       0x4c C:/devkitPro/libogc/lib/wii\libogc.a(lwp_queue.o)
                0x80019790                __lwp_queue_append
 .text.__syscall_getreent
                0x800197dc       0x24 C:/devkitPro/libogc/lib/wii\libogc.a(lwp_threads.o)
                0x800197dc                __syscall_getreent
 .text.__lwp_isr_in_progress
                0x80019800        0x8 C:/devkitPro/libogc/lib/wii\libogc.a(lwp_threads.o)
                0x80019800                __lwp_isr_in_progress
 .text.__thread_dispatch_fp
                0x80019808       0x88 C:/devkitPro/libogc/lib/wii\libogc.a(lwp_threads.o)
                0x80019808                __thread_dispatch_fp
 .text.__thread_dispatch
                0x80019890       0xf4 C:/devkitPro/libogc/lib/wii\libogc.a(lwp_threads.o)
                0x80019890                __thread_dispatch
 .text.__lwp_thread_resettimeslice
                0x80019984       0xb4 C:/devkitPro/libogc/lib/wii\libogc.a(lwp_threads.o)
                0x80019984                __lwp_thread_resettimeslice
 .text.__lwp_thread_tickle_timeslice
                0x80019a38       0xc8 C:/devkitPro/libogc/lib/wii\libogc.a(lwp_threads.o)
                0x80019a38                __lwp_thread_tickle_timeslice
 .text.__lwp_thread_setstate
                0x80019b00      0x16c C:/devkitPro/libogc/lib/wii\libogc.a(lwp_threads.o)
                0x80019b00                __lwp_thread_setstate
 .text.__lwp_thread_clearstate
                0x80019c6c       0xe4 C:/devkitPro/libogc/lib/wii\libogc.a(lwp_threads.o)
                0x80019c6c                __lwp_thread_clearstate
 .text.__lwp_thread_delayended
                0x80019d50       0x48 C:/devkitPro/libogc/lib/wii\libogc.a(lwp_threads.o)
                0x80019d50                __lwp_thread_delayended
 .text.__lwp_thread_settransient
                0x80019d98       0xb4 C:/devkitPro/libogc/lib/wii\libogc.a(lwp_threads.o)
                0x80019d98                __lwp_thread_settransient
 .text.__lwp_thread_changepriority
                0x80019e4c      0x1f8 C:/devkitPro/libogc/lib/wii\libogc.a(lwp_threads.o)
                0x80019e4c                __lwp_thread_changepriority
 .text.__lwp_thread_ready
                0x8001a044       0xf0 C:/devkitPro/libogc/lib/wii\libogc.a(lwp_threads.o)
                0x8001a044                __lwp_thread_ready
 .text.__lwp_thread_init
                0x8001a134      0x160 C:/devkitPro/libogc/lib/wii\libogc.a(lwp_threads.o)
                0x8001a134                __lwp_thread_init
 .text.__lwp_thread_close
                0x8001a294      0x144 C:/devkitPro/libogc/lib/wii\libogc.a(lwp_threads.o)
                0x8001a294                __lwp_thread_close
 .text.__lwp_thread_handler
                0x8001a3d8       0xc0 C:/devkitPro/libogc/lib/wii\libogc.a(lwp_threads.o)
 .text.__lwp_thread_closeall
                0x8001a498       0xb0 C:/devkitPro/libogc/lib/wii\libogc.a(lwp_threads.o)
                0x8001a498                __lwp_thread_closeall
 .text.__lwp_thread_start
                0x8001a548      0x150 C:/devkitPro/libogc/lib/wii\libogc.a(lwp_threads.o)
                0x8001a548                __lwp_thread_start
 .text.__lwp_thread_startmultitasking
                0x8001a698       0xac C:/devkitPro/libogc/lib/wii\libogc.a(lwp_threads.o)
                0x8001a698                __lwp_thread_startmultitasking
 .text.__lwp_thread_stopmultitasking
                0x8001a744       0x58 C:/devkitPro/libogc/lib/wii\libogc.a(lwp_threads.o)
                0x8001a744                __lwp_thread_stopmultitasking
 .text.__lwp_thread_coreinit
                0x8001a79c       0xc4 C:/devkitPro/libogc/lib/wii\libogc.a(lwp_threads.o)
                0x8001a79c                __lwp_thread_coreinit
 .text.idle_func
                0x8001a860        0x4 C:/devkitPro/libogc/lib/wii\libogc.a(lwp.o)
 .text.__lwp_sysinit
                0x8001a864      0x114 C:/devkitPro/libogc/lib/wii\libogc.a(lwp.o)
                0x8001a864                __lwp_sysinit
 .text.LWP_InitQueue
                0x8001a978      0x140 C:/devkitPro/libogc/lib/wii\libogc.a(lwp.o)
                0x8001a978                LWP_InitQueue
 .text.LWP_CloseQueue
                0x8001aab8       0xd4 C:/devkitPro/libogc/lib/wii\libogc.a(lwp.o)
                0x8001aab8                LWP_CloseQueue
 .text.LWP_ThreadSleep
                0x8001ab8c       0xf8 C:/devkitPro/libogc/lib/wii\libogc.a(lwp.o)
                0x8001ab8c                LWP_ThreadSleep
 .text.LWP_ThreadBroadcast
                0x8001ac84       0x88 C:/devkitPro/libogc/lib/wii\libogc.a(lwp.o)
                0x8001ac84                LWP_ThreadBroadcast
 .text.LWP_ThreadSignal
                0x8001ad0c       0x74 C:/devkitPro/libogc/lib/wii\libogc.a(lwp.o)
                0x8001ad0c                LWP_ThreadSignal
 .text.__lwp_stack_allocate
                0x8001ad80       0x60 C:/devkitPro/libogc/lib/wii\libogc.a(lwp_stack.o)
                0x8001ad80                __lwp_stack_allocate
 .text.__lwp_stack_free
                0x8001ade0       0x1c C:/devkitPro/libogc/lib/wii\libogc.a(lwp_stack.o)
                0x8001ade0                __lwp_stack_free
 .text.__lwp_wd_settimer
                0x8001adfc       0xe0 C:/devkitPro/libogc/lib/wii\libogc.a(lwp_watchdog.o)
 .text.__lwp_watchdog_init
                0x8001aedc       0x2c C:/devkitPro/libogc/lib/wii\libogc.a(lwp_watchdog.o)
                0x8001aedc                __lwp_watchdog_init
 .text.__lwp_wd_insert
                0x8001af08      0x194 C:/devkitPro/libogc/lib/wii\libogc.a(lwp_watchdog.o)
                0x8001af08                __lwp_wd_insert
 .text.__lwp_wd_remove
                0x8001b09c      0x138 C:/devkitPro/libogc/lib/wii\libogc.a(lwp_watchdog.o)
                0x8001b09c                __lwp_wd_remove
 .text.__lwp_wd_tickle
                0x8001b1d4      0x120 C:/devkitPro/libogc/lib/wii\libogc.a(lwp_watchdog.o)
                0x8001b1d4                __lwp_wd_tickle
 .text.__lwp_wkspace_init
                0x8001b2f4       0xc0 C:/devkitPro/libogc/lib/wii\libogc.a(lwp_wkspace.o)
                0x8001b2f4                __lwp_wkspace_init
 .text.__lwp_objmgr_initinfo
                0x8001b3b4      0x1a0 C:/devkitPro/libogc/lib/wii\libogc.a(lwp_objmgr.o)
                0x8001b3b4                __lwp_objmgr_initinfo
 .text.__lwp_objmgr_getisrdisable
                0x8001b554       0x60 C:/devkitPro/libogc/lib/wii\libogc.a(lwp_objmgr.o)
                0x8001b554                __lwp_objmgr_getisrdisable
 .text.__lwp_objmgr_getnoprotection
                0x8001b5b4       0x24 C:/devkitPro/libogc/lib/wii\libogc.a(lwp_objmgr.o)
                0x8001b5b4                __lwp_objmgr_getnoprotection
 .text.__lwp_objmgr_get
                0x8001b5d8       0x6c C:/devkitPro/libogc/lib/wii\libogc.a(lwp_objmgr.o)
                0x8001b5d8                __lwp_objmgr_get
 .text.__lwp_objmgr_allocate
                0x8001b644       0x88 C:/devkitPro/libogc/lib/wii\libogc.a(lwp_objmgr.o)
                0x8001b644                __lwp_objmgr_allocate
 .text.__lwp_objmgr_free
                0x8001b6cc       0x60 C:/devkitPro/libogc/lib/wii\libogc.a(lwp_objmgr.o)
                0x8001b6cc                __lwp_objmgr_free
 .text.__lwp_heap_init
                0x8001b72c       0xa4 C:/devkitPro/libogc/lib/wii\libogc.a(lwp_heap.o)
                0x8001b72c                __lwp_heap_init
 .text.__lwp_heap_allocate
                0x8001b7d0      0x160 C:/devkitPro/libogc/lib/wii\libogc.a(lwp_heap.o)
                0x8001b7d0                __lwp_heap_allocate
 .text.__lwp_heap_free
                0x8001b930      0x188 C:/devkitPro/libogc/lib/wii\libogc.a(lwp_heap.o)
                0x8001b930                __lwp_heap_free
 .text.__SetInterrupts
                0x8001bab8      0x268 C:/devkitPro/libogc/lib/wii\libogc.a(irq.o)
 .text.c_irqdispatcher
                0x8001bd20      0x278 C:/devkitPro/libogc/lib/wii\libogc.a(irq.o)
                0x8001bd20                c_irqdispatcher
 .text.__UnmaskIrq
                0x8001bf98       0x84 C:/devkitPro/libogc/lib/wii\libogc.a(irq.o)
                0x8001bf98                __UnmaskIrq
 .text.__MaskIrq
                0x8001c01c       0x84 C:/devkitPro/libogc/lib/wii\libogc.a(irq.o)
                0x8001c01c                __MaskIrq
 .text.__irq_init
                0x8001c0a0       0x84 C:/devkitPro/libogc/lib/wii\libogc.a(irq.o)
                0x8001c0a0                __irq_init
 .text.IRQ_Request
                0x8001c124       0x50 C:/devkitPro/libogc/lib/wii\libogc.a(irq.o)
                0x8001c124                IRQ_Request
 .text.IRQ_GetHandler
                0x8001c174       0x44 C:/devkitPro/libogc/lib/wii\libogc.a(irq.o)
                0x8001c174                IRQ_GetHandler
 .text.IRQ_Disable
                0x8001c1b8       0x1c C:/devkitPro/libogc/lib/wii\libogc.a(irq.o)
                0x8001c1b8                IRQ_Disable
 .text.IRQ_Restore
                0x8001c1d4       0x1c C:/devkitPro/libogc/lib/wii\libogc.a(irq.o)
                0x8001c1d4                IRQ_Restore
 .text.__VISendI2CData.constprop.0.isra.0
                0x8001c1f0      0x450 C:/devkitPro/libogc/lib/wii\libogc.a(video.o)
 .text.__setFbbRegs.constprop.0
                0x8001c640      0x190 C:/devkitPro/libogc/lib/wii\libogc.a(video.o)
 .text.__VISetYUVSEL
                0x8001c7d0       0xb8 C:/devkitPro/libogc/lib/wii\libogc.a(video.o)
 .text.VIDEO_Configure
                0x8001c888      0x5ec C:/devkitPro/libogc/lib/wii\libogc.a(video.o)
                0x8001c888                VIDEO_Configure
 .text.VIDEO_WaitVSync
                0x8001ce74       0x74 C:/devkitPro/libogc/lib/wii\libogc.a(video.o)
                0x8001ce74                VIDEO_WaitVSync
 .text.VIDEO_SetFramebuffer
                0x8001cee8      0x108 C:/devkitPro/libogc/lib/wii\libogc.a(video.o)
                0x8001cee8                VIDEO_SetFramebuffer
 .text.VIDEO_SetNextFramebuffer
                0x8001cff0       0x70 C:/devkitPro/libogc/lib/wii\libogc.a(video.o)
                0x8001cff0                VIDEO_SetNextFramebuffer
 .text.VIDEO_Flush
                0x8001d060       0xf4 C:/devkitPro/libogc/lib/wii\libogc.a(video.o)
                0x8001d060                VIDEO_Flush
 .text.VIDEO_SetBlack
                0x8001d154      0x15c C:/devkitPro/libogc/lib/wii\libogc.a(video.o)
                0x8001d154                VIDEO_SetBlack
 .text.VIDEO_GetCurrentTvMode
                0x8001d2b0       0x78 C:/devkitPro/libogc/lib/wii\libogc.a(video.o)
                0x8001d2b0                VIDEO_GetCurrentTvMode
 .text.__VIRetraceHandler
                0x8001d328      0x298 C:/devkitPro/libogc/lib/wii\libogc.a(video.o)
 .text.__VISetupEncoder
                0x8001d5c0      0x2cc C:/devkitPro/libogc/lib/wii\libogc.a(video.o)
 .text.VIDEO_Init
                0x8001d88c      0x4e4 C:/devkitPro/libogc/lib/wii\libogc.a(video.o)
                0x8001d88c                VIDEO_Init
 .text.VIDEO_GetPreferredMode
                0x8001dd70      0x108 C:/devkitPro/libogc/lib/wii\libogc.a(video.o)
                0x8001dd70                VIDEO_GetPreferredMode
 .text.VIDEO_GetCurrentLine
                0x8001de78       0x9c C:/devkitPro/libogc/lib/wii\libogc.a(video.o)
                0x8001de78                VIDEO_GetCurrentLine
 .text.VIDEO_GetFrameBufferSize
                0x8001df14       0x34 C:/devkitPro/libogc/lib/wii\libogc.a(video.o)
                0x8001df14                VIDEO_GetFrameBufferSize
 .text.__call_resetfuncs
                0x8001df48       0xbc C:/devkitPro/libogc/lib/wii\libogc.a(system.o)
 .text.__MEMInterruptHandler
                0x8001e004       0x14 C:/devkitPro/libogc/lib/wii\libogc.a(system.o)
 .text.__RSWDefaultHandler
                0x8001e018        0x4 C:/devkitPro/libogc/lib/wii\libogc.a(system.o)
 .text.__POWDefaultHandler
                0x8001e01c        0x4 C:/devkitPro/libogc/lib/wii\libogc.a(system.o)
 .text.__STMEventHandler
                0x8001e020      0x104 C:/devkitPro/libogc/lib/wii\libogc.a(system.o)
 .text.__getrtc
                0x8001e124      0x13c C:/devkitPro/libogc/lib/wii\libogc.a(system.o)
 .text.__sram_write
                0x8001e260      0x130 C:/devkitPro/libogc/lib/wii\libogc.a(system.o)
 .text.__sram_writecallback
                0x8001e390       0x54 C:/devkitPro/libogc/lib/wii\libogc.a(system.o)
 .text.__mem_onreset
                0x8001e3e4       0x48 C:/devkitPro/libogc/lib/wii\libogc.a(system.o)
 .text.__unlocksram
                0x8001e42c      0x174 C:/devkitPro/libogc/lib/wii\libogc.a(system.o)
 .text.__sys_alarmhandler
                0x8001e5a0      0x154 C:/devkitPro/libogc/lib/wii\libogc.a(system.o)
 .text.__syscall_malloc_lock
                0x8001e6f4        0x4 C:/devkitPro/libogc/lib/wii\libogc.a(system.o)
                0x8001e6f4                __syscall_malloc_lock
 .text.__syscall_malloc_unlock
                0x8001e6f8        0x4 C:/devkitPro/libogc/lib/wii\libogc.a(system.o)
                0x8001e6f8                __syscall_malloc_unlock
 .text.__syscall_gettod_r
                0x8001e6fc        0x4 C:/devkitPro/libogc/lib/wii\libogc.a(system.o)
                0x8001e6fc                __syscall_gettod_r
 .text.__syscall_nanosleep
                0x8001e700        0x4 C:/devkitPro/libogc/lib/wii\libogc.a(system.o)
                0x8001e700                __syscall_nanosleep
 .text.__SYS_GetRTC
                0x8001e704       0xa0 C:/devkitPro/libogc/lib/wii\libogc.a(system.o)
                0x8001e704                __SYS_GetRTC
 .text.__SYS_SetBootTime
                0x8001e7a4      0x108 C:/devkitPro/libogc/lib/wii\libogc.a(system.o)
                0x8001e7a4                __SYS_SetBootTime
 .text.__SYS_GetIPCBufferLo
                0x8001e8ac        0x8 C:/devkitPro/libogc/lib/wii\libogc.a(system.o)
                0x8001e8ac                __SYS_GetIPCBufferLo
 .text.__SYS_GetIPCBufferHi
                0x8001e8b4        0x8 C:/devkitPro/libogc/lib/wii\libogc.a(system.o)
                0x8001e8b4                __SYS_GetIPCBufferHi
 .text.__SYS_DoPowerCB
                0x8001e8bc       0x74 C:/devkitPro/libogc/lib/wii\libogc.a(system.o)
                0x8001e8bc                __SYS_DoPowerCB
 .text.__SYS_PreInit
                0x8001e930        0x4 C:/devkitPro/libogc/lib/wii\libogc.a(system.o)
                0x8001e930                __SYS_PreInit
 .text.SYS_PreMain
                0x8001e934       0x7c C:/devkitPro/libogc/lib/wii\libogc.a(system.o)
                0x8001e934                SYS_PreMain
 .text.SYS_ResetButtonDown
                0x8001e9b0       0x18 C:/devkitPro/libogc/lib/wii\libogc.a(system.o)
                0x8001e9b0                SYS_ResetButtonDown
 .text.SYS_ResetSystem
                0x8001e9c8      0x210 C:/devkitPro/libogc/lib/wii\libogc.a(system.o)
                0x8001e9c8                SYS_ResetSystem
 .text.__reload
                0x8001ebd8       0x80 C:/devkitPro/libogc/lib/wii\libogc.a(system.o)
                0x8001ebd8                __reload
 .text.__syscall_exit
                0x8001ec58       0x88 C:/devkitPro/libogc/lib/wii\libogc.a(system.o)
                0x8001ec58                __syscall_exit
 .text.SYS_RegisterResetFunc
                0x8001ece0       0x78 C:/devkitPro/libogc/lib/wii\libogc.a(system.o)
                0x8001ece0                SYS_RegisterResetFunc
 .text.SYS_SetArena1Lo
                0x8001ed58       0x38 C:/devkitPro/libogc/lib/wii\libogc.a(system.o)
                0x8001ed58                SYS_SetArena1Lo
 .text.SYS_GetArena1Lo
                0x8001ed90       0x38 C:/devkitPro/libogc/lib/wii\libogc.a(system.o)
                0x8001ed90                SYS_GetArena1Lo
 .text.SYS_GetArena1Hi
                0x8001edc8       0x38 C:/devkitPro/libogc/lib/wii\libogc.a(system.o)
                0x8001edc8                SYS_GetArena1Hi
 .text.SYS_SetArena2Lo
                0x8001ee00       0x38 C:/devkitPro/libogc/lib/wii\libogc.a(system.o)
                0x8001ee00                SYS_SetArena2Lo
 .text.SYS_GetArena2Lo
                0x8001ee38       0x38 C:/devkitPro/libogc/lib/wii\libogc.a(system.o)
                0x8001ee38                SYS_GetArena2Lo
 .text.SYS_SetArena2Hi
                0x8001ee70       0x38 C:/devkitPro/libogc/lib/wii\libogc.a(system.o)
                0x8001ee70                SYS_SetArena2Hi
 .text.SYS_GetArena2Hi
                0x8001eea8       0x38 C:/devkitPro/libogc/lib/wii\libogc.a(system.o)
                0x8001eea8                SYS_GetArena2Hi
 .text.SYS_AllocateFramebuffer
                0x8001eee0       0x28 C:/devkitPro/libogc/lib/wii\libogc.a(system.o)
                0x8001eee0                SYS_AllocateFramebuffer
 .text.SYS_CreateAlarm
                0x8001ef08       0xf0 C:/devkitPro/libogc/lib/wii\libogc.a(system.o)
                0x8001ef08                SYS_CreateAlarm
 .text.SYS_SetAlarm
                0x8001eff8      0x1e0 C:/devkitPro/libogc/lib/wii\libogc.a(system.o)
                0x8001eff8                SYS_SetAlarm
 .text.SYS_SetPeriodicAlarm
                0x8001f1d8      0x270 C:/devkitPro/libogc/lib/wii\libogc.a(system.o)
                0x8001f1d8                SYS_SetPeriodicAlarm
 .text.SYS_RemoveAlarm
                0x8001f448      0x10c C:/devkitPro/libogc/lib/wii\libogc.a(system.o)
                0x8001f448                SYS_RemoveAlarm
 .text.SYS_CancelAlarm
                0x8001f554       0xbc C:/devkitPro/libogc/lib/wii\libogc.a(system.o)
                0x8001f554                SYS_CancelAlarm
 .text.SYS_GetWirelessID
                0x8001f610       0x94 C:/devkitPro/libogc/lib/wii\libogc.a(system.o)
                0x8001f610                SYS_GetWirelessID
 .text.SYS_SetWirelessID
                0x8001f6a4       0x90 C:/devkitPro/libogc/lib/wii\libogc.a(system.o)
                0x8001f6a4                SYS_SetWirelessID
 .text.SYS_SetGBSMode
                0x8001f734       0xa8 C:/devkitPro/libogc/lib/wii\libogc.a(system.o)
                0x8001f734                SYS_SetGBSMode
 .text.__sram_init
                0x8001f7dc      0x1b8 C:/devkitPro/libogc/lib/wii\libogc.a(system.o)
                0x8001f7dc                __sram_init
 .text.SYS_Init
                0x8001f994      0x5e8 C:/devkitPro/libogc/lib/wii\libogc.a(system.o)
                0x8001f994                SYS_Init
 .text.SYS_GetHollywoodRevision
                0x8001ff7c       0x3c C:/devkitPro/libogc/lib/wii\libogc.a(system.o)
                0x8001ff7c                SYS_GetHollywoodRevision
 .text.SYS_Time
                0x8001ffb8       0x78 C:/devkitPro/libogc/lib/wii\libogc.a(system.o)
                0x8001ffb8                SYS_Time
 .text.__lwp_cond_init
                0x80020030       0x14 C:/devkitPro/libogc/lib/wii\libogc.a(cond.o)
                0x80020030                __lwp_cond_init
 .text.__decrementer_init
                0x80020044        0x4 C:/devkitPro/libogc/lib/wii\libogc.a(decrementer.o)
                0x80020044                __decrementer_init
 .text.c_decrementer_handler
                0x80020048        0xc C:/devkitPro/libogc/lib/wii\libogc.a(decrementer.o)
                0x80020048                c_decrementer_handler
 .text.__lwp_mqbox_init
                0x80020054       0x14 C:/devkitPro/libogc/lib/wii\libogc.a(message.o)
                0x80020054                __lwp_mqbox_init
 .text.__si_transfer
                0x80020068      0x1a4 C:/devkitPro/libogc/lib/wii\libogc.a(si.o)
 .text.__si_alarmhandler
                0x8002020c       0xdc C:/devkitPro/libogc/lib/wii\libogc.a(si.o)
 .text.__si_completetransfer
                0x800202e8      0x1fc C:/devkitPro/libogc/lib/wii\libogc.a(si.o)
 .text.__si_transfernext
                0x800204e4       0xe0 C:/devkitPro/libogc/lib/wii\libogc.a(si.o)
 .text.SI_Busy  0x800205c4       0x18 C:/devkitPro/libogc/lib/wii\libogc.a(si.o)
                0x800205c4                SI_Busy
 .text.SI_IsChanBusy
                0x800205dc       0x38 C:/devkitPro/libogc/lib/wii\libogc.a(si.o)
                0x800205dc                SI_IsChanBusy
 .text.SI_SetXY
                0x80020614       0x64 C:/devkitPro/libogc/lib/wii\libogc.a(si.o)
                0x80020614                SI_SetXY
 .text.SI_EnablePolling
                0x80020678       0x80 C:/devkitPro/libogc/lib/wii\libogc.a(si.o)
                0x80020678                SI_EnablePolling
 .text.SI_DisablePolling
                0x800206f8       0x58 C:/devkitPro/libogc/lib/wii\libogc.a(si.o)
                0x800206f8                SI_DisablePolling
 .text.SI_SetSamplingRate
                0x80020750       0xd8 C:/devkitPro/libogc/lib/wii\libogc.a(si.o)
                0x80020750                SI_SetSamplingRate
 .text.SI_RefreshSamplingRate
                0x80020828        0x8 C:/devkitPro/libogc/lib/wii\libogc.a(si.o)
                0x80020828                SI_RefreshSamplingRate
 .text.SI_GetStatus
                0x80020830       0x78 C:/devkitPro/libogc/lib/wii\libogc.a(si.o)
                0x80020830                SI_GetStatus
 .text.SI_GetResponseRaw
                0x800208a8       0xe8 C:/devkitPro/libogc/lib/wii\libogc.a(si.o)
                0x800208a8                SI_GetResponseRaw
 .text.SI_GetResponse
                0x80020990       0xb8 C:/devkitPro/libogc/lib/wii\libogc.a(si.o)
                0x80020990                SI_GetResponse
 .text.SI_SetCommand
                0x80020a48       0x10 C:/devkitPro/libogc/lib/wii\libogc.a(si.o)
                0x80020a48                SI_SetCommand
 .text.SI_Transfer
                0x80020a58      0x26c C:/devkitPro/libogc/lib/wii\libogc.a(si.o)
                0x80020a58                SI_Transfer
 .text.__si_gettypecallback
                0x80020cc4      0x2c0 C:/devkitPro/libogc/lib/wii\libogc.a(si.o)
 .text.__si_interrupthandler
                0x80020f84      0x268 C:/devkitPro/libogc/lib/wii\libogc.a(si.o)
 .text.SI_GetType
                0x800211ec      0x1f4 C:/devkitPro/libogc/lib/wii\libogc.a(si.o)
                0x800211ec                SI_GetType
 .text.SI_GetTypeAsync
                0x800213e0      0x138 C:/devkitPro/libogc/lib/wii\libogc.a(si.o)
                0x800213e0                SI_GetTypeAsync
 .text.SI_EnablePollingInterrupt
                0x80021518       0x8c C:/devkitPro/libogc/lib/wii\libogc.a(si.o)
                0x80021518                SI_EnablePollingInterrupt
 .text.SI_UnregisterPollingHandler
                0x800215a4       0xe0 C:/devkitPro/libogc/lib/wii\libogc.a(si.o)
                0x800215a4                SI_UnregisterPollingHandler
 .text.__si_init
                0x80021684       0xe8 C:/devkitPro/libogc/lib/wii\libogc.a(si.o)
                0x80021684                __si_init
 .text.__ipc_sendrequest
                0x8002176c      0x104 C:/devkitPro/libogc/lib/wii\libogc.a(ipc.o)
 .text.__ipc_syncrequest
                0x80021870       0xe4 C:/devkitPro/libogc/lib/wii\libogc.a(ipc.o)
 .text.__ioctlvfmtCB
                0x80021954      0x158 C:/devkitPro/libogc/lib/wii\libogc.a(ipc.o)
 .text.__ios_ioctlvformat_parse
                0x80021aac      0x820 C:/devkitPro/libogc/lib/wii\libogc.a(ipc.o)
 .text.__ipc_asyncrequest
                0x800222cc      0x13c C:/devkitPro/libogc/lib/wii\libogc.a(ipc.o)
 .text.__ipc_interrupthandler
                0x80022408      0x34c C:/devkitPro/libogc/lib/wii\libogc.a(ipc.o)
 .text.iosCreateHeap
                0x80022754      0x130 C:/devkitPro/libogc/lib/wii\libogc.a(ipc.o)
                0x80022754                iosCreateHeap
 .text.iosAlloc
                0x80022884       0x30 C:/devkitPro/libogc/lib/wii\libogc.a(ipc.o)
                0x80022884                iosAlloc
 .text.iosFree  0x800228b4       0x28 C:/devkitPro/libogc/lib/wii\libogc.a(ipc.o)
                0x800228b4                iosFree
 .text.__IPC_ClntInit
                0x800228dc       0xc8 C:/devkitPro/libogc/lib/wii\libogc.a(ipc.o)
                0x800228dc                __IPC_ClntInit
 .text.IOS_Open
                0x800229a4      0x110 C:/devkitPro/libogc/lib/wii\libogc.a(ipc.o)
                0x800229a4                IOS_Open
 .text.IOS_Close
                0x80022ab4       0xf0 C:/devkitPro/libogc/lib/wii\libogc.a(ipc.o)
                0x80022ab4                IOS_Close
 .text.IOS_CloseAsync
                0x80022ba4       0xb4 C:/devkitPro/libogc/lib/wii\libogc.a(ipc.o)
                0x80022ba4                IOS_CloseAsync
 .text.IOS_Read
                0x80022c58      0x10c C:/devkitPro/libogc/lib/wii\libogc.a(ipc.o)
                0x80022c58                IOS_Read
 .text.IOS_Write
                0x80022d64      0x10c C:/devkitPro/libogc/lib/wii\libogc.a(ipc.o)
                0x80022d64                IOS_Write
 .text.IOS_Ioctl
                0x80022e70      0x158 C:/devkitPro/libogc/lib/wii\libogc.a(ipc.o)
                0x80022e70                IOS_Ioctl
 .text.IOS_IoctlAsync
                0x80022fc8      0x148 C:/devkitPro/libogc/lib/wii\libogc.a(ipc.o)
                0x80022fc8                IOS_IoctlAsync
 .text.IOS_Ioctlv
                0x80023110      0x1f0 C:/devkitPro/libogc/lib/wii\libogc.a(ipc.o)
                0x80023110                IOS_Ioctlv
 .text.IOS_IoctlvAsync
                0x80023300      0x1d4 C:/devkitPro/libogc/lib/wii\libogc.a(ipc.o)
                0x80023300                IOS_IoctlvAsync
 .text.IOS_IoctlvFormat
                0x800234d4      0x16c C:/devkitPro/libogc/lib/wii\libogc.a(ipc.o)
                0x800234d4                IOS_IoctlvFormat
 .text.IOS_IoctlvReboot
                0x80023640      0x1f4 C:/devkitPro/libogc/lib/wii\libogc.a(ipc.o)
                0x80023640                IOS_IoctlvReboot
 .text.gettick  0x80023834        0x8 C:/devkitPro/libogc/lib/wii\libogc.a(timesupp.o)
                0x80023834                gettick
 .text.gettime  0x8002383c       0x18 C:/devkitPro/libogc/lib/wii\libogc.a(timesupp.o)
                0x8002383c                gettime
 .text.settime  0x80023854       0x14 C:/devkitPro/libogc/lib/wii\libogc.a(timesupp.o)
                0x80023854                settime
 .text.diff_usec
                0x80023868       0x88 C:/devkitPro/libogc/lib/wii\libogc.a(timesupp.o)
                0x80023868                diff_usec
 .text.__timesystem_init
                0x800238f0       0x1c C:/devkitPro/libogc/lib/wii\libogc.a(timesupp.o)
                0x800238f0                __timesystem_init
 .text.udelay   0x8002390c       0xac C:/devkitPro/libogc/lib/wii\libogc.a(timesupp.o)
                0x8002390c                udelay
 .text.__libogc_nanosleep
                0x800239b8      0x144 C:/devkitPro/libogc/lib/wii\libogc.a(timesupp.o)
                0x800239b8                __libogc_nanosleep
 .text.__libogc_gettod_r
                0x80023afc       0xd4 C:/devkitPro/libogc/lib/wii\libogc.a(timesupp.o)
                0x80023afc                __libogc_gettod_r
 .text.__syscall_lock_init
                0x80023bd0       0x6c C:/devkitPro/libogc/lib/wii\libogc.a(lock_supp.o)
                0x80023bd0                __syscall_lock_init
 .text.__syscall_lock_init_recursive
                0x80023c3c       0x6c C:/devkitPro/libogc/lib/wii\libogc.a(lock_supp.o)
                0x80023c3c                __syscall_lock_init_recursive
 .text.__syscall_lock_close
                0x80023ca8       0x68 C:/devkitPro/libogc/lib/wii\libogc.a(lock_supp.o)
                0x80023ca8                __syscall_lock_close
 .text.__syscall_lock_acquire
                0x80023d10       0x18 C:/devkitPro/libogc/lib/wii\libogc.a(lock_supp.o)
                0x80023d10                __syscall_lock_acquire
 .text.__syscall_lock_release
                0x80023d28       0x18 C:/devkitPro/libogc/lib/wii\libogc.a(lock_supp.o)
                0x80023d28                __syscall_lock_release
 .text.__usbgecko_exi_unlock
                0x80023d40       0x34 C:/devkitPro/libogc/lib/wii\libogc.a(usbgecko.o)
 .text.usb_isgeckoalive
                0x80023d74      0x1bc C:/devkitPro/libogc/lib/wii\libogc.a(usbgecko.o)
                0x80023d74                usb_isgeckoalive
 .text.usb_sendbuffer_ex
                0x80023f30      0x214 C:/devkitPro/libogc/lib/wii\libogc.a(usbgecko.o)
                0x80023f30                usb_sendbuffer_ex
 .text.usb_sendbuffer
                0x80024144        0x8 C:/devkitPro/libogc/lib/wii\libogc.a(usbgecko.o)
                0x80024144                usb_sendbuffer
 .text.usb_sendbuffer_safe_ex
                0x8002414c      0x2a8 C:/devkitPro/libogc/lib/wii\libogc.a(usbgecko.o)
                0x8002414c                usb_sendbuffer_safe_ex
 .text.usb_sendbuffer_safe
                0x800243f4        0x8 C:/devkitPro/libogc/lib/wii\libogc.a(usbgecko.o)
                0x800243f4                usb_sendbuffer_safe
 .text._sbrk_r  0x800243fc      0x28c C:/devkitPro/libogc/lib/wii\libogc.a(sbrk.o)
                0x800243fc                _sbrk_r
 .text.__memlock_init
                0x80024688       0x7c C:/devkitPro/libogc/lib/wii\libogc.a(malloc_lock.o)
                0x80024688                __memlock_init
 .text.__libogc_malloc_lock
                0x80024704      0x1fc C:/devkitPro/libogc/lib/wii\libogc.a(malloc_lock.o)
                0x80024704                __libogc_malloc_lock
 .text.__libogc_malloc_unlock
                0x80024900       0x64 C:/devkitPro/libogc/lib/wii\libogc.a(malloc_lock.o)
                0x80024900                __libogc_malloc_unlock
 .text.__STM_SetEventHook
                0x80024964       0xb0 C:/devkitPro/libogc/lib/wii\libogc.a(stm.o)
                0x80024964                __STM_SetEventHook
 .text.__STM_Init
                0x80024a14       0x8c C:/devkitPro/libogc/lib/wii\libogc.a(stm.o)
                0x80024a14                __STM_Init
 .text.__STMEventHandler
                0x80024aa0       0x64 C:/devkitPro/libogc/lib/wii\libogc.a(stm.o)
 .text.__STM_ReleaseEventHook
                0x80024b04       0x80 C:/devkitPro/libogc/lib/wii\libogc.a(stm.o)
                0x80024b04                __STM_ReleaseEventHook
 .text.__STM_Close
                0x80024b84       0xac C:/devkitPro/libogc/lib/wii\libogc.a(stm.o)
                0x80024b84                __STM_Close
 .text.STM_RegisterEventHandler
                0x80024c30       0x10 C:/devkitPro/libogc/lib/wii\libogc.a(stm.o)
                0x80024c30                STM_RegisterEventHandler
 .text.STM_ShutdownToStandby
                0x80024c40       0x50 C:/devkitPro/libogc/lib/wii\libogc.a(stm.o)
                0x80024c40                STM_ShutdownToStandby
 .text.STM_ShutdownToIdle
                0x80024c90       0x70 C:/devkitPro/libogc/lib/wii\libogc.a(stm.o)
                0x80024c90                STM_ShutdownToIdle
 .text.STM_SetLedMode
                0x80024d00       0x40 C:/devkitPro/libogc/lib/wii\libogc.a(stm.o)
                0x80024d00                STM_SetLedMode
 .text.STM_RebootSystem
                0x80024d40       0x50 C:/devkitPro/libogc/lib/wii\libogc.a(stm.o)
                0x80024d40                STM_RebootSystem
 .text.__IOS_InitializeSubsystems
                0x80024d90       0x44 C:/devkitPro/libogc/lib/wii\libogc.a(ios.o)
                0x80024d90                __IOS_InitializeSubsystems
 .text.__IOS_ShutdownSubsystems
                0x80024dd4       0x44 C:/devkitPro/libogc/lib/wii\libogc.a(ios.o)
                0x80024dd4                __IOS_ShutdownSubsystems
 .text.__IOS_LoadStartupIOS
                0x80024e18        0x8 C:/devkitPro/libogc/lib/wii\libogc.a(ios.o)
                0x80024e18                __IOS_LoadStartupIOS
 .text._ES_fstat_r
                0x80024e20      0x120 C:/devkitPro/libogc/lib/wii\libogc.a(es.o)
 .text._ES_seek_r
                0x80024f40       0xdc C:/devkitPro/libogc/lib/wii\libogc.a(es.o)
 .text._ES_close_r
                0x8002501c       0xac C:/devkitPro/libogc/lib/wii\libogc.a(es.o)
 .text.__ES_Init
                0x800250c8       0x78 C:/devkitPro/libogc/lib/wii\libogc.a(es.o)
                0x800250c8                __ES_Init
 .text.__ES_Close
                0x80025140       0x54 C:/devkitPro/libogc/lib/wii\libogc.a(es.o)
                0x80025140                __ES_Close
 .text.ES_GetTitleID
                0x80025194       0x94 C:/devkitPro/libogc/lib/wii\libogc.a(es.o)
                0x80025194                ES_GetTitleID
 .text.ES_LaunchTitle
                0x80025228       0xa4 C:/devkitPro/libogc/lib/wii\libogc.a(es.o)
                0x80025228                ES_LaunchTitle
 .text.ES_GetNumTicketViews
                0x800252cc       0x98 C:/devkitPro/libogc/lib/wii\libogc.a(es.o)
                0x800252cc                ES_GetNumTicketViews
 .text.ES_GetTicketViews
                0x80025364       0x8c C:/devkitPro/libogc/lib/wii\libogc.a(es.o)
                0x80025364                ES_GetTicketViews
 .text.ES_GetStoredTMD
                0x800253f0       0x90 C:/devkitPro/libogc/lib/wii\libogc.a(es.o)
                0x800253f0                ES_GetStoredTMD
 .text._ES_decodepath
                0x80025480      0x440 C:/devkitPro/libogc/lib/wii\libogc.a(es.o)
 .text._ES_stat_r
                0x800258c0       0xf4 C:/devkitPro/libogc/lib/wii\libogc.a(es.o)
 .text._ES_open_r
                0x800259b4      0x1d0 C:/devkitPro/libogc/lib/wii\libogc.a(es.o)
 .text.ES_ReadContent
                0x80025b84       0x6c C:/devkitPro/libogc/lib/wii\libogc.a(es.o)
                0x80025b84                ES_ReadContent
 .text._ES_read_r
                0x80025bf0      0x17c C:/devkitPro/libogc/lib/wii\libogc.a(es.o)
 .text.__usbv5_devicechangeCB
                0x80025d6c      0x180 C:/devkitPro/libogc/lib/wii\libogc.a(usb.o)
 .text.__usbv5_attachfinishCB
                0x80025eec       0xcc C:/devkitPro/libogc/lib/wii\libogc.a(usb.o)
 .text.__usbv5_messageCB
                0x80025fb8       0x5c C:/devkitPro/libogc/lib/wii\libogc.a(usb.o)
 .text.__usbv0_messageCB
                0x80026014       0xa8 C:/devkitPro/libogc/lib/wii\libogc.a(usb.o)
 .text.__usb_control_message
                0x800260bc      0x428 C:/devkitPro/libogc/lib/wii\libogc.a(usb.o)
 .text.__usb_interrupt_bulk_message
                0x800264e4      0x2c0 C:/devkitPro/libogc/lib/wii\libogc.a(usb.o)
 .text.USB_FreeDescriptors.part.0
                0x800267a4       0xfc C:/devkitPro/libogc/lib/wii\libogc.a(usb.o)
 .text.USB_GetDescriptors.part.0
                0x800268a0      0x674 C:/devkitPro/libogc/lib/wii\libogc.a(usb.o)
 .text.USBV5_SuspendResume
                0x80026f14      0x138 C:/devkitPro/libogc/lib/wii\libogc.a(usb.o)
 .text.USBV5_GetDescriptors
                0x8002704c      0x518 C:/devkitPro/libogc/lib/wii\libogc.a(usb.o)
 .text.USB_Deinitialize
                0x80027564       0xc8 C:/devkitPro/libogc/lib/wii\libogc.a(usb.o)
                0x80027564                USB_Deinitialize
 .text.USB_Initialize
                0x8002762c      0x2f8 C:/devkitPro/libogc/lib/wii\libogc.a(usb.o)
                0x8002762c                USB_Initialize
 .text.USB_OpenDevice
                0x80027924      0x2b8 C:/devkitPro/libogc/lib/wii\libogc.a(usb.o)
                0x80027924                USB_OpenDevice
 .text.USBV5_CloseDevice
                0x80027bdc      0x128 C:/devkitPro/libogc/lib/wii\libogc.a(usb.o)
                0x80027bdc                USBV5_CloseDevice
 .text.USB_CloseDeviceAsync
                0x80027d04       0xd0 C:/devkitPro/libogc/lib/wii\libogc.a(usb.o)
                0x80027d04                USB_CloseDeviceAsync
 .text.USB_ReadIntrMsgAsync
                0x80027dd4       0x28 C:/devkitPro/libogc/lib/wii\libogc.a(usb.o)
                0x80027dd4                USB_ReadIntrMsgAsync
 .text.USB_ReadBlkMsgAsync
                0x80027dfc       0x28 C:/devkitPro/libogc/lib/wii\libogc.a(usb.o)
                0x80027dfc                USB_ReadBlkMsgAsync
 .text.USB_WriteBlkMsgAsync
                0x80027e24       0x28 C:/devkitPro/libogc/lib/wii\libogc.a(usb.o)
                0x80027e24                USB_WriteBlkMsgAsync
 .text.USB_WriteCtrlMsgAsync
                0x80027e4c        0x4 C:/devkitPro/libogc/lib/wii\libogc.a(usb.o)
                0x80027e4c                USB_WriteCtrlMsgAsync
 .text.__CheckARGV
                0x80027e50       0x80 C:/devkitPro/libogc/lib/wii\libogc.a(argv.o)
                0x80027e50                __CheckARGV
 .text.CONF_Init
                0x80027ed0      0x184 C:/devkitPro/libogc/lib/wii\libogc.a(conf.o)
                0x80027ed0                CONF_Init
 .text.__CONF_GetTxt
                0x80028054      0x208 C:/devkitPro/libogc/lib/wii\libogc.a(conf.o)
                0x80028054                __CONF_GetTxt
 .text.__CONF_Find
                0x8002825c       0xfc C:/devkitPro/libogc/lib/wii\libogc.a(conf.o)
                0x8002825c                __CONF_Find
 .text.CONF_GetLength
                0x80028358      0x12c C:/devkitPro/libogc/lib/wii\libogc.a(conf.o)
                0x80028358                CONF_GetLength
 .text.CONF_Get
                0x80028484      0x140 C:/devkitPro/libogc/lib/wii\libogc.a(conf.o)
                0x80028484                CONF_Get
 .text.CONF_GetShutdownMode
                0x800285c4       0x54 C:/devkitPro/libogc/lib/wii\libogc.a(conf.o)
                0x800285c4                CONF_GetShutdownMode
 .text.CONF_GetIdleLedMode
                0x80028618       0x54 C:/devkitPro/libogc/lib/wii\libogc.a(conf.o)
                0x80028618                CONF_GetIdleLedMode
 .text.CONF_GetProgressiveScan
                0x8002866c       0x54 C:/devkitPro/libogc/lib/wii\libogc.a(conf.o)
                0x8002866c                CONF_GetProgressiveScan
 .text.CONF_GetEuRGB60
                0x800286c0       0x54 C:/devkitPro/libogc/lib/wii\libogc.a(conf.o)
                0x800286c0                CONF_GetEuRGB60
 .text.CONF_GetIRSensitivity
                0x80028714       0x54 C:/devkitPro/libogc/lib/wii\libogc.a(conf.o)
                0x80028714                CONF_GetIRSensitivity
 .text.CONF_GetSensorBarPosition
                0x80028768       0x54 C:/devkitPro/libogc/lib/wii\libogc.a(conf.o)
                0x80028768                CONF_GetSensorBarPosition
 .text.CONF_GetCounterBias
                0x800287bc       0x4c C:/devkitPro/libogc/lib/wii\libogc.a(conf.o)
                0x800287bc                CONF_GetCounterBias
 .text.CONF_GetDisplayOffsetH
                0x80028808       0x4c C:/devkitPro/libogc/lib/wii\libogc.a(conf.o)
                0x80028808                CONF_GetDisplayOffsetH
 .text.CONF_GetPadDevices
                0x80028854       0x4c C:/devkitPro/libogc/lib/wii\libogc.a(conf.o)
                0x80028854                CONF_GetPadDevices
 .text.CONF_GetVideo
                0x800288a0       0x88 C:/devkitPro/libogc/lib/wii\libogc.a(conf.o)
                0x800288a0                CONF_GetVideo
 .text.__WII_WriteNANDBootInfo.isra.0
                0x80028928       0xbc C:/devkitPro/libogc/lib/wii\libogc.a(wiilaunch.o)
 .text.__WII_WriteStateFlags.isra.0
                0x800289e4       0x94 C:/devkitPro/libogc/lib/wii\libogc.a(wiilaunch.o)
 .text.WII_Initialize
                0x80028a78      0x188 C:/devkitPro/libogc/lib/wii\libogc.a(wiilaunch.o)
                0x80028a78                WII_Initialize
 .text.WII_LaunchTitle
                0x80028c00      0x1ac C:/devkitPro/libogc/lib/wii\libogc.a(wiilaunch.o)
                0x80028c00                WII_LaunchTitle
 .text.WII_ReturnToMenu
                0x80028dac       0x58 C:/devkitPro/libogc/lib/wii\libogc.a(wiilaunch.o)
                0x80028dac                WII_ReturnToMenu
 .text.__lwp_priority_init
                0x80028e04       0x1c C:/devkitPro/libogc/lib/wii\libogc.a(lwp_priority.o)
                0x80028e04                __lwp_priority_init
 .text.__lwp_threadqueue_enqueuefifo
                0x80028e20      0x12c C:/devkitPro/libogc/lib/wii\libogc.a(lwp_threadq.o)
                0x80028e20                __lwp_threadqueue_enqueuefifo
 .text.__lwp_threadqueue_dequeuefifo
                0x80028f4c      0x134 C:/devkitPro/libogc/lib/wii\libogc.a(lwp_threadq.o)
                0x80028f4c                __lwp_threadqueue_dequeuefifo
 .text.__lwp_threadqueue_enqueuepriority
                0x80029080      0x334 C:/devkitPro/libogc/lib/wii\libogc.a(lwp_threadq.o)
                0x80029080                __lwp_threadqueue_enqueuepriority
 .text.__lwp_threadqueue_dequeuepriority
                0x800293b4      0x1d8 C:/devkitPro/libogc/lib/wii\libogc.a(lwp_threadq.o)
                0x800293b4                __lwp_threadqueue_dequeuepriority
 .text.__lwp_threadqueue_init
                0x8002958c       0x64 C:/devkitPro/libogc/lib/wii\libogc.a(lwp_threadq.o)
                0x8002958c                __lwp_threadqueue_init
 .text.__lwp_threadqueue_enqueue
                0x800295f0      0x138 C:/devkitPro/libogc/lib/wii\libogc.a(lwp_threadq.o)
                0x800295f0                __lwp_threadqueue_enqueue
 .text.__lwp_threadqueue_dequeue
                0x80029728       0x24 C:/devkitPro/libogc/lib/wii\libogc.a(lwp_threadq.o)
                0x80029728                __lwp_threadqueue_dequeue
 .text.__lwp_threadqueue_flush
                0x8002974c       0x68 C:/devkitPro/libogc/lib/wii\libogc.a(lwp_threadq.o)
                0x8002974c                __lwp_threadqueue_flush
 .text.__lwp_threadqueue_extractfifo
                0x800297b4       0xe8 C:/devkitPro/libogc/lib/wii\libogc.a(lwp_threadq.o)
                0x800297b4                __lwp_threadqueue_extractfifo
 .text.__lwp_threadqueue_extractpriority
                0x8002989c      0x148 C:/devkitPro/libogc/lib/wii\libogc.a(lwp_threadq.o)
                0x8002989c                __lwp_threadqueue_extractpriority
 .text.__lwp_threadqueue_timeout
                0x800299e4       0xd0 C:/devkitPro/libogc/lib/wii\libogc.a(lwp_threadq.o)
 .text.__lwp_threadqueue_extractproxy
                0x80029ab4       0x64 C:/devkitPro/libogc/lib/wii\libogc.a(lwp_threadq.o)
                0x80029ab4                __lwp_threadqueue_extractproxy
 .text.__lwp_mutex_initialize
                0x80029b18       0xa4 C:/devkitPro/libogc/lib/wii\libogc.a(lwp_mutex.o)
                0x80029b18                __lwp_mutex_initialize
 .text.__lwp_mutex_surrender
                0x80029bbc      0x14c C:/devkitPro/libogc/lib/wii\libogc.a(lwp_mutex.o)
                0x80029bbc                __lwp_mutex_surrender
 .text.__lwp_mutex_seize_irq_blocking
                0x80029d08       0xf8 C:/devkitPro/libogc/lib/wii\libogc.a(lwp_mutex.o)
                0x80029d08                __lwp_mutex_seize_irq_blocking
 .text.__lwp_mutex_flush
                0x80029e00        0x4 C:/devkitPro/libogc/lib/wii\libogc.a(lwp_mutex.o)
                0x80029e00                __lwp_mutex_flush
 .text.__systemcall_init
                0x80029e04       0x70 C:/devkitPro/libogc/lib/wii\libogc.a(exception.o)
                0x80029e04                __systemcall_init
 .text.__exception_init
                0x80029e74      0x120 C:/devkitPro/libogc/lib/wii\libogc.a(exception.o)
                0x80029e74                __exception_init
 .text.__exception_close
                0x80029f94       0xac C:/devkitPro/libogc/lib/wii\libogc.a(exception.o)
                0x80029f94                __exception_close
 .text.__exception_closeall
                0x8002a040       0x80 C:/devkitPro/libogc/lib/wii\libogc.a(exception.o)
                0x8002a040                __exception_closeall
 .text.c_default_exceptionhandler
                0x8002a0c0      0x458 C:/devkitPro/libogc/lib/wii\libogc.a(exception.o)
                0x8002a0c0                c_default_exceptionhandler
 .text.__lwp_sema_init
                0x8002a518       0x14 C:/devkitPro/libogc/lib/wii\libogc.a(semaphore.o)
                0x8002a518                __lwp_sema_init
 .text.SPEC1_MakeStatus
                0x8002a52c      0x104 C:/devkitPro/libogc/lib/wii\libogc.a(pad.o)
 .text.__pad_samplinghandler
                0x8002a630        0x4 C:/devkitPro/libogc/lib/wii\libogc.a(pad.o)
 .text.__pad_doreset
                0x8002a634       0x50 C:/devkitPro/libogc/lib/wii\libogc.a(pad.o)
 .text.__pad_updateorigin
                0x8002a684       0xa4 C:/devkitPro/libogc/lib/wii\libogc.a(pad.o)
 .text.__pad_disable
                0x8002a728       0xbc C:/devkitPro/libogc/lib/wii\libogc.a(pad.o)
 .text.__pad_receivecheckcallback
                0x8002a7e4       0x84 C:/devkitPro/libogc/lib/wii\libogc.a(pad.o)
 .text.__pad_typeandstatuscallback
                0x8002a868      0x1ac C:/devkitPro/libogc/lib/wii\libogc.a(pad.o)
 .text.__pad_originupdatecallback
                0x8002aa14       0x2c C:/devkitPro/libogc/lib/wii\libogc.a(pad.o)
 .text.__pad_onreset
                0x8002aa40      0x108 C:/devkitPro/libogc/lib/wii\libogc.a(pad.o)
 .text.SPEC2_MakeStatus
                0x8002ab48      0x214 C:/devkitPro/libogc/lib/wii\libogc.a(pad.o)
 .text.__pad_origincallback
                0x8002ad5c       0x74 C:/devkitPro/libogc/lib/wii\libogc.a(pad.o)
 .text.__pad_probecallback
                0x8002add0       0x88 C:/devkitPro/libogc/lib/wii\libogc.a(pad.o)
 .text.__PADDisableRecalibration
                0x8002ae58       0x64 C:/devkitPro/libogc/lib/wii\libogc.a(pad.o)
                0x8002ae58                __PADDisableRecalibration
 .text.PAD_Reset
                0x8002aebc       0xf0 C:/devkitPro/libogc/lib/wii\libogc.a(pad.o)
                0x8002aebc                PAD_Reset
 .text.PAD_Read
                0x8002afac      0x2d4 C:/devkitPro/libogc/lib/wii\libogc.a(pad.o)
                0x8002afac                PAD_Read
 .text.PAD_Init
                0x8002b280       0xf8 C:/devkitPro/libogc/lib/wii\libogc.a(pad.o)
                0x8002b280                PAD_Init
 .text.PAD_ScanPads
                0x8002b378      0x15c C:/devkitPro/libogc/lib/wii\libogc.a(pad.o)
                0x8002b378                PAD_ScanPads
 .text.PAD_ButtonsDown
                0x8002b4d4       0x40 C:/devkitPro/libogc/lib/wii\libogc.a(pad.o)
                0x8002b4d4                PAD_ButtonsDown
 .text.__exi_irq_handler
                0x8002b514       0x58 C:/devkitPro/libogc/lib/wii\libogc.a(exi.o)
 .text.__ext_irq_handler
                0x8002b56c       0xc8 C:/devkitPro/libogc/lib/wii\libogc.a(exi.o)
 .text.__tc_irq_handler
                0x8002b634      0x178 C:/devkitPro/libogc/lib/wii\libogc.a(exi.o)
 .text.__exi_probe
                0x8002b7ac      0x214 C:/devkitPro/libogc/lib/wii\libogc.a(exi.o)
 .text.__exi_attach
                0x8002b9c0      0x104 C:/devkitPro/libogc/lib/wii\libogc.a(exi.o)
 .text.EXI_Lock
                0x8002bac4      0x218 C:/devkitPro/libogc/lib/wii\libogc.a(exi.o)
                0x8002bac4                EXI_Lock
 .text.EXI_Unlock
                0x8002bcdc      0x224 C:/devkitPro/libogc/lib/wii\libogc.a(exi.o)
                0x8002bcdc                EXI_Unlock
 .text.EXI_Select
                0x8002bf00      0x208 C:/devkitPro/libogc/lib/wii\libogc.a(exi.o)
                0x8002bf00                EXI_Select
 .text.EXI_Deselect
                0x8002c108      0x16c C:/devkitPro/libogc/lib/wii\libogc.a(exi.o)
                0x8002c108                EXI_Deselect
 .text.EXI_Sync
                0x8002c274      0x108 C:/devkitPro/libogc/lib/wii\libogc.a(exi.o)
                0x8002c274                EXI_Sync
 .text.EXI_Imm  0x8002c37c      0x1f8 C:/devkitPro/libogc/lib/wii\libogc.a(exi.o)
                0x8002c37c                EXI_Imm
 .text.EXI_ImmEx
                0x8002c574       0xd8 C:/devkitPro/libogc/lib/wii\libogc.a(exi.o)
                0x8002c574                EXI_ImmEx
 .text.EXI_Dma  0x8002c64c      0x16c C:/devkitPro/libogc/lib/wii\libogc.a(exi.o)
                0x8002c64c                EXI_Dma
 .text.EXI_Detach
                0x8002c7b8       0xb0 C:/devkitPro/libogc/lib/wii\libogc.a(exi.o)
                0x8002c7b8                EXI_Detach
 .text.EXI_GetID
                0x8002c868      0x338 C:/devkitPro/libogc/lib/wii\libogc.a(exi.o)