Archive member included to satisfy reference by file (symbol)

C:/devkitPro/libogc/lib/wii\libwiiuse.a(wpad.o)
                              main.o (WPAD_Init)
C:/devkitPro/libogc/lib/wii\libwiiuse.a(motion_plus.o)
                              C:/devkitPro/libogc/lib/wii\libwiiuse.a(wpad.o) (wiiuse_set_motion_plus)
C:/devkitPro/libogc/lib/wii\libwiiuse.a(dynamics.o)
                              C:/devkitPro/libogc/lib/wii\libwiiuse.a(wpad.o) (calculate_gforce)
C:/devkitPro/libogc/lib/wii\libwiiuse.a(io.o)
                              C:/devkitPro/libogc/lib/wii\libwiiuse.a(motion_plus.o) (wiiuse_disable_expansion)
C:/devkitPro/libogc/lib/wii\libwiiuse.a(io_wii.o)
                              C:/devkitPro/libogc/lib/wii\libwiiuse.a(wpad.o) (__wiiuse_sensorbar_enable)
C:/devkitPro/libogc/lib/wii\libwiiuse.a(ir.o)
                              C:/devkitPro/libogc/lib/wii\libwiiuse.a(motion_plus.o) (wiiuse_set_ir_mode)
C:/devkitPro/libogc/lib/wii\libwiiuse.a(nunchuk.o)
                              C:/devkitPro/libogc/lib/wii\libwiiuse.a(io.o) (nunchuk_handshake)
C:/devkitPro/libogc/lib/wii\libwiiuse.a(wiiboard.o)
                              C:/devkitPro/libogc/lib/wii\libwiiuse.a(io.o) (wii_board_handshake)
C:/devkitPro/libogc/lib/wii\libwiiuse.a(wiiuse.o)
                              C:/devkitPro/libogc/lib/wii\libwiiuse.a(wpad.o) (wiiuse_init)
C:/devkitPro/libogc/lib/wii\libwiiuse.a(speaker.o)
                              C:/devkitPro/libogc/lib/wii\libwiiuse.a(wpad.o) (wencdata)
C:/devkitPro/libogc/lib/wii\libwiiuse.a(classic.o)
                              C:/devkitPro/libogc/lib/wii\libwiiuse.a(io.o) (classic_ctrl_handshake)
C:/devkitPro/libogc/lib/wii\libwiiuse.a(events.o)
                              C:/devkitPro/libogc/lib/wii\libwiiuse.a(io_wii.o) (parse_event)
C:/devkitPro/libogc/lib/wii\libwiiuse.a(guitar_hero_3.o)
                              C:/devkitPro/libogc/lib/wii\libwiiuse.a(io.o) (guitar_hero_3_handshake)
C:/devkitPro/libogc/lib/wii\libbte.a(bte.o)
                              C:/devkitPro/libogc/lib/wii\libwiiuse.a(wpad.o) (BTE_Init)
C:/devkitPro/libogc/lib/wii\libbte.a(hci.o)
                              C:/devkitPro/libogc/lib/wii\libbte.a(bte.o) (hci_init)
C:/devkitPro/libogc/lib/wii\libbte.a(l2cap.o)
                              C:/devkitPro/libogc/lib/wii\libbte.a(bte.o) (l2cap_init)
C:/devkitPro/libogc/lib/wii\libbte.a(btmemb.o)
                              C:/devkitPro/libogc/lib/wii\libbte.a(bte.o) (btmemb_init)
C:/devkitPro/libogc/lib/wii\libbte.a(btmemr.o)
                              C:/devkitPro/libogc/lib/wii\libbte.a(hci.o) (btmemr_init)
C:/devkitPro/libogc/lib/wii\libbte.a(btpbuf.o)
                              C:/devkitPro/libogc/lib/wii\libbte.a(hci.o) (btpbuf_init)
C:/devkitPro/libogc/lib/wii\libbte.a(physbusif.o)
                              C:/devkitPro/libogc/lib/wii\libbte.a(bte.o) (physbusif_init)
C:/devkitPro/libogc/lib/wii\libogc.a(console.o)
                              main.o (CON_Init)
C:/devkitPro/libogc/lib/wii\libogc.a(lwp_queue.o)
                              C:/devkitPro/libogc/lib/wii\libwiiuse.a(io_wii.o) (__lwp_queue_initialize)
C:/devkitPro/libogc/lib/wii\libogc.a(lwp_threads.o)
                              C:/devkitPro/libogc/lib/wii\libwiiuse.a(wpad.o) (_thread_dispatch_disable_level)
C:/devkitPro/libogc/lib/wii\libogc.a(lwp.o)
                              C:/devkitPro/libogc/lib/wii\libbte.a(bte.o) (LWP_InitQueue)
C:/devkitPro/libogc/lib/wii\libogc.a(lwp_handler.o)
                              C:/devkitPro/libogc/lib/wii\libogc.a(lwp_threads.o) (_cpu_context_save_fp)
C:/devkitPro/libogc/lib/wii\libogc.a(lwp_stack.o)
                              C:/devkitPro/libogc/lib/wii\libogc.a(lwp_threads.o) (__lwp_stack_allocate)
C:/devkitPro/libogc/lib/wii\libogc.a(lwp_watchdog.o)
                              C:/devkitPro/libogc/lib/wii\libogc.a(lwp_threads.o) (_wd_ticks_queue)
C:/devkitPro/libogc/lib/wii\libogc.a(lwp_wkspace.o)
                              C:/devkitPro/libogc/lib/wii\libwiiuse.a(motion_plus.o) (__wkspace_heap)
C:/devkitPro/libogc/lib/wii\libogc.a(lwp_objmgr.o)
                              C:/devkitPro/libogc/lib/wii\libogc.a(lwp.o) (__lwp_objmgr_initinfo)
C:/devkitPro/libogc/lib/wii\libogc.a(lwp_heap.o)
                              C:/devkitPro/libogc/lib/wii\libogc.a(lwp_wkspace.o) (__lwp_heap_init)
C:/devkitPro/libogc/lib/wii\libogc.a(sys_state.o)
                              C:/devkitPro/libogc/lib/wii\libogc.a(lwp_threads.o) (_sys_state_curr)
C:/devkitPro/libogc/lib/wii\libogc.a(irq.o)
                              C:/devkitPro/libogc/lib/wii\libwiiuse.a(io_wii.o) (IRQ_Disable)
C:/devkitPro/libogc/lib/wii\libogc.a(video.o)
                              C:/devkitPro/libogc/lib/wii\libogc.a(console.o) (VIDEO_GetCurrentFramebuffer)
C:/devkitPro/libogc/lib/wii\libogc.a(system.o)
[...]
Memory Configuration

Name             Origin             Length             Attributes
*default*        0x00000000         0xffffffff

Linker script and memory map

                0x00003400                        . = 0x3400

.stub
 *(.stub)
                0x80004000                        . = 0x80004000

.init           0x80004000      0x194
 *crt0.o(*.init)
 .init          0x80004000      0x170 C:/devkitPro/libogc/lib/wii\libogc.a(ogc_crt0.o)
                0x80004000                _start
                0x80004140                _memset
 *(.init)
 .init          0x80004170        0xc C:/devkitPro/devkitPPC/bin/../lib/gcc/powerpc-eabi/13.2.0/ecrti.o
                0x80004170                __init
 .init          0x8000417c        0x4 C:/devkitPro/devkitPPC/bin/../lib/gcc/powerpc-eabi/13.2.0/crtbegin.o
 .init          0x80004180        0x4 C:/devkitPro/devkitPPC/bin/../lib/gcc/powerpc-eabi/13.2.0/crtend.o
 .init          0x80004184       0x10 C:/devkitPro/devkitPPC/bin/../lib/gcc/powerpc-eabi/13.2.0/ecrtn.o

.rela.dyn       0x80004194        0x0
 .rela.iplt     0x80004194        0x0 C:/devkitPro/devkitPPC/bin/../lib/gcc/powerpc-eabi/13.2.0/crtbegin.o

.plt
 *(.plt)

.interp
 *(.interp)

.hash
 *(.hash)

.dynsym
 *(.dynsym)

.dynstr
 *(.dynstr)

.gnu.version
 *(.gnu.version)

.gnu.version_d
 *(.gnu.version_d)

.gnu.version_r
 *(.gnu.version_r)

.rel.init
 *(.rel.init)

.rela.init
 *(.rela.init)

.rel.text
 *(.rel.text .rel.text.* .rel.gnu.linkonce.t.*)

.rela.text      0x80004194        0x0
 *(.rela.text .rela.text.* .rela.gnu.linkonce.t.*)
 .rela.text.__do_global_dtors_aux
                0x80004194        0x0 C:/devkitPro/devkitPPC/bin/../lib/gcc/powerpc-eabi/13.2.0/crtbegin.o
 .rela.text.frame_dummy
                0x80004194        0x0 C:/devkitPro/devkitPPC/bin/../lib/gcc/powerpc-eabi/13.2.0/crtbegin.o

.rel.fini
 *(.rel.fini)

.rela.fini
 *(.rela.fini)

.rel.rodata
 *(.rel.rodata .rel.rodata.* .rel.gnu.linkonce.r.*)

.rela.rodata
 *(.rela.rodata .rela.rodata.* .rela.gnu.linkonce.r.*)

.rel.data
 *(.rel.data .rel.data.* .rel.gnu.linkonce.d.*)

.rela.data
 *(.rela.data .rela.data.* .rela.gnu.linkonce.d.*)

.rel.tdata
 *(.rel.tdata .rel.tdata.* .rel.gnu.linkonce.td.*)

.rela.tdata
 *(.rela.tdata .rela.tdata.* .rela.gnu.linkonce.td.*)

.rel.tbss
 *(.rel.tbss .rel.tbss.* .rel.gnu.linkonce.tb.*)

.rela.tbss
 *(.rela.tbss .rela.tbss.* .rela.gnu.linkonce.tb.*)

.rel.ctors
 *(.rel.ctors)

.rela.ctors
 *(.rela.ctors)

.rel.dtors
 *(.rel.dtors)

.rela.dtors
 *(.rela.dtors)

.rel.got
 *(.rel.got)

.rela.got
 *(.rela.got)

.rela.got1
 *(.rela.got1)

.rela.got2
 *(.rela.got2)

.rel.sdata
 *(.rel.sdata .rel.sdata.* .rel.gnu.linkonce.s.*)

.rela.sdata
 *(.rela.sdata .rela.sdata.* .rela.gnu.linkonce.s.*)

.rel.sbss
 *(.rel.sbss .rel.sbss.* .rel.gnu.linkonce.sb.*)

.rela.sbss
 *(.rela.sbss .rela.sbss.* .rel.gnu.linkonce.sb.*)

.rel.sdata2
 *(.rel.sdata2 .rel.sdata2.* .rel.gnu.linkonce.s2.*)

.rela.sdata2
 *(.rela.sdata2 .rela.sdata2.* .rela.gnu.linkonce.s2.*)

.rel.sbss2
 *(.rel.sbss2 .rel.sbss2.* .rel.gnu.linkonce.sb2.*)

.rela.sbss2
 *(.rela.sbss2 .rela.sbss2.* .rela.gnu.linkonce.sb2.*)

.rel.bss
 *(.rel.bss .rel.bss.* .rel.gnu.linkonce.b.*)

.rela.bss
 *(.rela.bss .rela.bss.* .rela.gnu.linkonce.b.*)

.rel.plt
 *(.rel.plt)

.rela.plt
 *(.rela.plt)

.text           0x800041a0    0x3a780
 *(.text)
 .text          0x800041a0      0x44c C:/devkitPro/libogc/lib/wii\libogc.a(lwp_handler.o)
                0x800041a0                _cpu_context_save_fp
                0x800042e0                _cpu_context_restore_fp
                0x80004420                _cpu_context_switch
                0x80004500                _cpu_context_save
                0x80004580                _cpu_context_restore
 .text          0x800045ec      0x4a0 C:/devkitPro/libogc/lib/wii\libogc.a(system_asm.o)
                0x800045ec                __realmode
                0x80004604                __configBATS
                0x80004734                __InitFPRS
                0x80004860                __InitPS
                0x800048bc                __InitCache
                0x80004914                __InitSystem
                0x8000499c                __flush_cache
                0x800049d0                __reset
                0x80004a40                __InitBATS
                0x80004a5c                SYS_SwitchFiber
 .text          0x80004a8c      0x1ac C:/devkitPro/libogc/lib/wii\libogc.a(irq_handler.o)
                0x80004a8c                irq_exceptionhandler
 .text          0x80004c38      0x4f4 C:/devkitPro/libogc/lib/wii\libogc.a(cache_asm.o)
                0x80004c38                DCFlashInvalidate
                0x80004c4c                DCEnable
                0x80004c60                DCDisable
                0x80004c74                DCFreeze
                0x80004c88                DCUnfreeze
                0x80004c9c                DCTouchLoad
                0x80004ca4                DCBlockZero
                0x80004cac                DCBlockStore
                0x80004cb4                DCBlockFlush
                0x80004cbc                DCBlockInvalidate
                0x80004cc4                DCInvalidateRange
                0x80004cf4                DCFlushRange
                0x80004d28                DCStoreRange
                0x80004d5c                DCFlushRangeNoSync
                0x80004d8c                DCStoreRangeNoSync
                0x80004dbc                DCZeroRange
                0x80004dec                DCTouchRange
                0x80004e1c                ICInvalidateRange
                0x80004e54                ICFlashInvalidate
                0x80004e68                ICEnable
                0x80004e7c                ICDisable
                0x80004e90                ICFreeze
                0x80004ea4                ICUnfreeze
                0x80004eb8                ICBlockInvalidate
                0x80004ec0                ICSync
                0x80004ec8                L2Init
                0x80004f10                L2Enable
                0x80004f2c                L2Disable
                0x80004f44                L2GlobalInvalidate
                0x80004f9c                __LCEnable
                0x80005068                LCDisable
                0x80005090                LCAllocOneTag
                0x800050a4                LCAllocTags
                0x800050e4                LCLoadBlocks
                0x80005108                LCStoreBlocks
 .text          0x8000512c      0x1ac C:/devkitPro/libogc/lib/wii\libogc.a(decrementer_handler.o)
                0x8000512c                dec_exceptionhandler
 .text          0x800052d8      0x35c C:/devkitPro/libogc/lib/wii\libogc.a(exception_handler.o)
                0x800052d8                exceptionhandler_start
                0x80005354                exceptionhandler_patch
                0x80005388                exceptionhandler_end
                0x8000538c                default_exceptionhandler
                0x800054bc                fpu_exceptionhandler
                0x80005604                systemcallhandler_start
                0x80005630                systemcallhandler_end
 .text          0x80005634       0x48 C:/devkitPro/devkitPPC/bin/../lib/gcc/powerpc-eabi/13.2.0\libgcc.a(eabi.o)
                0x80005634                __eabi
 .text          0x8000567c       0x58 C:/devkitPro/devkitPPC/bin/../lib/gcc/powerpc-eabi/13.2.0\libgcc.a(crtresxfpr.o)
                0x8000567c                _restfpr_14_x
                0x80005680                _restfpr_15_x
                0x80005684                _restfpr_16_x
                0x80005688                _restfpr_17_x
                0x8000568c                _restfpr_18_x
                0x80005690                _restfpr_19_x
                0x80005694                _restfpr_20_x
                0x80005698                _restfpr_21_x
                0x8000569c                _restfpr_22_x
                0x800056a0                _restfpr_23_x
                0x800056a4                _restfpr_24_x
                0x800056a8                _restfpr_25_x
                0x800056ac                _restfpr_26_x
                0x800056b0                _restfpr_27_x
                0x800056b4                _restfpr_28_x
                0x800056b8                _restfpr_29_x
                0x800056bc                _restfpr_30_x
                0x800056c0                _restfpr_31_x
 .text          0x800056d4       0x58 C:/devkitPro/devkitPPC/bin/../lib/gcc/powerpc-eabi/13.2.0\libgcc.a(crtresxgpr.o)
                0x800056d4                _restgpr_14_x
                0x800056d8                _restgpr_15_x
                0x800056dc                _restgpr_16_x
                0x800056e0                _restgpr_17_x
                0x800056e4                _restgpr_18_x
                0x800056e8                _restgpr_19_x
                0x800056ec                _restgpr_20_x
                0x800056f0                _restgpr_21_x
                0x800056f4                _restgpr_22_x
                0x800056f8                _restgpr_23_x
                0x800056fc                _restgpr_24_x
                0x80005700                _restgpr_25_x
                0x80005704                _restgpr_26_x
                0x80005708                _restgpr_27_x
                0x8000570c                _restgpr_28_x
                0x80005710                _restgpr_29_x
                0x80005714                _restgpr_30_x
                0x80005718                _restgpr_31_x
 *(.text.*)
 .text.__do_global_dtors_aux
                0x8000572c       0xcc C:/devkitPro/devkitPPC/bin/../lib/gcc/powerpc-eabi/13.2.0/crtbegin.o
 .text.frame_dummy
                0x800057f8       0x24 C:/devkitPro/devkitPPC/bin/../lib/gcc/powerpc-eabi/13.2.0/crtbegin.o
 .text.__crtmain
                0x8000581c       0x44 C:/devkitPro/devkitPPC/bin/../lib/gcc/powerpc-eabi/13.2.0/../../../../powerpc-eabi/lib/crtmain.o
                0x80005820                __crtmain
 .text.initializeGraphics
                0x80005860       0xb8 main.o
                0x80005860                initializeGraphics
 .text.drawSquare
                0x80005918       0xbc main.o
                0x80005918                drawSquare
 .text.eraseSquare
                0x800059d4       0xe0 main.o
                0x800059d4                eraseSquare
 .text.moveTetriminoButtonPress.part.0
                0x80005ab4      0x6b8 main.o
 .text.initializeTetrimino
                0x8000616c      0x74c main.o
                0x8000616c                initializeTetrimino
 .text.run_tests
                0x800068b8      0x10c main.o
                0x800068b8                run_tests
 .text.startup.main
                0x800069c4      0x1c4 main.o
                0x800069c4                main
 .text.__wpad_assign_slot
                0x80006b88      0x254 C:/devkitPro/libogc/lib/wii\libwiiuse.a(wpad.o)
                0x80006b88                __wpad_assign_slot
 .text.__wpad_def_powcb
                0x80006ddc        0x4 C:/devkitPro/libogc/lib/wii\libwiiuse.a(wpad.o)
 .text.__readlinkkey_finished
                0x80006de0       0x34 C:/devkitPro/libogc/lib/wii\libwiiuse.a(wpad.o)
 .text.__wpad_patch_finished
                0x80006e14       0x2c C:/devkitPro/libogc/lib/wii\libwiiuse.a(wpad.o)
 .text.__wpad_setfmt
                0x80006e40      0x14c C:/devkitPro/libogc/lib/wii\libwiiuse.a(wpad.o)
 .text.__wpad_eventCB
                0x80006f8c      0xad4 C:/devkitPro/libogc/lib/wii\libwiiuse.a(wpad.o)
 .text.__wpad_disconnectCB
                0x80007a60       0xd4 C:/devkitPro/libogc/lib/wii\libwiiuse.a(wpad.o)
                0x80007a60                __wpad_disconnectCB
 .text.__wpad_timeouthandler
                0x80007b34       0xa8 C:/devkitPro/libogc/lib/wii\libwiiuse.a(wpad.o)
 .text.__initcore_finished
                0x80007bdc       0x48 C:/devkitPro/libogc/lib/wii\libwiiuse.a(wpad.o)
 .text.__wpad_init_finished
                0x80007c24      0x194 C:/devkitPro/libogc/lib/wii\libwiiuse.a(wpad.o)
 .text.WPAD_ReadEvent
                0x80007db8      0x68c C:/devkitPro/libogc/lib/wii\libwiiuse.a(wpad.o)
                0x80007db8                WPAD_ReadEvent
 .text.WPAD_ReadPending
                0x80008444      0x1a0 C:/devkitPro/libogc/lib/wii\libwiiuse.a(wpad.o)
                0x80008444                WPAD_ReadPending
 .text.WPAD_Shutdown
                0x800085e4      0x114 C:/devkitPro/libogc/lib/wii\libwiiuse.a(wpad.o)
                0x800085e4                WPAD_Shutdown
 .text.WPAD_Init
                0x800086f8      0x2c4 C:/devkitPro/libogc/lib/wii\libwiiuse.a(wpad.o)
                0x800086f8                WPAD_Init
 .text.__wpad_onreset
                0x800089bc       0x34 C:/devkitPro/libogc/lib/wii\libwiiuse.a(wpad.o)
 .text.WPAD_ScanPads
                0x800089f0       0x90 C:/devkitPro/libogc/lib/wii\libwiiuse.a(wpad.o)
                0x800089f0                WPAD_ScanPads
 .text.WPAD_ButtonsDown
                0x80008a80       0x28 C:/devkitPro/libogc/lib/wii\libwiiuse.a(wpad.o)
                0x80008a80                WPAD_ButtonsDown
 .text.motion_plus_disconnected
                0x80008aa8       0x10 C:/devkitPro/libogc/lib/wii\libwiiuse.a(motion_plus.o)
                0x80008aa8                motion_plus_disconnected
 .text.motion_plus_event
                0x80008ab8       0x64 C:/devkitPro/libogc/lib/wii\libwiiuse.a(motion_plus.o)
                0x80008ab8                motion_plus_event
 .text.calculate_gforce
                0x80008b1c      0x114 C:/devkitPro/libogc/lib/wii\libwiiuse.a(dynamics.o)
                0x80008b1c                calculate_gforce
 .text.calc_joystick_state
                0x80008c30      0x210 C:/devkitPro/libogc/lib/wii\libwiiuse.a(dynamics.o)
                0x80008c30                calc_joystick_state
 .text.apply_smoothing
                0x80008e40      0x140 C:/devkitPro/libogc/lib/wii\libwiiuse.a(dynamics.o)
                0x80008e40                apply_smoothing
 .text.calculate_orientation
                0x80008f80      0x340 C:/devkitPro/libogc/lib/wii\libwiiuse.a(dynamics.o)
                0x80008f80                calculate_orientation
 .text.calc_balanceboard_state
                0x800092c0      0x3a4 C:/devkitPro/libogc/lib/wii\libwiiuse.a(dynamics.o)
                0x800092c0                calc_balanceboard_state
 .text.wiiuse_handshake
                0x80009664      0x27c C:/devkitPro/libogc/lib/wii\libwiiuse.a(io.o)
                0x80009664                wiiuse_handshake
 .text.wiiuse_handshake_expansion
                0x800098e0      0x1f0 C:/devkitPro/libogc/lib/wii\libwiiuse.a(io.o)
                0x800098e0                wiiuse_handshake_expansion
 .text.wiiuse_handshake_expansion_start
                0x80009ad0       0x5c C:/devkitPro/libogc/lib/wii\libwiiuse.a(io.o)
                0x80009ad0                wiiuse_handshake_expansion_start
 .text.wiiuse_disable_expansion
                0x80009b2c      0x1b0 C:/devkitPro/libogc/lib/wii\libwiiuse.a(io.o)
                0x80009b2c                wiiuse_disable_expansion
 .text.__wiiuse_connected
                0x80009cdc       0x9c C:/devkitPro/libogc/lib/wii\libwiiuse.a(io_wii.o)
 .text.__wiiuse_disconnected
                0x80009d78       0xb4 C:/devkitPro/libogc/lib/wii\libwiiuse.a(io_wii.o)
 .text.__wiiuse_receive
                0x80009e2c       0xd0 C:/devkitPro/libogc/lib/wii\libwiiuse.a(io_wii.o)
 .text.__wiiuse_sensorbar_enable
                0x80009efc       0x54 C:/devkitPro/libogc/lib/wii\libwiiuse.a(io_wii.o)
                0x80009efc                __wiiuse_sensorbar_enable
 .text.wiiuse_register
                0x80009f50       0xf0 C:/devkitPro/libogc/lib/wii\libwiiuse.a(io_wii.o)
                0x80009f50                wiiuse_register
 .text.wiiuse_disconnect
                0x8000a040       0x24 C:/devkitPro/libogc/lib/wii\libwiiuse.a(io_wii.o)
                0x8000a040                wiiuse_disconnect
 .text.wiiuse_init_cmd_queue
                0x8000a064       0x9c C:/devkitPro/libogc/lib/wii\libwiiuse.a(io_wii.o)
                0x8000a064                wiiuse_init_cmd_queue
 .text.wiiuse_io_write
                0x8000a100       0x1c C:/devkitPro/libogc/lib/wii\libwiiuse.a(io_wii.o)
                0x8000a100                wiiuse_io_write
 .text.rotate_dots
                0x8000a11c      0x13c C:/devkitPro/libogc/lib/wii\libwiiuse.a(ir.o)
 .text.get_ir_sens.constprop.0.isra.0
                0x8000a258       0xdc C:/devkitPro/libogc/lib/wii\libwiiuse.a(ir.o)
 .text.wiiuse_set_ir_mode
                0x8000a334       0x5c C:/devkitPro/libogc/lib/wii\libwiiuse.a(ir.o)
                0x8000a334                wiiuse_set_ir_mode
 .text.wiiuse_set_ir
                0x8000a390      0x204 C:/devkitPro/libogc/lib/wii\libwiiuse.a(ir.o)
                0x8000a390                wiiuse_set_ir
 .text.wiiuse_set_ir_position
                0x8000a594       0x80 C:/devkitPro/libogc/lib/wii\libwiiuse.a(ir.o)
                0x8000a594                wiiuse_set_ir_position
 .text.wiiuse_set_aspect_ratio
                0x8000a614       0xac C:/devkitPro/libogc/lib/wii\libwiiuse.a(ir.o)
                0x8000a614                wiiuse_set_aspect_ratio
 .text.wiiuse_set_ir_sensitivity
                0x8000a6c0       0xe4 C:/devkitPro/libogc/lib/wii\libwiiuse.a(ir.o)
                0x8000a6c0                wiiuse_set_ir_sensitivity
 .text.calculate_basic_ir
                0x8000a7a4       0xe8 C:/devkitPro/libogc/lib/wii\libwiiuse.a(ir.o)
                0x8000a7a4                calculate_basic_ir
 .text.calculate_extended_ir
                0x8000a88c       0x64 C:/devkitPro/libogc/lib/wii\libwiiuse.a(ir.o)
                0x8000a88c                calculate_extended_ir
 .text.find_sensorbar
                0x8000a8f0      0xa00 C:/devkitPro/libogc/lib/wii\libwiiuse.a(ir.o)
                0x8000a8f0                find_sensorbar
 .text.apply_ir_smoothing
                0x8000b2f0      0x124 C:/devkitPro/libogc/lib/wii\libwiiuse.a(ir.o)
                0x8000b2f0                apply_ir_smoothing
 .text.interpret_ir_data
                0x8000b414      0x3c8 C:/devkitPro/libogc/lib/wii\libwiiuse.a(ir.o)
                0x8000b414                interpret_ir_data
 .text.nunchuk_handshake
                0x8000b7dc      0x31c C:/devkitPro/libogc/lib/wii\libwiiuse.a(nunchuk.o)
                0x8000b7dc                nunchuk_handshake
 .text.nunchuk_disconnected
                0x8000baf8        0xc C:/devkitPro/libogc/lib/wii\libwiiuse.a(nunchuk.o)
                0x8000baf8                nunchuk_disconnected
 .text.nunchuk_event
                0x8000bb04       0xe8 C:/devkitPro/libogc/lib/wii\libwiiuse.a(nunchuk.o)
                0x8000bb04                nunchuk_event
 .text.wii_board_handshake
                0x8000bbec      0x284 C:/devkitPro/libogc/lib/wii\libwiiuse.a(wiiboard.o)
                0x8000bbec                wii_board_handshake
 .text.wii_board_disconnected
                0x8000be70        0xc C:/devkitPro/libogc/lib/wii\libwiiuse.a(wiiboard.o)
                0x8000be70                wii_board_disconnected
 .text.wii_board_event
                0x8000be7c       0x24 C:/devkitPro/libogc/lib/wii\libwiiuse.a(wiiboard.o)
                0x8000be7c                wii_board_event
 .text.wiiuse_send_next_command
                0x8000bea0       0x58 C:/devkitPro/libogc/lib/wii\libwiiuse.a(wiiuse.o)
                0x8000bea0                wiiuse_send_next_command
 .text.wiiuse_init
                0x8000bef8      0x208 C:/devkitPro/libogc/lib/wii\libwiiuse.a(wiiuse.o)
                0x8000bef8                wiiuse_init
 .text.wiiuse_set_flags
                0x8000c100       0x28 C:/devkitPro/libogc/lib/wii\libwiiuse.a(wiiuse.o)
                0x8000c100                wiiuse_set_flags
 .text.wiiuse_read_data
                0x8000c128      0x154 C:/devkitPro/libogc/lib/wii\libwiiuse.a(wiiuse.o)
                0x8000c128                wiiuse_read_data
 .text.wiiuse_write_data
                0x8000c27c      0x18c C:/devkitPro/libogc/lib/wii\libwiiuse.a(wiiuse.o)
                0x8000c27c                wiiuse_write_data
 .text.wiiuse_sendcmd
                0x8000c408      0x144 C:/devkitPro/libogc/lib/wii\libwiiuse.a(wiiuse.o)
                0x8000c408                wiiuse_sendcmd
 .text.wiiuse_set_leds
                0x8000c54c       0x50 C:/devkitPro/libogc/lib/wii\libwiiuse.a(wiiuse.o)
                0x8000c54c                wiiuse_set_leds
 .text.wiiuse_set_report_type
                0x8000c59c       0xb0 C:/devkitPro/libogc/lib/wii\libwiiuse.a(wiiuse.o)
                0x8000c59c                wiiuse_set_report_type
 .text.wiiuse_status
                0x8000c64c       0x4c C:/devkitPro/libogc/lib/wii\libwiiuse.a(wiiuse.o)
                0x8000c64c                wiiuse_status
 .text.wiiuse_motion_sensing
                0x8000c698       0x84 C:/devkitPro/libogc/lib/wii\libwiiuse.a(wiiuse.o)
                0x8000c698                wiiuse_motion_sensing
 .text.wiiuse_set_speaker
                0x8000c71c      0x24c C:/devkitPro/libogc/lib/wii\libwiiuse.a(speaker.o)
                0x8000c71c                wiiuse_set_speaker
 .text.classic_ctrl_handshake
                0x8000c968      0x410 C:/devkitPro/libogc/lib/wii\libwiiuse.a(classic.o)
                0x8000c968                classic_ctrl_handshake
 .text.classic_ctrl_disconnected
                0x8000cd78        0xc C:/devkitPro/libogc/lib/wii\libwiiuse.a(classic.o)
                0x8000cd78                classic_ctrl_disconnected
 .text.classic_ctrl_event
                0x8000cd84      0x15c C:/devkitPro/libogc/lib/wii\libwiiuse.a(classic.o)
                0x8000cd84                classic_ctrl_event
 .text.handle_expansion
                0x8000cee0       0x54 C:/devkitPro/libogc/lib/wii\libwiiuse.a(events.o)
 .text.parse_event
                0x8000cf34      0x730 C:/devkitPro/libogc/lib/wii\libwiiuse.a(events.o)
                0x8000cf34                parse_event
 .text.guitar_hero_3_handshake
                0x8000d664       0x5c C:/devkitPro/libogc/lib/wii\libwiiuse.a(guitar_hero_3.o)
                0x8000d664                guitar_hero_3_handshake
 .text.guitar_hero_3_disconnected
                0x8000d6c0        0xc C:/devkitPro/libogc/lib/wii\libwiiuse.a(guitar_hero_3.o)
                0x8000d6c0                guitar_hero_3_disconnected
 .text.guitar_hero_3_event
                0x8000d6cc       0x60 C:/devkitPro/libogc/lib/wii\libwiiuse.a(guitar_hero_3.o)
                0x8000d6cc                guitar_hero_3_event
 .text.acl_wlp_completed
                0x8000d72c        0x8 C:/devkitPro/libogc/lib/wii\libbte.a(bte.o)
                0x8000d72c                acl_wlp_completed
 .text.bt_alarmhandler
                0x8000d734       0x58 C:/devkitPro/libogc/lib/wii\libbte.a(bte.o)
 .text.__bte_send_pending_request
                0x8000d78c      0x108 C:/devkitPro/libogc/lib/wii\libbte.a(bte.o)
 .text.acl_conn_complete
                0x8000d894       0x2c C:/devkitPro/libogc/lib/wii\libbte.a(bte.o)
                0x8000d894                acl_conn_complete
 .text.l2cap_accepted
                0x8000d8c0      0x134 C:/devkitPro/libogc/lib/wii\libbte.a(bte.o)
                0x8000d8c0                l2cap_accepted
 .text.l2cap_disconnect_cfm
                0x8000d9f4      0x19c C:/devkitPro/libogc/lib/wii\libbte.a(bte.o)
                0x8000d9f4                l2cap_disconnect_cfm
 .text.bte_process_input
                0x8000db90      0x128 C:/devkitPro/libogc/lib/wii\libbte.a(bte.o)
 .text.l2cap_disconnected_ind
                0x8000dcb8      0x1a4 C:/devkitPro/libogc/lib/wii\libbte.a(bte.o)
                0x8000dcb8                l2cap_disconnected_ind
 .text.__bte_shutdown_finished
                0x8000de5c       0xe0 C:/devkitPro/libogc/lib/wii\libbte.a(bte.o)
 .text.bte_hci_apply_patch_complete
                0x8000df3c      0x164 C:/devkitPro/libogc/lib/wii\libbte.a(bte.o)
                0x8000df3c                bte_hci_apply_patch_complete
 .text.bte_hci_patch_complete
                0x8000e0a0      0x380 C:/devkitPro/libogc/lib/wii\libbte.a(bte.o)
                0x8000e0a0                bte_hci_patch_complete
 .text.bte_hci_initcore_complete
                0x8000e420      0x280 C:/devkitPro/libogc/lib/wii\libbte.a(bte.o)
                0x8000e420                bte_hci_initcore_complete
 .text.bte_read_stored_link_key_complete
                0x8000e6a0      0x27c C:/devkitPro/libogc/lib/wii\libbte.a(bte.o)
                0x8000e6a0                bte_read_stored_link_key_complete
 .text.bte_hci_initcore_complete2
                0x8000e91c      0x22c C:/devkitPro/libogc/lib/wii\libbte.a(bte.o)
 .text.bte_hci_initsub_complete
                0x8000eb48      0x280 C:/devkitPro/libogc/lib/wii\libbte.a(bte.o)
                0x8000eb48                bte_hci_initsub_complete
 .text.BTE_Init
                0x8000edc8      0x138 C:/devkitPro/libogc/lib/wii\libbte.a(bte.o)
                0x8000edc8                BTE_Init
 .text.BTE_Shutdown
                0x8000ef00      0x100 C:/devkitPro/libogc/lib/wii\libbte.a(bte.o)
                0x8000ef00                BTE_Shutdown
 .text.BTE_InitCore
                0x8000f000       0x8c C:/devkitPro/libogc/lib/wii\libbte.a(bte.o)
                0x8000f000                BTE_InitCore
 .text.BTE_ApplyPatch
                0x8000f08c       0xa4 C:/devkitPro/libogc/lib/wii\libbte.a(bte.o)
                0x8000f08c                BTE_ApplyPatch
 .text.BTE_InitSub
                0x8000f130       0x90 C:/devkitPro/libogc/lib/wii\libbte.a(bte.o)
                0x8000f130                BTE_InitSub
 .text.BTE_ReadStoredLinkKey
                0x8000f1c0       0x90 C:/devkitPro/libogc/lib/wii\libbte.a(bte.o)
                0x8000f1c0                BTE_ReadStoredLinkKey
 .text.BTE_SetDisconnectCallback
                0x8000f250        0x4 C:/devkitPro/libogc/lib/wii\libbte.a(bte.o)
                0x8000f250                BTE_SetDisconnectCallback
 .text.bte_new  0x8000f254       0x54 C:/devkitPro/libogc/lib/wii\libbte.a(bte.o)
                0x8000f254                bte_new
 .text.bte_registerdeviceasync
                0x8000f2a8      0x158 C:/devkitPro/libogc/lib/wii\libbte.a(bte.o)
                0x8000f2a8                bte_registerdeviceasync
 .text.bte_disconnect
                0x8000f400       0xd8 C:/devkitPro/libogc/lib/wii\libbte.a(bte.o)
                0x8000f400                bte_disconnect
 .text.bte_senddata
                0x8000f4d8      0x104 C:/devkitPro/libogc/lib/wii\libbte.a(bte.o)
                0x8000f4d8                bte_senddata
 .text.bte_arg  0x8000f5dc       0x38 C:/devkitPro/libogc/lib/wii\libbte.a(bte.o)
                0x8000f5dc                bte_arg
 .text.bte_received
                0x8000f614       0x38 C:/devkitPro/libogc/lib/wii\libbte.a(bte.o)
                0x8000f614                bte_received
 .text.bte_disconnected
                0x8000f64c       0x38 C:/devkitPro/libogc/lib/wii\libbte.a(bte.o)
                0x8000f64c                bte_disconnected
 .text.hci_get_link
                0x8000f684       0x84 C:/devkitPro/libogc/lib/wii\libbte.a(hci.o)
 .text.hci_init
                0x8000f708       0x80 C:/devkitPro/libogc/lib/wii\libbte.a(hci.o)
                0x8000f708                hci_init
 .text.hci_close
                0x8000f788       0xd0 C:/devkitPro/libogc/lib/wii\libbte.a(hci.o)
                0x8000f788                hci_close
 .text.hci_reset_all
                0x8000f858       0xb8 C:/devkitPro/libogc/lib/wii\libbte.a(hci.o)
                0x8000f858                hci_reset_all
 .text.hci_arg  0x8000f910        0xc C:/devkitPro/libogc/lib/wii\libbte.a(hci.o)
                0x8000f910                hci_arg
 .text.hci_cmd_complete
                0x8000f91c        0xc C:/devkitPro/libogc/lib/wii\libbte.a(hci.o)
                0x8000f91c                hci_cmd_complete
 .text.hci_connection_complete
                0x8000f928        0xc C:/devkitPro/libogc/lib/wii\libbte.a(hci.o)
                0x8000f928                hci_connection_complete
 .text.hci_wlp_complete
                0x8000f934        0xc C:/devkitPro/libogc/lib/wii\libbte.a(hci.o)
                0x8000f934                hci_wlp_complete
 .text.hci_reset
                0x8000f940       0xac C:/devkitPro/libogc/lib/wii\libbte.a(hci.o)
                0x8000f940                hci_reset
 .text.hci_read_buffer_size
                0x8000f9ec       0xac C:/devkitPro/libogc/lib/wii\libbte.a(hci.o)
                0x8000f9ec                hci_read_buffer_size
 .text.hci_read_bd_addr
                0x8000fa98       0xac C:/devkitPro/libogc/lib/wii\libbte.a(hci.o)
                0x8000fa98                hci_read_bd_addr
 .text.hci_read_local_version
                0x8000fb44       0xa8 C:/devkitPro/libogc/lib/wii\libbte.a(hci.o)
                0x8000fb44                hci_read_local_version
 .text.hci_read_local_features
                0x8000fbec       0xac C:/devkitPro/libogc/lib/wii\libbte.a(hci.o)
                0x8000fbec                hci_read_local_features
 .text.hci_read_stored_link_key
                0x8000fc98      0x100 C:/devkitPro/libogc/lib/wii\libbte.a(hci.o)
                0x8000fc98                hci_read_stored_link_key
 .text.hci_write_page_timeout
                0x8000fd98       0xd0 C:/devkitPro/libogc/lib/wii\libbte.a(hci.o)
                0x8000fd98                hci_write_page_timeout
 .text.hci_write_scan_enable
                0x8000fe68       0xbc C:/devkitPro/libogc/lib/wii\libbte.a(hci.o)
                0x8000fe68                hci_write_scan_enable
 .text.hci_accecpt_conn_request
                0x8000ff24       0xe0 C:/devkitPro/libogc/lib/wii\libbte.a(hci.o)
                0x8000ff24                hci_accecpt_conn_request
 .text.hci_write_local_name
                0x80010004       0xd8 C:/devkitPro/libogc/lib/wii\libbte.a(hci.o)
                0x80010004                hci_write_local_name
 .text.hci_write_pin_type
                0x800100dc       0xbc C:/devkitPro/libogc/lib/wii\libbte.a(hci.o)
                0x800100dc                hci_write_pin_type
 .text.hci_write_inquiry_mode
                0x80010198       0xbc C:/devkitPro/libogc/lib/wii\libbte.a(hci.o)
                0x80010198                hci_write_inquiry_mode
 .text.hci_write_page_scan_type
                0x80010254       0xbc C:/devkitPro/libogc/lib/wii\libbte.a(hci.o)
                0x80010254                hci_write_page_scan_type
 .text.hci_write_inquiry_scan_type
                0x80010310       0xbc C:/devkitPro/libogc/lib/wii\libbte.a(hci.o)
                0x80010310                hci_write_inquiry_scan_type
 .text.hci_vendor_specific_command
                0x800103cc       0xe8 C:/devkitPro/libogc/lib/wii\libbte.a(hci.o)
                0x800103cc                hci_vendor_specific_command
 .text.hci_write_link_policy_settings
                0x800104b4      0x104 C:/devkitPro/libogc/lib/wii\libbte.a(hci.o)
                0x800104b4                hci_write_link_policy_settings
 .text.hci_pin_code_request_neg_reply
                0x800105b8       0xcc C:/devkitPro/libogc/lib/wii\libbte.a(hci.o)
                0x800105b8                hci_pin_code_request_neg_reply
 .text.hci_link_key_req_neg_reply
                0x80010684       0xcc C:/devkitPro/libogc/lib/wii\libbte.a(hci.o)
                0x80010684                hci_link_key_req_neg_reply
 .text.hci_disconnect
                0x80010750       0xfc C:/devkitPro/libogc/lib/wii\libbte.a(hci.o)
                0x80010750                hci_disconnect
 .text.hci_write_cod
                0x8001084c       0xcc C:/devkitPro/libogc/lib/wii\libbte.a(hci.o)
                0x8001084c                hci_write_cod
 .text.hci_host_buffer_size
                0x80010918      0x10c C:/devkitPro/libogc/lib/wii\libbte.a(hci.o)
                0x80010918                hci_host_buffer_size
 .text.hci_host_num_comp_packets
                0x80010a24      0x108 C:/devkitPro/libogc/lib/wii\libbte.a(hci.o)
                0x80010a24                hci_host_num_comp_packets
 .text.lp_pdu_maxsize
                0x80010b2c        0xc C:/devkitPro/libogc/lib/wii\libbte.a(hci.o)
                0x80010b2c                lp_pdu_maxsize
 .text.lp_acl_write
                0x80010b38      0x158 C:/devkitPro/libogc/lib/wii\libbte.a(hci.o)
                0x80010b38                lp_acl_write
 .text.lp_write_flush_timeout
                0x80010c90      0x104 C:/devkitPro/libogc/lib/wii\libbte.a(hci.o)
                0x80010c90                lp_write_flush_timeout
 .text.hci_event_handler
                0x80010d94      0xc7c C:/devkitPro/libogc/lib/wii\libbte.a(hci.o)
                0x80010d94                hci_event_handler
 .text.hci_acldata_handler
                0x80011a10      0x11c C:/devkitPro/libogc/lib/wii\libbte.a(hci.o)
                0x80011a10                hci_acldata_handler
 .text.l2cap_init
                0x80011b2c       0x60 C:/devkitPro/libogc/lib/wii\libbte.a(l2cap.o)
                0x80011b2c                l2cap_init
 .text.l2cap_write
                0x80011b8c      0x1a0 C:/devkitPro/libogc/lib/wii\libbte.a(l2cap.o)
                0x80011b8c                l2cap_write
 .text.l2cap_new
                0x80011d2c       0x60 C:/devkitPro/libogc/lib/wii\libbte.a(l2cap.o)
                0x80011d2c                l2cap_new
 .text.l2cap_close
                0x80011d8c      0x1d4 C:/devkitPro/libogc/lib/wii\libbte.a(l2cap.o)
                0x80011d8c                l2cap_close
 .text.l2cap_reset_all
                0x80011f60      0x154 C:/devkitPro/libogc/lib/wii\libbte.a(l2cap.o)
                0x80011f60                l2cap_reset_all
 .text.l2cap_signal
                0x800120b4      0x204 C:/devkitPro/libogc/lib/wii\libbte.a(l2cap.o)
                0x800120b4                l2cap_signal
 .text.l2ca_config_req
                0x800122b8      0x158 C:/devkitPro/libogc/lib/wii\libbte.a(l2cap.o)
                0x800122b8                l2ca_config_req
 .text.l2ca_disconnect_req
                0x80012410       0xcc C:/devkitPro/libogc/lib/wii\libbte.a(l2cap.o)
                0x80012410                l2ca_disconnect_req
 .text.l2cap_tmr
                0x800124dc      0x260 C:/devkitPro/libogc/lib/wii\libbte.a(l2cap.o)
                0x800124dc                l2cap_tmr
 .text.l2cap_process_sig
                0x8001273c     0x1334 C:/devkitPro/libogc/lib/wii\libbte.a(l2cap.o)
                0x8001273c                l2cap_process_sig
 .text.l2cap_input
                0x80013a70      0x578 C:/devkitPro/libogc/lib/wii\libbte.a(l2cap.o)
                0x80013a70                l2cap_input
 .text.l2ca_datawrite
                0x80013fe8      0x128 C:/devkitPro/libogc/lib/wii\libbte.a(l2cap.o)
                0x80013fe8                l2ca_datawrite
 .text.lp_connect_cfm
                0x80014110      0x184 C:/devkitPro/libogc/lib/wii\libbte.a(l2cap.o)
                0x80014110                lp_connect_cfm
 .text.lp_connect_ind
                0x80014294        0x4 C:/devkitPro/libogc/lib/wii\libbte.a(l2cap.o)
                0x80014294                lp_connect_ind
 .text.lp_disconnect_ind
                0x80014298      0x124 C:/devkitPro/libogc/lib/wii\libbte.a(l2cap.o)
                0x80014298                lp_disconnect_ind
 .text.l2cap_disconnect_bb
                0x800143bc       0x10 C:/devkitPro/libogc/lib/wii\libbte.a(l2cap.o)
                0x800143bc                l2cap_disconnect_bb
 .text.l2cap_arg
                0x800143cc        0x8 C:/devkitPro/libogc/lib/wii\libbte.a(l2cap.o)
                0x800143cc                l2cap_arg
 .text.l2cap_connect_ind
                0x800143d4      0x104 C:/devkitPro/libogc/lib/wii\libbte.a(l2cap.o)
                0x800143d4                l2cap_connect_ind
 .text.l2cap_disconnect_ind
                0x800144d8        0x8 C:/devkitPro/libogc/lib/wii\libbte.a(l2cap.o)
                0x800144d8                l2cap_disconnect_ind
 .text.l2cap_recv
                0x800144e0        0x8 C:/devkitPro/libogc/lib/wii\libbte.a(l2cap.o)
                0x800144e0                l2cap_recv
 .text.btmemb_init
                0x800144e8       0x24 C:/devkitPro/libogc/lib/wii\libbte.a(btmemb.o)
                0x800144e8                btmemb_init
 .text.btmemb_alloc
                0x8001450c       0x98 C:/devkitPro/libogc/lib/wii\libbte.a(btmemb.o)
                0x8001450c                btmemb_alloc
 .text.btmemb_free
                0x800145a4      0x114 C:/devkitPro/libogc/lib/wii\libbte.a(btmemb.o)
                0x800145a4                btmemb_free
 .text.plug_holes
                0x800146b8       0xac C:/devkitPro/libogc/lib/wii\libbte.a(btmemr.o)
 .text.btmemr_init
                0x80014764       0xa4 C:/devkitPro/libogc/lib/wii\libbte.a(btmemr.o)
                0x80014764                btmemr_init
 .text.btmemr_malloc
                0x80014808      0x17c C:/devkitPro/libogc/lib/wii\libbte.a(btmemr.o)
                0x80014808                btmemr_malloc
 .text.btmemr_free
                0x80014984       0x98 C:/devkitPro/libogc/lib/wii\libbte.a(btmemr.o)
                0x80014984                btmemr_free
 .text.btmemr_realloc
                0x80014a1c      0x108 C:/devkitPro/libogc/lib/wii\libbte.a(btmemr.o)
                0x80014a1c                btmemr_realloc
 .text.btpbuf_init
                0x80014b24       0x28 C:/devkitPro/libogc/lib/wii\libbte.a(btpbuf.o)
                0x80014b24                btpbuf_init
 .text.btpbuf_free
                0x80014b4c      0x11c C:/devkitPro/libogc/lib/wii\libbte.a(btpbuf.o)
                0x80014b4c                btpbuf_free
 .text.btpbuf_alloc
                0x80014c68      0x250 C:/devkitPro/libogc/lib/wii\libbte.a(btpbuf.o)
                0x80014c68                btpbuf_alloc
 .text.btpbuf_realloc
                0x80014eb8      0x110 C:/devkitPro/libogc/lib/wii\libbte.a(btpbuf.o)
                0x80014eb8                btpbuf_realloc
 .text.btpbuf_header
                0x80014fc8       0x84 C:/devkitPro/libogc/lib/wii\libbte.a(btpbuf.o)
                0x80014fc8                btpbuf_header
 .text.btpbuf_ref
                0x8001504c       0x48 C:/devkitPro/libogc/lib/wii\libbte.a(btpbuf.o)
                0x8001504c                btpbuf_ref
 .text.btpbuf_chain
                0x80015094       0x9c C:/devkitPro/libogc/lib/wii\libbte.a(btpbuf.o)
                0x80015094                btpbuf_chain
 .text.btpbuf_dechain
                0x80015130       0x7c C:/devkitPro/libogc/lib/wii\libbte.a(btpbuf.o)
                0x80015130                btpbuf_dechain
 .text.btpbuf_take
                0x800151ac      0x13c C:/devkitPro/libogc/lib/wii\libbte.a(btpbuf.o)
                0x800151ac                btpbuf_take
 .text.__usb_closeCB
                0x800152e8       0x10 C:/devkitPro/libogc/lib/wii\libbte.a(physbusif.o)
 .text.__writebulkmsgCB
                0x800152f8       0x3c C:/devkitPro/libogc/lib/wii\libbte.a(physbusif.o)
 .text.__writectrlmsgCB
                0x80015334       0x3c C:/devkitPro/libogc/lib/wii\libbte.a(physbusif.o)
 .text.__issue_intrread.part.0
                0x80015370       0x80 C:/devkitPro/libogc/lib/wii\libbte.a(physbusif.o)
 .text.__readintrdataCB
                0x800153f0      0x148 C:/devkitPro/libogc/lib/wii\libbte.a(physbusif.o)
 .text.__issue_bulkread.part.0
                0x80015538       0x80 C:/devkitPro/libogc/lib/wii\libbte.a(physbusif.o)
 .text.__readbulkdataCB
                0x800155b8      0x148 C:/devkitPro/libogc/lib/wii\libbte.a(physbusif.o)
 .text.physbusif_init
                0x80015700      0x1ec C:/devkitPro/libogc/lib/wii\libbte.a(physbusif.o)
                0x80015700                physbusif_init
 .text.physbusif_close
                0x800158ec       0x20 C:/devkitPro/libogc/lib/wii\libbte.a(physbusif.o)
                0x800158ec                physbusif_close
 .text.physbusif_shutdown
                0x8001590c       0x24 C:/devkitPro/libogc/lib/wii\libbte.a(physbusif.o)
                0x8001590c                physbusif_shutdown
 .text.physbusif_reset_all
                0x80015930        0x4 C:/devkitPro/libogc/lib/wii\libbte.a(physbusif.o)
                0x80015930                physbusif_reset_all
 .text.physbusif_output
                0x80015934      0x1c4 C:/devkitPro/libogc/lib/wii\libbte.a(physbusif.o)
                0x80015934                physbusif_output
 .text.__console_clear_line
                0x80015af8       0xb4 C:/devkitPro/libogc/lib/wii\libogc.a(console.o)
 .text.__console_clear
                0x80015bac       0xbc C:/devkitPro/libogc/lib/wii\libogc.a(console.o)
 .text.__console_write
                0x80015c68      0x82c C:/devkitPro/libogc/lib/wii\libogc.a(console.o)
                0x80015c68                __console_write
 .text.__console_init
                0x80016494      0x120 C:/devkitPro/libogc/lib/wii\libogc.a(console.o)
                0x80016494                __console_init
 .text.CON_Init
                0x800165b4        0x4 C:/devkitPro/libogc/lib/wii\libogc.a(console.o)
                0x800165b4                CON_Init
 .text.CON_EnableGecko
                0x800165b8      0x100 C:/devkitPro/libogc/lib/wii\libogc.a(console.o)
                0x800165b8                CON_EnableGecko
 .text.__lwp_queue_initialize
                0x800166b8       0x98 C:/devkitPro/libogc/lib/wii\libogc.a(lwp_queue.o)
                0x800166b8                __lwp_queue_initialize
 .text.__lwp_queue_get
                0x80016750       0x74 C:/devkitPro/libogc/lib/wii\libogc.a(lwp_queue.o)
                0x80016750                __lwp_queue_get
 .text.__lwp_queue_append
                0x800167c4       0x4c C:/devkitPro/libogc/lib/wii\libogc.a(lwp_queue.o)
                0x800167c4                __lwp_queue_append
 .text.__syscall_getreent
                0x80016810       0x24 C:/devkitPro/libogc/lib/wii\libogc.a(lwp_threads.o)
                0x80016810                __syscall_getreent
 .text.__lwp_isr_in_progress
                0x80016834        0x8 C:/devkitPro/libogc/lib/wii\libogc.a(lwp_threads.o)
                0x80016834                __lwp_isr_in_progress
 .text.__thread_dispatch_fp
                0x8001683c       0x88 C:/devkitPro/libogc/lib/wii\libogc.a(lwp_threads.o)
                0x8001683c                __thread_dispatch_fp
 .text.__thread_dispatch
                0x800168c4       0xf4 C:/devkitPro/libogc/lib/wii\libogc.a(lwp_threads.o)
                0x800168c4                __thread_dispatch
 .text.__lwp_thread_resettimeslice
                0x800169b8       0xb4 C:/devkitPro/libogc/lib/wii\libogc.a(lwp_threads.o)
                0x800169b8                __lwp_thread_resettimeslice
 .text.__lwp_thread_tickle_timeslice
                0x80016a6c       0xc8 C:/devkitPro/libogc/lib/wii\libogc.a(lwp_threads.o)
                0x80016a6c                __lwp_thread_tickle_timeslice
 .text.__lwp_thread_setstate
                0x80016b34      0x16c C:/devkitPro/libogc/lib/wii\libogc.a(lwp_threads.o)
                0x80016b34                __lwp_thread_setstate
 .text.__lwp_thread_clearstate
                0x80016ca0       0xe4 C:/devkitPro/libogc/lib/wii\libogc.a(lwp_threads.o)
                0x80016ca0                __lwp_thread_clearstate
 .text.__lwp_thread_delayended
                0x80016d84       0x48 C:/devkitPro/libogc/lib/wii\libogc.a(lwp_threads.o)
                0x80016d84                __lwp_thread_delayended
 .text.__lwp_thread_settransient
                0x80016dcc       0xb4 C:/devkitPro/libogc/lib/wii\libogc.a(lwp_threads.o)
                0x80016dcc                __lwp_thread_settransient
 .text.__lwp_thread_changepriority
                0x80016e80      0x1f8 C:/devkitPro/libogc/lib/wii\libogc.a(lwp_threads.o)
                0x80016e80                __lwp_thread_changepriority
 .text.__lwp_thread_ready
                0x80017078       0xf0 C:/devkitPro/libogc/lib/wii\libogc.a(lwp_threads.o)
                0x80017078                __lwp_thread_ready
 .text.__lwp_thread_init
                0x80017168      0x160 C:/devkitPro/libogc/lib/wii\libogc.a(lwp_threads.o)
                0x80017168                __lwp_thread_init
 .text.__lwp_thread_close
                0x800172c8      0x144 C:/devkitPro/libogc/lib/wii\libogc.a(lwp_threads.o)
                0x800172c8                __lwp_thread_close
 .text.__lwp_thread_handler
                0x8001740c       0xc0 C:/devkitPro/libogc/lib/wii\libogc.a(lwp_threads.o)
 .text.__lwp_thread_closeall
                0x800174cc       0xb0 C:/devkitPro/libogc/lib/wii\libogc.a(lwp_threads.o)
                0x800174cc                __lwp_thread_closeall
 .text.__lwp_thread_start
                0x8001757c      0x150 C:/devkitPro/libogc/lib/wii\libogc.a(lwp_threads.o)
                0x8001757c                __lwp_thread_start
 .text.__lwp_thread_startmultitasking
                0x800176cc       0xac C:/devkitPro/libogc/lib/wii\libogc.a(lwp_threads.o)
                0x800176cc                __lwp_thread_startmultitasking
 .text.__lwp_thread_stopmultitasking
                0x80017778       0x58 C:/devkitPro/libogc/lib/wii\libogc.a(lwp_threads.o)
                0x80017778                __lwp_thread_stopmultitasking
 .text.__lwp_thread_coreinit
                0x800177d0       0xc4 C:/devkitPro/libogc/lib/wii\libogc.a(lwp_threads.o)
                0x800177d0                __lwp_thread_coreinit
 .text.idle_func
                0x80017894        0x4 C:/devkitPro/libogc/lib/wii\libogc.a(lwp.o)
 .text.__lwp_sysinit
                0x80017898      0x114 C:/devkitPro/libogc/lib/wii\libogc.a(lwp.o)
                0x80017898                __lwp_sysinit
 .text.LWP_InitQueue
                0x800179ac      0x140 C:/devkitPro/libogc/lib/wii\libogc.a(lwp.o)
                0x800179ac                LWP_InitQueue
 .text.LWP_CloseQueue
                0x80017aec       0xd4 C:/devkitPro/libogc/lib/wii\libogc.a(lwp.o)
                0x80017aec                LWP_CloseQueue
 .text.LWP_ThreadSleep
                0x80017bc0       0xf8 C:/devkitPro/libogc/lib/wii\libogc.a(lwp.o)
                0x80017bc0                LWP_ThreadSleep
 .text.LWP_ThreadBroadcast
                0x80017cb8       0x88 C:/devkitPro/libogc/lib/wii\libogc.a(lwp.o)
                0x80017cb8                LWP_ThreadBroadcast
 .text.LWP_ThreadSignal
                0x80017d40       0x74 C:/devkitPro/libogc/lib/wii\libogc.a(lwp.o)
                0x80017d40                LWP_ThreadSignal
 .text.__lwp_stack_allocate
                0x80017db4       0x60 C:/devkitPro/libogc/lib/wii\libogc.a(lwp_stack.o)
                0x80017db4                __lwp_stack_allocate
 .text.__lwp_stack_free
                0x80017e14       0x1c C:/devkitPro/libogc/lib/wii\libogc.a(lwp_stack.o)
                0x80017e14                __lwp_stack_free
 .text.__lwp_wd_settimer
                0x80017e30       0xe0 C:/devkitPro/libogc/lib/wii\libogc.a(lwp_watchdog.o)
 .text.__lwp_watchdog_init
                0x80017f10       0x2c C:/devkitPro/libogc/lib/wii\libogc.a(lwp_watchdog.o)
                0x80017f10                __lwp_watchdog_init
 .text.__lwp_wd_insert
                0x80017f3c      0x194 C:/devkitPro/libogc/lib/wii\libogc.a(lwp_watchdog.o)
                0x80017f3c                __lwp_wd_insert
 .text.__lwp_wd_remove
                0x800180d0      0x138 C:/devkitPro/libogc/lib/wii\libogc.a(lwp_watchdog.o)
                0x800180d0                __lwp_wd_remove
 .text.__lwp_wd_tickle
                0x80018208      0x120 C:/devkitPro/libogc/lib/wii\libogc.a(lwp_watchdog.o)
                0x80018208                __lwp_wd_tickle
 .text.__lwp_wkspace_init
                0x80018328       0xc0 C:/devkitPro/libogc/lib/wii\libogc.a(lwp_wkspace.o)
                0x80018328                __lwp_wkspace_init
 .text.__lwp_objmgr_initinfo
                0x800183e8      0x1a0 C:/devkitPro/libogc/lib/wii\libogc.a(lwp_objmgr.o)
                0x800183e8                __lwp_objmgr_initinfo
 .text.__lwp_objmgr_getisrdisable
                0x80018588       0x60 C:/devkitPro/libogc/lib/wii\libogc.a(lwp_objmgr.o)
                0x80018588                __lwp_objmgr_getisrdisable
 .text.__lwp_objmgr_getnoprotection
                0x800185e8       0x24 C:/devkitPro/libogc/lib/wii\libogc.a(lwp_objmgr.o)
                0x800185e8                __lwp_objmgr_getnoprotection
 .text.__lwp_objmgr_get
                0x8001860c       0x6c C:/devkitPro/libogc/lib/wii\libogc.a(lwp_objmgr.o)
                0x8001860c                __lwp_objmgr_get
 .text.__lwp_objmgr_allocate
                0x80018678       0x88 C:/devkitPro/libogc/lib/wii\libogc.a(lwp_objmgr.o)
                0x80018678                __lwp_objmgr_allocate
 .text.__lwp_objmgr_free
                0x80018700       0x60 C:/devkitPro/libogc/lib/wii\libogc.a(lwp_objmgr.o)
                0x80018700                __lwp_objmgr_free
 .text.__lwp_heap_init
                0x80018760       0xa4 C:/devkitPro/libogc/lib/wii\libogc.a(lwp_heap.o)
                0x80018760                __lwp_heap_init
 .text.__lwp_heap_allocate
                0x80018804      0x160 C:/devkitPro/libogc/lib/wii\libogc.a(lwp_heap.o)
                0x80018804                __lwp_heap_allocate
 .text.__lwp_heap_free
                0x80018964      0x188 C:/devkitPro/libogc/lib/wii\libogc.a(lwp_heap.o)
                0x80018964                __lwp_heap_free
 .text.__SetInterrupts
                0x80018aec      0x268 C:/devkitPro/libogc/lib/wii\libogc.a(irq.o)
 .text.c_irqdispatcher
                0x80018d54      0x278 C:/devkitPro/libogc/lib/wii\libogc.a(irq.o)
                0x80018d54                c_irqdispatcher
 .text.__UnmaskIrq
                0x80018fcc       0x84 C:/devkitPro/libogc/lib/wii\libogc.a(irq.o)
                0x80018fcc                __UnmaskIrq
 .text.__MaskIrq
                0x80019050       0x84 C:/devkitPro/libogc/lib/wii\libogc.a(irq.o)
                0x80019050                __MaskIrq
 .text.__irq_init
                0x800190d4       0x84 C:/devkitPro/libogc/lib/wii\libogc.a(irq.o)
                0x800190d4                __irq_init
 .text.IRQ_Request
                0x80019158       0x50 C:/devkitPro/libogc/lib/wii\libogc.a(irq.o)
                0x80019158                IRQ_Request
 .text.IRQ_GetHandler
                0x800191a8       0x44 C:/devkitPro/libogc/lib/wii\libogc.a(irq.o)
                0x800191a8                IRQ_GetHandler
 .text.IRQ_Disable
                0x800191ec       0x1c C:/devkitPro/libogc/lib/wii\libogc.a(irq.o)
                0x800191ec                IRQ_Disable
 .text.IRQ_Restore
                0x80019208       0x1c C:/devkitPro/libogc/lib/wii\libogc.a(irq.o)
                0x80019208                IRQ_Restore
 .text.__VISendI2CData.constprop.0.isra.0
                0x80019224      0x450 C:/devkitPro/libogc/lib/wii\libogc.a(video.o)
 .text.__setFbbRegs.constprop.0
                0x80019674      0x190 C:/devkitPro/libogc/lib/wii\libogc.a(video.o)
 .text.__VISetYUVSEL
                0x80019804       0xb8 C:/devkitPro/libogc/lib/wii\libogc.a(video.o)
 .text.VIDEO_Configure
                0x800198bc      0x5ec C:/devkitPro/libogc/lib/wii\libogc.a(video.o)
                0x800198bc                VIDEO_Configure
 .text.VIDEO_WaitVSync
                0x80019ea8       0x74 C:/devkitPro/libogc/lib/wii\libogc.a(video.o)
                0x80019ea8                VIDEO_WaitVSync
 .text.VIDEO_SetFramebuffer
                0x80019f1c      0x108 C:/devkitPro/libogc/lib/wii\libogc.a(video.o)
                0x80019f1c                VIDEO_SetFramebuffer
 .text.VIDEO_SetNextFramebuffer
                0x8001a024       0x70 C:/devkitPro/libogc/lib/wii\libogc.a(video.o)
                0x8001a024                VIDEO_SetNextFramebuffer
 .text.VIDEO_Flush
                0x8001a094       0xf4 C:/devkitPro/libogc/lib/wii\libogc.a(video.o)
                0x8001a094                VIDEO_Flush
 .text.VIDEO_SetBlack
                0x8001a188      0x15c C:/devkitPro/libogc/lib/wii\libogc.a(video.o)
                0x8001a188                VIDEO_SetBlack
 .text.VIDEO_GetCurrentTvMode
                0x8001a2e4       0x78 C:/devkitPro/libogc/lib/wii\libogc.a(video.o)
                0x8001a2e4                VIDEO_GetCurrentTvMode
 .text.__VIRetraceHandler
                0x8001a35c      0x298 C:/devkitPro/libogc/lib/wii\libogc.a(video.o)
 .text.__VISetupEncoder
                0x8001a5f4      0x2cc C:/devkitPro/libogc/lib/wii\libogc.a(video.o)
 .text.VIDEO_Init
                0x8001a8c0      0x4e4 C:/devkitPro/libogc/lib/wii\libogc.a(video.o)
                0x8001a8c0                VIDEO_Init
 .text.VIDEO_GetPreferredMode
                0x8001ada4      0x108 C:/devkitPro/libogc/lib/wii\libogc.a(video.o)
                0x8001ada4                VIDEO_GetPreferredMode
 .text.VIDEO_GetCurrentLine
                0x8001aeac       0x9c C:/devkitPro/libogc/lib/wii\libogc.a(video.o)
                0x8001aeac                VIDEO_GetCurrentLine
 .text.VIDEO_GetFrameBufferSize
                0x8001af48       0x34 C:/devkitPro/libogc/lib/wii\libogc.a(video.o)
                0x8001af48                VIDEO_GetFrameBufferSize
 .text.__call_resetfuncs
                0x8001af7c       0xbc C:/devkitPro/libogc/lib/wii\libogc.a(system.o)
 .text.__MEMInterruptHandler
                0x8001b038       0x14 C:/devkitPro/libogc/lib/wii\libogc.a(system.o)
 .text.__RSWDefaultHandler
                0x8001b04c        0x4 C:/devkitPro/libogc/lib/wii\libogc.a(system.o)
 .text.__POWDefaultHandler
                0x8001b050        0x4 C:/devkitPro/libogc/lib/wii\libogc.a(system.o)
 .text.__STMEventHandler
                0x8001b054      0x104 C:/devkitPro/libogc/lib/wii\libogc.a(system.o)
 .text.__getrtc
                0x8001b158      0x13c C:/devkitPro/libogc/lib/wii\libogc.a(system.o)
 .text.__sram_write
                0x8001b294      0x130 C:/devkitPro/libogc/lib/wii\libogc.a(system.o)
 .text.__sram_writecallback
                0x8001b3c4       0x54 C:/devkitPro/libogc/lib/wii\libogc.a(system.o)
 .text.__mem_onreset
                0x8001b418       0x48 C:/devkitPro/libogc/lib/wii\libogc.a(system.o)
 .text.__unlocksram
                0x8001b460      0x174 C:/devkitPro/libogc/lib/wii\libogc.a(system.o)
 .text.__sys_alarmhandler
                0x8001b5d4      0x154 C:/devkitPro/libogc/lib/wii\libogc.a(system.o)
 .text.__syscall_malloc_lock
                0x8001b728        0x4 C:/devkitPro/libogc/lib/wii\libogc.a(system.o)
                0x8001b728                __syscall_malloc_lock
 .text.__syscall_malloc_unlock
                0x8001b72c        0x4 C:/devkitPro/libogc/lib/wii\libogc.a(system.o)
                0x8001b72c                __syscall_malloc_unlock
 .text.__syscall_nanosleep
                0x8001b730        0x4 C:/devkitPro/libogc/lib/wii\libogc.a(system.o)
                0x8001b730                __syscall_nanosleep
 .text.__SYS_GetRTC
                0x8001b734       0xa0 C:/devkitPro/libogc/lib/wii\libogc.a(system.o)
                0x8001b734                __SYS_GetRTC
 .text.__SYS_SetBootTime
                0x8001b7d4      0x108 C:/devkitPro/libogc/lib/wii\libogc.a(system.o)
                0x8001b7d4                __SYS_SetBootTime
 .text.__SYS_GetIPCBufferLo
                0x8001b8dc        0x8 C:/devkitPro/libogc/lib/wii\libogc.a(system.o)
                0x8001b8dc                __SYS_GetIPCBufferLo
 .text.__SYS_GetIPCBufferHi
                0x8001b8e4        0x8 C:/devkitPro/libogc/lib/wii\libogc.a(system.o)
                0x8001b8e4                __SYS_GetIPCBufferHi
 .text.__SYS_DoPowerCB
                0x8001b8ec       0x74 C:/devkitPro/libogc/lib/wii\libogc.a(system.o)
                0x8001b8ec                __SYS_DoPowerCB
 .text.__SYS_PreInit
                0x8001b960        0x4 C:/devkitPro/libogc/lib/wii\libogc.a(system.o)
                0x8001b960                __SYS_PreInit
 .text.SYS_PreMain
                0x8001b964       0x7c C:/devkitPro/libogc/lib/wii\libogc.a(system.o)
                0x8001b964                SYS_PreMain
 .text.SYS_ResetButtonDown
                0x8001b9e0       0x18 C:/devkitPro/libogc/lib/wii\libogc.a(system.o)
                0x8001b9e0                SYS_ResetButtonDown
 .text.SYS_ResetSystem
                0x8001b9f8      0x210 C:/devkitPro/libogc/lib/wii\libogc.a(system.o)
                0x8001b9f8                SYS_ResetSystem
 .text.__reload
                0x8001bc08       0x80 C:/devkitPro/libogc/lib/wii\libogc.a(system.o)
                0x8001bc08                __reload
 .text.__syscall_exit
                0x8001bc88       0x88 C:/devkitPro/libogc/lib/wii\libogc.a(system.o)
                0x8001bc88                __syscall_exit
 .text.SYS_RegisterResetFunc
                0x8001bd10       0x78 C:/devkitPro/libogc/lib/wii\libogc.a(system.o)
                0x8001bd10                SYS_RegisterResetFunc
 .text.SYS_SetArena1Lo
                0x8001bd88       0x38 C:/devkitPro/libogc/lib/wii\libogc.a(system.o)
                0x8001bd88                SYS_SetArena1Lo
 .text.SYS_GetArena1Lo
                0x8001bdc0       0x38 C:/devkitPro/libogc/lib/wii\libogc.a(system.o)
                0x8001bdc0                SYS_GetArena1Lo
 .text.SYS_GetArena1Hi
                0x8001bdf8       0x38 C:/devkitPro/libogc/lib/wii\libogc.a(system.o)
                0x8001bdf8                SYS_GetArena1Hi
 .text.SYS_SetArena2Lo
                0x8001be30       0x38 C:/devkitPro/libogc/lib/wii\libogc.a(system.o)
                0x8001be30                SYS_SetArena2Lo
 .text.SYS_GetArena2Lo
                0x8001be68       0x38 C:/devkitPro/libogc/lib/wii\libogc.a(system.o)
                0x8001be68                SYS_GetArena2Lo
 .text.SYS_SetArena2Hi
                0x8001bea0       0x38 C:/devkitPro/libogc/lib/wii\libogc.a(system.o)
                0x8001bea0                SYS_SetArena2Hi
 .text.SYS_GetArena2Hi
                0x8001bed8       0x38 C:/devkitPro/libogc/lib/wii\libogc.a(system.o)
                0x8001bed8                SYS_GetArena2Hi
 .text.SYS_AllocateFramebuffer
                0x8001bf10       0x28 C:/devkitPro/libogc/lib/wii\libogc.a(system.o)
                0x8001bf10                SYS_AllocateFramebuffer
 .text.SYS_CreateAlarm
                0x8001bf38       0xf0 C:/devkitPro/libogc/lib/wii\libogc.a(system.o)
                0x8001bf38                SYS_CreateAlarm
 .text.SYS_SetAlarm
                0x8001c028      0x1e0 C:/devkitPro/libogc/lib/wii\libogc.a(system.o)
                0x8001c028                SYS_SetAlarm
 .text.SYS_SetPeriodicAlarm
                0x8001c208      0x270 C:/devkitPro/libogc/lib/wii\libogc.a(system.o)
                0x8001c208                SYS_SetPeriodicAlarm
 .text.SYS_RemoveAlarm
                0x8001c478      0x10c C:/devkitPro/libogc/lib/wii\libogc.a(system.o)
                0x8001c478                SYS_RemoveAlarm
 .text.SYS_CancelAlarm
                0x8001c584       0xbc C:/devkitPro/libogc/lib/wii\libogc.a(system.o)
                0x8001c584                SYS_CancelAlarm
 .text.SYS_GetWirelessID
                0x8001c640       0x94 C:/devkitPro/libogc/lib/wii\libogc.a(system.o)
                0x8001c640                SYS_GetWirelessID
 .text.SYS_SetWirelessID
                0x8001c6d4       0x90 C:/devkitPro/libogc/lib/wii\libogc.a(system.o)
                0x8001c6d4                SYS_SetWirelessID
 .text.SYS_SetGBSMode
                0x8001c764       0xa8 C:/devkitPro/libogc/lib/wii\libogc.a(system.o)
                0x8001c764                SYS_SetGBSMode
 .text.__sram_init
                0x8001c80c      0x1b8 C:/devkitPro/libogc/lib/wii\libogc.a(system.o)
                0x8001c80c                __sram_init
 .text.SYS_Init
                0x8001c9c4      0x5e8 C:/devkitPro/libogc/lib/wii\libogc.a(system.o)
                0x8001c9c4                SYS_Init
 .text.SYS_GetHollywoodRevision
                0x8001cfac       0x3c C:/devkitPro/libogc/lib/wii\libogc.a(system.o)
                0x8001cfac                SYS_GetHollywoodRevision
 .text.SYS_Time
                0x8001cfe8       0x78 C:/devkitPro/libogc/lib/wii\libogc.a(system.o)
                0x8001cfe8                SYS_Time
 .text.__lwp_cond_init
                0x8001d060       0x14 C:/devkitPro/libogc/lib/wii\libogc.a(cond.o)
                0x8001d060                __lwp_cond_init
 .text.__decrementer_init
                0x8001d074        0x4 C:/devkitPro/libogc/lib/wii\libogc.a(decrementer.o)
                0x8001d074                __decrementer_init
 .text.c_decrementer_handler
                0x8001d078        0xc C:/devkitPro/libogc/lib/wii\libogc.a(decrementer.o)
                0x8001d078                c_decrementer_handler
 .text.__lwp_mqbox_init
                0x8001d084       0x14 C:/devkitPro/libogc/lib/wii\libogc.a(message.o)
                0x8001d084                __lwp_mqbox_init
 .text.__si_transfer
                0x8001d098      0x1a4 C:/devkitPro/libogc/lib/wii\libogc.a(si.o)
 .text.__si_alarmhandler
                0x8001d23c       0xdc C:/devkitPro/libogc/lib/wii\libogc.a(si.o)
 .text.__si_completetransfer
                0x8001d318      0x1fc C:/devkitPro/libogc/lib/wii\libogc.a(si.o)
 .text.__si_transfernext
                0x8001d514       0xe0 C:/devkitPro/libogc/lib/wii\libogc.a(si.o)
 .text.SI_Busy  0x8001d5f4       0x18 C:/devkitPro/libogc/lib/wii\libogc.a(si.o)
                0x8001d5f4                SI_Busy
 .text.SI_IsChanBusy
                0x8001d60c       0x38 C:/devkitPro/libogc/lib/wii\libogc.a(si.o)
                0x8001d60c                SI_IsChanBusy
 .text.SI_SetXY
                0x8001d644       0x64 C:/devkitPro/libogc/lib/wii\libogc.a(si.o)
                0x8001d644                SI_SetXY
 .text.SI_EnablePolling
                0x8001d6a8       0x80 C:/devkitPro/libogc/lib/wii\libogc.a(si.o)
                0x8001d6a8                SI_EnablePolling
 .text.SI_DisablePolling
                0x8001d728       0x58 C:/devkitPro/libogc/lib/wii\libogc.a(si.o)
                0x8001d728                SI_DisablePolling
 .text.SI_SetSamplingRate
                0x8001d780       0xd8 C:/devkitPro/libogc/lib/wii\libogc.a(si.o)
                0x8001d780                SI_SetSamplingRate
 .text.SI_RefreshSamplingRate
                0x8001d858        0x8 C:/devkitPro/libogc/lib/wii\libogc.a(si.o)
                0x8001d858                SI_RefreshSamplingRate
 .text.SI_GetStatus
                0x8001d860       0x78 C:/devkitPro/libogc/lib/wii\libogc.a(si.o)
                0x8001d860                SI_GetStatus
 .text.SI_GetResponseRaw
                0x8001d8d8       0xe8 C:/devkitPro/libogc/lib/wii\libogc.a(si.o)
                0x8001d8d8                SI_GetResponseRaw
 .text.SI_GetResponse
                0x8001d9c0       0xb8 C:/devkitPro/libogc/lib/wii\libogc.a(si.o)
                0x8001d9c0                SI_GetResponse
 .text.SI_SetCommand
                0x8001da78       0x10 C:/devkitPro/libogc/lib/wii\libogc.a(si.o)
                0x8001da78                SI_SetCommand
 .text.SI_Transfer
                0x8001da88      0x26c C:/devkitPro/libogc/lib/wii\libogc.a(si.o)
                0x8001da88                SI_Transfer
 .text.__si_gettypecallback
                0x8001dcf4      0x2c0 C:/devkitPro/libogc/lib/wii\libogc.a(si.o)
 .text.__si_interrupthandler
                0x8001dfb4      0x268 C:/devkitPro/libogc/lib/wii\libogc.a(si.o)
 .text.SI_GetType
                0x8001e21c      0x1f4 C:/devkitPro/libogc/lib/wii\libogc.a(si.o)
                0x8001e21c                SI_GetType
 .text.SI_GetTypeAsync
                0x8001e410      0x138 C:/devkitPro/libogc/lib/wii\libogc.a(si.o)
                0x8001e410                SI_GetTypeAsync
 .text.SI_EnablePollingInterrupt
                0x8001e548       0x8c C:/devkitPro/libogc/lib/wii\libogc.a(si.o)
                0x8001e548                SI_EnablePollingInterrupt
 .text.SI_UnregisterPollingHandler
                0x8001e5d4       0xe0 C:/devkitPro/libogc/lib/wii\libogc.a(si.o)
                0x8001e5d4                SI_UnregisterPollingHandler
 .text.__si_init
                0x8001e6b4       0xe8 C:/devkitPro/libogc/lib/wii\libogc.a(si.o)
                0x8001e6b4                __si_init
 .text.__ipc_sendrequest
                0x8001e79c      0x104 C:/devkitPro/libogc/lib/wii\libogc.a(ipc.o)
 .text.__ipc_syncrequest
                0x8001e8a0       0xe4 C:/devkitPro/libogc/lib/wii\libogc.a(ipc.o)
 .text.__ioctlvfmtCB
                0x8001e984      0x158 C:/devkitPro/libogc/lib/wii\libogc.a(ipc.o)
 .text.__ios_ioctlvformat_parse
                0x8001eadc      0x820 C:/devkitPro/libogc/lib/wii\libogc.a(ipc.o)
 .text.__ipc_asyncrequest
                0x8001f2fc      0x13c C:/devkitPro/libogc/lib/wii\libogc.a(ipc.o)
 .text.__ipc_interrupthandler
                0x8001f438      0x34c C:/devkitPro/libogc/lib/wii\libogc.a(ipc.o)
 .text.iosCreateHeap
                0x8001f784      0x130 C:/devkitPro/libogc/lib/wii\libogc.a(ipc.o)
                0x8001f784                iosCreateHeap
 .text.iosAlloc
                0x8001f8b4       0x30 C:/devkitPro/libogc/lib/wii\libogc.a(ipc.o)
                0x8001f8b4                iosAlloc
 .text.iosFree  0x8001f8e4       0x28 C:/devkitPro/libogc/lib/wii\libogc.a(ipc.o)
                0x8001f8e4                iosFree
 .text.__IPC_ClntInit
                0x8001f90c       0xc8 C:/devkitPro/libogc/lib/wii\libogc.a(ipc.o)
                0x8001f90c                __IPC_ClntInit
 .text.IOS_Open
                0x8001f9d4      0x110 C:/devkitPro/libogc/lib/wii\libogc.a(ipc.o)
                0x8001f9d4                IOS_Open
 .text.IOS_Close
                0x8001fae4       0xf0 C:/devkitPro/libogc/lib/wii\libogc.a(ipc.o)
                0x8001fae4                IOS_Close
 .text.IOS_CloseAsync
                0x8001fbd4       0xb4 C:/devkitPro/libogc/lib/wii\libogc.a(ipc.o)
                0x8001fbd4                IOS_CloseAsync
 .text.IOS_Read
                0x8001fc88      0x10c C:/devkitPro/libogc/lib/wii\libogc.a(ipc.o)
                0x8001fc88                IOS_Read
 .text.IOS_Write
                0x8001fd94      0x10c C:/devkitPro/libogc/lib/wii\libogc.a(ipc.o)
                0x8001fd94                IOS_Write
 .text.IOS_Ioctl
                0x8001fea0      0x158 C:/devkitPro/libogc/lib/wii\libogc.a(ipc.o)
                0x8001fea0                IOS_Ioctl
 .text.IOS_IoctlAsync
                0x8001fff8      0x148 C:/devkitPro/libogc/lib/wii\libogc.a(ipc.o)
                0x8001fff8                IOS_IoctlAsync
 .text.IOS_Ioctlv
                0x80020140      0x1f0 C:/devkitPro/libogc/lib/wii\libogc.a(ipc.o)
                0x80020140                IOS_Ioctlv
 .text.IOS_IoctlvAsync
                0x80020330      0x1d4 C:/devkitPro/libogc/lib/wii\libogc.a(ipc.o)
                0x80020330                IOS_IoctlvAsync
 .text.IOS_IoctlvFormat
                0x80020504      0x16c C:/devkitPro/libogc/lib/wii\libogc.a(ipc.o)
                0x80020504                IOS_IoctlvFormat
 .text.IOS_IoctlvReboot
                0x80020670      0x1f4 C:/devkitPro/libogc/lib/wii\libogc.a(ipc.o)
                0x80020670                IOS_IoctlvReboot
 .text.gettick  0x80020864        0x8 C:/devkitPro/libogc/lib/wii\libogc.a(timesupp.o)
                0x80020864                gettick
 .text.gettime  0x8002086c       0x18 C:/devkitPro/libogc/lib/wii\libogc.a(timesupp.o)
                0x8002086c                gettime
 .text.settime  0x80020884       0x14 C:/devkitPro/libogc/lib/wii\libogc.a(timesupp.o)
                0x80020884                settime
 .text.diff_usec
                0x80020898       0x88 C:/devkitPro/libogc/lib/wii\libogc.a(timesupp.o)
                0x80020898                diff_usec
 .text.__timesystem_init
                0x80020920       0x1c C:/devkitPro/libogc/lib/wii\libogc.a(timesupp.o)
                0x80020920                __timesystem_init
 .text.udelay   0x8002093c       0xac C:/devkitPro/libogc/lib/wii\libogc.a(timesupp.o)
                0x8002093c                udelay
 .text.__libogc_nanosleep
                0x800209e8      0x144 C:/devkitPro/libogc/lib/wii\libogc.a(timesupp.o)
                0x800209e8                __libogc_nanosleep
 .text.__syscall_lock_init
                0x80020b2c       0x6c C:/devkitPro/libogc/lib/wii\libogc.a(lock_supp.o)
                0x80020b2c                __syscall_lock_init
 .text.__syscall_lock_init_recursive
                0x80020b98       0x6c C:/devkitPro/libogc/lib/wii\libogc.a(lock_supp.o)
                0x80020b98                __syscall_lock_init_recursive
 .text.__syscall_lock_close
                0x80020c04       0x68 C:/devkitPro/libogc/lib/wii\libogc.a(lock_supp.o)
                0x80020c04                __syscall_lock_close
 .text.__syscall_lock_acquire
                0x80020c6c       0x18 C:/devkitPro/libogc/lib/wii\libogc.a(lock_supp.o)
                0x80020c6c                __syscall_lock_acquire
 .text.__syscall_lock_release
                0x80020c84       0x18 C:/devkitPro/libogc/lib/wii\libogc.a(lock_supp.o)
                0x80020c84                __syscall_lock_release
 .text.__usbgecko_exi_unlock
                0x80020c9c       0x34 C:/devkitPro/libogc/lib/wii\libogc.a(usbgecko.o)
 .text.usb_isgeckoalive
                0x80020cd0      0x1bc C:/devkitPro/libogc/lib/wii\libogc.a(usbgecko.o)
                0x80020cd0                usb_isgeckoalive
 .text.usb_sendbuffer_ex
                0x80020e8c      0x214 C:/devkitPro/libogc/lib/wii\libogc.a(usbgecko.o)
                0x80020e8c                usb_sendbuffer_ex
 .text.usb_sendbuffer
                0x800210a0        0x8 C:/devkitPro/libogc/lib/wii\libogc.a(usbgecko.o)
                0x800210a0                usb_sendbuffer
 .text.usb_sendbuffer_safe_ex
                0x800210a8      0x2a8 C:/devkitPro/libogc/lib/wii\libogc.a(usbgecko.o)
                0x800210a8                usb_sendbuffer_safe_ex
 .text.usb_sendbuffer_safe
                0x80021350        0x8 C:/devkitPro/libogc/lib/wii\libogc.a(usbgecko.o)
                0x80021350                usb_sendbuffer_safe
 .text._sbrk_r  0x80021358      0x28c C:/devkitPro/libogc/lib/wii\libogc.a(sbrk.o)
                0x80021358                _sbrk_r
 .text.__memlock_init
                0x800215e4       0x7c C:/devkitPro/libogc/lib/wii\libogc.a(malloc_lock.o)
                0x800215e4                __memlock_init
 .text.__libogc_malloc_lock
                0x80021660      0x1fc C:/devkitPro/libogc/lib/wii\libogc.a(malloc_lock.o)
                0x80021660                __libogc_malloc_lock
 .text.__libogc_malloc_unlock
                0x8002185c       0x64 C:/devkitPro/libogc/lib/wii\libogc.a(malloc_lock.o)
                0x8002185c                __libogc_malloc_unlock
 .text.__STM_SetEventHook
                0x800218c0       0xb0 C:/devkitPro/libogc/lib/wii\libogc.a(stm.o)
                0x800218c0                __STM_SetEventHook
 .text.__STM_Init
                0x80021970       0x8c C:/devkitPro/libogc/lib/wii\libogc.a(stm.o)
                0x80021970                __STM_Init
 .text.__STMEventHandler
                0x800219fc       0x64 C:/devkitPro/libogc/lib/wii\libogc.a(stm.o)
 .text.__STM_ReleaseEventHook
                0x80021a60       0x80 C:/devkitPro/libogc/lib/wii\libogc.a(stm.o)
                0x80021a60                __STM_ReleaseEventHook
 .text.__STM_Close
                0x80021ae0       0xac C:/devkitPro/libogc/lib/wii\libogc.a(stm.o)
                0x80021ae0                __STM_Close
 .text.STM_RegisterEventHandler
                0x80021b8c       0x10 C:/devkitPro/libogc/lib/wii\libogc.a(stm.o)
                0x80021b8c                STM_RegisterEventHandler
 .text.STM_ShutdownToStandby
                0x80021b9c       0x50 C:/devkitPro/libogc/lib/wii\libogc.a(stm.o)
                0x80021b9c                STM_ShutdownToStandby
 .text.STM_ShutdownToIdle
                0x80021bec       0x70 C:/devkitPro/libogc/lib/wii\libogc.a(stm.o)
                0x80021bec                STM_ShutdownToIdle
 .text.STM_SetLedMode
                0x80021c5c       0x40 C:/devkitPro/libogc/lib/wii\libogc.a(stm.o)
                0x80021c5c                STM_SetLedMode
 .text.STM_RebootSystem
                0x80021c9c       0x50 C:/devkitPro/libogc/lib/wii\libogc.a(stm.o)
                0x80021c9c                STM_RebootSystem
 .text.__IOS_InitializeSubsystems
                0x80021cec       0x44 C:/devkitPro/libogc/lib/wii\libogc.a(ios.o)
                0x80021cec                __IOS_InitializeSubsystems
 .text.__IOS_ShutdownSubsystems
                0x80021d30       0x44 C:/devkitPro/libogc/lib/wii\libogc.a(ios.o)
                0x80021d30                __IOS_ShutdownSubsystems
 .text.__IOS_LoadStartupIOS
                0x80021d74        0x8 C:/devkitPro/libogc/lib/wii\libogc.a(ios.o)
                0x80021d74                __IOS_LoadStartupIOS
 .text._ES_fstat_r
                0x80021d7c      0x120 C:/devkitPro/libogc/lib/wii\libogc.a(es.o)
 .text._ES_seek_r
                0x80021e9c       0xdc C:/devkitPro/libogc/lib/wii\libogc.a(es.o)
 .text._ES_close_r
                0x80021f78       0xac C:/devkitPro/libogc/lib/wii\libogc.a(es.o)
 .text.__ES_Init
                0x80022024       0x78 C:/devkitPro/libogc/lib/wii\libogc.a(es.o)
                0x80022024                __ES_Init
 .text.__ES_Close
                0x8002209c       0x54 C:/devkitPro/libogc/lib/wii\libogc.a(es.o)
                0x8002209c                __ES_Close
 .text.ES_GetTitleID
                0x800220f0       0x94 C:/devkitPro/libogc/lib/wii\libogc.a(es.o)
                0x800220f0                ES_GetTitleID
 .text.ES_LaunchTitle
                0x80022184       0xa4 C:/devkitPro/libogc/lib/wii\libogc.a(es.o)
                0x80022184                ES_LaunchTitle
 .text.ES_GetNumTicketViews
                0x80022228       0x98 C:/devkitPro/libogc/lib/wii\libogc.a(es.o)
                0x80022228                ES_GetNumTicketViews
 .text.ES_GetTicketViews
                0x800222c0       0x8c C:/devkitPro/libogc/lib/wii\libogc.a(es.o)
                0x800222c0                ES_GetTicketViews
 .text.ES_GetStoredTMD
                0x8002234c       0x90 C:/devkitPro/libogc/lib/wii\libogc.a(es.o)
                0x8002234c                ES_GetStoredTMD
 .text._ES_decodepath
                0x800223dc      0x440 C:/devkitPro/libogc/lib/wii\libogc.a(es.o)
 .text._ES_stat_r
                0x8002281c       0xf4 C:/devkitPro/libogc/lib/wii\libogc.a(es.o)
 .text._ES_open_r
                0x80022910      0x1d0 C:/devkitPro/libogc/lib/wii\libogc.a(es.o)
 .text.ES_ReadContent
                0x80022ae0       0x6c C:/devkitPro/libogc/lib/wii\libogc.a(es.o)
                0x80022ae0                ES_ReadContent
 .text._ES_read_r
                0x80022b4c      0x17c C:/devkitPro/libogc/lib/wii\libogc.a(es.o)
 .text.__usbv5_devicechangeCB
                0x80022cc8      0x180 C:/devkitPro/libogc/lib/wii\libogc.a(usb.o)
 .text.__usbv5_attachfinishCB
                0x80022e48       0xcc C:/devkitPro/libogc/lib/wii\libogc.a(usb.o)
 .text.__usbv5_messageCB
                0x80022f14       0x5c C:/devkitPro/libogc/lib/wii\libogc.a(usb.o)
 .text.__usbv0_messageCB
                0x80022f70       0xa8 C:/devkitPro/libogc/lib/wii\libogc.a(usb.o)
 .text.__usb_control_message
                0x80023018      0x428 C:/devkitPro/libogc/lib/wii\libogc.a(usb.o)
 .text.__usb_interrupt_bulk_message
                0x80023440      0x2c0 C:/devkitPro/libogc/lib/wii\libogc.a(usb.o)
 .text.USB_FreeDescriptors.part.0
                0x80023700       0xfc C:/devkitPro/libogc/lib/wii\libogc.a(usb.o)
 .text.USB_GetDescriptors.part.0
                0x800237fc      0x674 C:/devkitPro/libogc/lib/wii\libogc.a(usb.o)
 .text.USBV5_SuspendResume
                0x80023e70      0x138 C:/devkitPro/libogc/lib/wii\libogc.a(usb.o)
 .text.USBV5_GetDescriptors
                0x80023fa8      0x518 C:/devkitPro/libogc/lib/wii\libogc.a(usb.o)
 .text.USB_Deinitialize
                0x800244c0       0xc8 C:/devkitPro/libogc/lib/wii\libogc.a(usb.o)
                0x800244c0                USB_Deinitialize
 .text.USB_Initialize
                0x80024588      0x2f8 C:/devkitPro/libogc/lib/wii\libogc.a(usb.o)
                0x80024588                USB_Initialize
 .text.USB_OpenDevice
                0x80024880      0x2b8 C:/devkitPro/libogc/lib/wii\libogc.a(usb.o)
                0x80024880                USB_OpenDevice
 .text.USBV5_CloseDevice
                0x80024b38      0x128 C:/devkitPro/libogc/lib/wii\libogc.a(usb.o)
                0x80024b38                USBV5_CloseDevice
 .text.USB_CloseDeviceAsync
                0x80024c60       0xd0 C:/devkitPro/libogc/lib/wii\libogc.a(usb.o)
                0x80024c60                USB_CloseDeviceAsync
 .text.USB_ReadIntrMsgAsync
                0x80024d30       0x28 C:/devkitPro/libogc/lib/wii\libogc.a(usb.o)
                0x80024d30                USB_ReadIntrMsgAsync
 .text.USB_ReadBlkMsgAsync
                0x80024d58       0x28 C:/devkitPro/libogc/lib/wii\libogc.a(usb.o)
                0x80024d58                USB_ReadBlkMsgAsync
 .text.USB_WriteBlkMsgAsync
                0x80024d80       0x28 C:/devkitPro/libogc/lib/wii\libogc.a(usb.o)
                0x80024d80                USB_WriteBlkMsgAsync
 .text.USB_WriteCtrlMsgAsync
                0x80024da8        0x4 C:/devkitPro/libogc/lib/wii\libogc.a(usb.o)
                0x80024da8                USB_WriteCtrlMsgAsync
 .text.__CheckARGV
                0x80024dac       0x80 C:/devkitPro/libogc/lib/wii\libogc.a(argv.o)
                0x80024dac                __CheckARGV
 .text.CONF_Init
                0x80024e2c      0x184 C:/devkitPro/libogc/lib/wii\libogc.a(conf.o)
                0x80024e2c                CONF_Init
 .text.__CONF_GetTxt
                0x80024fb0      0x208 C:/devkitPro/libogc/lib/wii\libogc.a(conf.o)
                0x80024fb0                __CONF_GetTxt
 .text.__CONF_Find
                0x800251b8       0xfc C:/devkitPro/libogc/lib/wii\libogc.a(conf.o)
                0x800251b8                __CONF_Find
 .text.CONF_GetLength
                0x800252b4      0x12c C:/devkitPro/libogc/lib/wii\libogc.a(conf.o)
                0x800252b4                CONF_GetLength
 .text.CONF_Get
                0x800253e0      0x140 C:/devkitPro/libogc/lib/wii\libogc.a(conf.o)
                0x800253e0                CONF_Get
 .text.CONF_GetShutdownMode
                0x80025520       0x54 C:/devkitPro/libogc/lib/wii\libogc.a(conf.o)
                0x80025520                CONF_GetShutdownMode
 .text.CONF_GetIdleLedMode
                0x80025574       0x54 C:/devkitPro/libogc/lib/wii\libogc.a(conf.o)
                0x80025574                CONF_GetIdleLedMode
 .text.CONF_GetProgressiveScan
                0x800255c8       0x54 C:/devkitPro/libogc/lib/wii\libogc.a(conf.o)
                0x800255c8                CONF_GetProgressiveScan
 .text.CONF_GetEuRGB60
                0x8002561c       0x54 C:/devkitPro/libogc/lib/wii\libogc.a(conf.o)
                0x8002561c                CONF_GetEuRGB60
 .text.CONF_GetIRSensitivity
                0x80025670       0x54 C:/devkitPro/libogc/lib/wii\libogc.a(conf.o)
                0x80025670                CONF_GetIRSensitivity
 .text.CONF_GetSensorBarPosition
                0x800256c4       0x54 C:/devkitPro/libogc/lib/wii\libogc.a(conf.o)
                0x800256c4                CONF_GetSensorBarPosition
 .text.CONF_GetCounterBias
                0x80025718       0x4c C:/devkitPro/libogc/lib/wii\libogc.a(conf.o)
                0x80025718                CONF_GetCounterBias
 .text.CONF_GetDisplayOffsetH
                0x80025764       0x4c C:/devkitPro/libogc/lib/wii\libogc.a(conf.o)
                0x80025764                CONF_GetDisplayOffsetH
 .text.CONF_GetPadDevices
                0x800257b0       0x4c C:/devkitPro/libogc/lib/wii\libogc.a(conf.o)
                0x800257b0                CONF_GetPadDevices
 .text.CONF_GetVideo
                0x800257fc       0x88 C:/devkitPro/libogc/lib/wii\libogc.a(conf.o)
                0x800257fc                CONF_GetVideo
 .text.__WII_WriteNANDBootInfo.isra.0
                0x80025884       0xbc C:/devkitPro/libogc/lib/wii\libogc.a(wiilaunch.o)
 .text.__WII_WriteStateFlags.isra.0
                0x80025940       0x94 C:/devkitPro/libogc/lib/wii\libogc.a(wiilaunch.o)
 .text.WII_Initialize
                0x800259d4      0x188 C:/devkitPro/libogc/lib/wii\libogc.a(wiilaunch.o)
                0x800259d4                WII_Initialize
 .text.WII_LaunchTitle
                0x80025b5c      0x1ac C:/devkitPro/libogc/lib/wii\libogc.a(wiilaunch.o)
                0x80025b5c                WII_LaunchTitle
 .text.WII_ReturnToMenu
                0x80025d08       0x58 C:/devkitPro/libogc/lib/wii\libogc.a(wiilaunch.o)
                0x80025d08                WII_ReturnToMenu
 .text.__lwp_priority_init
                0x80025d60       0x1c C:/devkitPro/libogc/lib/wii\libogc.a(lwp_priority.o)
                0x80025d60                __lwp_priority_init
 .text.__lwp_threadqueue_enqueuefifo
                0x80025d7c      0x12c C:/devkitPro/libogc/lib/wii\libogc.a(lwp_threadq.o)
                0x80025d7c                __lwp_threadqueue_enqueuefifo
 .text.__lwp_threadqueue_dequeuefifo
                0x80025ea8      0x134 C:/devkitPro/libogc/lib/wii\libogc.a(lwp_threadq.o)
                0x80025ea8                __lwp_threadqueue_dequeuefifo
 .text.__lwp_threadqueue_enqueuepriority
                0x80025fdc      0x334 C:/devkitPro/libogc/lib/wii\libogc.a(lwp_threadq.o)
                0x80025fdc                __lwp_threadqueue_enqueuepriority
 .text.__lwp_threadqueue_dequeuepriority
                0x80026310      0x1d8 C:/devkitPro/libogc/lib/wii\libogc.a(lwp_threadq.o)
                0x80026310                __lwp_threadqueue_dequeuepriority
 .text.__lwp_threadqueue_init
                0x800264e8       0x64 C:/devkitPro/libogc/lib/wii\libogc.a(lwp_threadq.o)
                0x800264e8                __lwp_threadqueue_init
 .text.__lwp_threadqueue_enqueue
                0x8002654c      0x138 C:/devkitPro/libogc/lib/wii\libogc.a(lwp_threadq.o)
                0x8002654c                __lwp_threadqueue_enqueue
 .text.__lwp_threadqueue_dequeue
                0x80026684       0x24 C:/devkitPro/libogc/lib/wii\libogc.a(lwp_threadq.o)
                0x80026684                __lwp_threadqueue_dequeue
 .text.__lwp_threadqueue_flush
                0x800266a8       0x68 C:/devkitPro/libogc/lib/wii\libogc.a(lwp_threadq.o)
                0x800266a8                __lwp_threadqueue_flush
 .text.__lwp_threadqueue_extractfifo
                0x80026710       0xe8 C:/devkitPro/libogc/lib/wii\libogc.a(lwp_threadq.o)
                0x80026710                __lwp_threadqueue_extractfifo
 .text.__lwp_threadqueue_extractpriority
                0x800267f8      0x148 C:/devkitPro/libogc/lib/wii\libogc.a(lwp_threadq.o)
                0x800267f8                __lwp_threadqueue_extractpriority
 .text.__lwp_threadqueue_timeout
                0x80026940       0xd0 C:/devkitPro/libogc/lib/wii\libogc.a(lwp_threadq.o)
 .text.__lwp_threadqueue_extractproxy
                0x80026a10       0x64 C:/devkitPro/libogc/lib/wii\libogc.a(lwp_threadq.o)
                0x80026a10                __lwp_threadqueue_extractproxy
 .text.__lwp_mutex_initialize
                0x80026a74       0xa4 C:/devkitPro/libogc/lib/wii\libogc.a(lwp_mutex.o)
                0x80026a74                __lwp_mutex_initialize
 .text.__lwp_mutex_surrender
                0x80026b18      0x14c C:/devkitPro/libogc/lib/wii\libogc.a(lwp_mutex.o)
                0x80026b18                __lwp_mutex_surrender
 .text.__lwp_mutex_seize_irq_blocking
                0x80026c64       0xf8 C:/devkitPro/libogc/lib/wii\libogc.a(lwp_mutex.o)
                0x80026c64                __lwp_mutex_seize_irq_blocking
 .text.__lwp_mutex_flush
                0x80026d5c        0x4 C:/devkitPro/libogc/lib/wii\libogc.a(lwp_mutex.o)
                0x80026d5c                __lwp_mutex_flush
 .text.__systemcall_init
                0x80026d60       0x70 C:/devkitPro/libogc/lib/wii\libogc.a(exception.o)
                0x80026d60                __systemcall_init
 .text.__exception_init
                0x80026dd0      0x120 C:/devkitPro/libogc/lib/wii\libogc.a(exception.o)
                0x80026dd0                __exception_init
 .text.__exception_close
                0x80026ef0       0xac C:/devkitPro/libogc/lib/wii\libogc.a(exception.o)
                0x80026ef0                __exception_close
 .text.__exception_closeall
                0x80026f9c       0x80 C:/devkitPro/libogc/lib/wii\libogc.a(exception.o)
                0x80026f9c                __exception_closeall
 .text.c_default_exceptionhandler
                0x8002701c      0x458 C:/devkitPro/libogc/lib/wii\libogc.a(exception.o)
                0x8002701c                c_default_exceptionhandler
 .text.__lwp_sema_init
                0x80027474       0x14 C:/devkitPro/libogc/lib/wii\libogc.a(semaphore.o)
                0x80027474                __lwp_sema_init
 .text.SPEC1_MakeStatus
                0x80027488      0x104 C:/devkitPro/libogc/lib/wii\libogc.a(pad.o)
 .text.__pad_samplinghandler
                0x8002758c        0x4 C:/devkitPro/libogc/lib/wii\libogc.a(pad.o)
 .text.__pad_doreset
                0x80027590       0x50 C:/devkitPro/libogc/lib/wii\libogc.a(pad.o)
 .text.__pad_updateorigin
                0x800275e0       0xa4 C:/devkitPro/libogc/lib/wii\libogc.a(pad.o)
 .text.__pad_disable
                0x80027684       0xbc C:/devkitPro/libogc/lib/wii\libogc.a(pad.o)
 .text.__pad_receivecheckcallback
                0x80027740       0x84 C:/devkitPro/libogc/lib/wii\libogc.a(pad.o)
 .text.__pad_typeandstatuscallback
                0x800277c4      0x1ac C:/devkitPro/libogc/lib/wii\libogc.a(pad.o)
 .text.__pad_originupdatecallback
                0x80027970       0x2c C:/devkitPro/libogc/lib/wii\libogc.a(pad.o)
 .text.__pad_onreset
                0x8002799c      0x108 C:/devkitPro/libogc/lib/wii\libogc.a(pad.o)
 .text.SPEC2_MakeStatus
                0x80027aa4      0x214 C:/devkitPro/libogc/lib/wii\libogc.a(pad.o)
 .text.__pad_origincallback
                0x80027cb8       0x74 C:/devkitPro/libogc/lib/wii\libogc.a(pad.o)
 .text.__pad_probecallback
                0x80027d2c       0x88 C:/devkitPro/libogc/lib/wii\libogc.a(pad.o)
 .text.__PADDisableRecalibration
                0x80027db4       0x64 C:/devkitPro/libogc/lib/wii\libogc.a(pad.o)
                0x80027db4                __PADDisableRecalibration
 .text.PAD_Reset
                0x80027e18       0xf0 C:/devkitPro/libogc/lib/wii\libogc.a(pad.o)
                0x80027e18                PAD_Reset
 .text.PAD_Read
                0x80027f08      0x2d4 C:/devkitPro/libogc/lib/wii\libogc.a(pad.o)
                0x80027f08                PAD_Read
 .text.PAD_Init
                0x800281dc       0xf8 C:/devkitPro/libogc/lib/wii\libogc.a(pad.o)
                0x800281dc                PAD_Init
 .text.PAD_ScanPads
                0x800282d4      0x15c C:/devkitPro/libogc/lib/wii\libogc.a(pad.o)
                0x800282d4                PAD_ScanPads
 .text.PAD_ButtonsDown
                0x80028430       0x40 C:/devkitPro/libogc/lib/wii\libogc.a(pad.o)
                0x80028430                PAD_ButtonsDown
 .text.__exi_irq_handler
                0x80028470       0x58 C:/devkitPro/libogc/lib/wii\libogc.a(exi.o)
 .text.__ext_irq_handler
                0x800284c8       0xc8 C:/devkitPro/libogc/lib/wii\libogc.a(exi.o)
 .text.__tc_irq_handler
                0x80028590      0x178 C:/devkitPro/libogc/lib/wii\libogc.a(exi.o)
 .text.__exi_probe
                0x80028708      0x214 C:/devkitPro/libogc/lib/wii\libogc.a(exi.o)
 .text.__exi_attach
                0x8002891c      0x104 C:/devkitPro/libogc/lib/wii\libogc.a(exi.o)
 .text.EXI_Lock
                0x80028a20      0x218 C:/devkitPro/libogc/lib/wii\libogc.a(exi.o)
                0x80028a20                EXI_Lock
 .text.EXI_Unlock
                0x80028c38      0x224 C:/devkitPro/libogc/lib/wii\libogc.a(exi.o)
                0x80028c38                EXI_Unlock
 .text.EXI_Select
                0x80028e5c      0x208 C:/devkitPro/libogc/lib/wii\libogc.a(exi.o)
                0x80028e5c                EXI_Select
 .text.EXI_Deselect
                0x80029064      0x16c C:/devkitPro/libogc/lib/wii\libogc.a(exi.o)
                0x80029064                EXI_Deselect
 .text.EXI_Sync
                0x800291d0      0x108 C:/devkitPro/libogc/lib/wii\libogc.a(exi.o)
                0x800291d0                EXI_Sync
 .text.EXI_Imm  0x800292d8      0x1f8 C:/devkitPro/libogc/lib/wii\libogc.a(exi.o)
                0x800292d8                EXI_Imm
 .text.EXI_ImmEx
                0x800294d0       0xd8 C:/devkitPro/libogc/lib/wii\libogc.a(exi.o)
                0x800294d0                EXI_ImmEx
 .text.EXI_Dma  0x800295a8      0x16c C:/devkitPro/libogc/lib/wii\libogc.a(exi.o)
                0x800295a8                EXI_Dma
 .text.EXI_Detach
                0x80029714       0xb0 C:/devkitPro/libogc/lib/wii\libogc.a(exi.o)
                0x80029714                EXI_Detach
 .text.EXI_GetID
                0x800297c4      0x338 C:/devkitPro/libogc/lib/wii\libogc.a(exi.o)
                0x800297c4                EXI_GetID
 .text.__unlocked_handler
                0x80029afc       0x28 C:/devkitPro/libogc/lib/wii\libogc.a(exi.o)
 .text.EXI_ProbeReset
                0x80029b24       0x70 C:/devkitPro/libogc/lib/wii\libogc.a(exi.o)
                0x80029b24                EXI_ProbeReset
 .text.__exi_init
                0x80029b94      0x188 C:/devkitPro/libogc/lib/wii\libogc.a(exi.o)
                0x80029b94                __exi_init
 .text.__lwp_mutex_locksupp.constprop.0
                0x80029d1c      0x2a8 C:/devkitPro/libogc/lib/wii\libogc.a(mutex.o)
 .text.__lwp_mutex_init
                0x80029fc4       0x14 C:/devkitPro/libogc/lib/wii\libogc.a(mutex.o)
                0x80029fc4                __lwp_mutex_init
 .text.LWP_MutexInit
                0x80029fd8      0x100 C:/devkitPro/libogc/lib/wii\libogc.a(mutex.o)
                0x80029fd8                LWP_MutexInit
 .text.LWP_MutexDestroy
                0x8002a0d8       0xf0 C:/devkitPro/libogc/lib/wii\libogc.a(mutex.o)
                0x8002a0d8                LWP_MutexDestroy
 .text.LWP_MutexLock
                0x8002a1c8        0x8 C:/devkitPro/libogc/lib/wii\libogc.a(mutex.o)
                0x8002a1c8                LWP_MutexLock
 .text.LWP_MutexUnlock
                0x8002a1d0       0x9c C:/devkitPro/libogc/lib/wii\libogc.a(mutex.o)
                0x8002a1d0                LWP_MutexUnlock
 .text.__GX_InitRevBits
                0x8002a26c       0x98 C:/devkitPro/libogc/lib/wii\libogc.a(gx.o)
 .text.GX_AbortFrame
                0x8002a304      0x3d8 C:/devkitPro/libogc/lib/wii\libogc.a(gx.o)
                0x8002a304                GX_AbortFrame
 .text.number   0x8002a6dc      0x318 C:/devkitPro/libogc/lib/wii\libogc.a(kprintf.o)
 .text.kvsprintf
                0x8002a9f4      0x888 C:/devkitPro/libogc/lib/wii\libogc.a(kprintf.o)
                0x8002a9f4                kvsprintf
 .text.kprintf  0x8002b27c       0xac C:/devkitPro/libogc/lib/wii\libogc.a(kprintf.o)
                0x8002b27c                kprintf
 .text.net_wc24cleanup
                0x8002b328       0x64 C:/devkitPro/libogc/lib/wii\libogc.a(network_wii.o)
                0x8002b328                net_wc24cleanup
 .text.atanf    0x8002b38c      0x290 C:/devkitPro/devkitPPC/bin/../lib/gcc/powerpc-eabi/13.2.0/../../../../powerpc-eabi/lib\libm.a(libm_a-sf_atan.o)
                0x8002b38c                atanf
 .text.atan2    0x8002b61c        0x4 C:/devkitPro/devkitPPC/bin/../lib/gcc/powerpc-eabi/13.2.0/../../../../powerpc-eabi/lib\libm.a(libm_a-w_atan2.o)
                0x8002b61c                atan2
 .text.fabsf    0x8002b620       0x20 C:/devkitPro/devkitPPC/bin/../lib/gcc/powerpc-eabi/13.2.0/../../../../powerpc-eabi/lib\libm.a(libm_a-sf_fabs.o)
                0x8002b620                fabsf
 .text.cosf     0x8002b640       0xe0 C:/devkitPro/devkitPPC/bin/../lib/gcc/powerpc-eabi/13.2.0/../../../../powerpc-eabi/lib\libm.a(libm_a-sf_cos.o)
                0x8002b640                cosf